SLF4J(W): No SLF4J providers were found.
SLF4J(W): Defaulting to no-operation (NOP) logger implementation
SLF4J(W): See https://www.slf4j.org/codes.html#noProviders for further details.
OBSERVER_READY
{"window":{"elapsedMs":1092,"records":211,"rate":193.1907655008197}}
{"window":{"elapsedMs":2139,"records":2143,"rate":1844.9733012452496}}
{"window":{"elapsedMs":3163,"records":4673,"rate":2469.177971156314}}
{"window":{"elapsedMs":4202,"records":7084,"rate":2322.0964095962017}}
{"window":{"elapsedMs":5238,"records":9988,"rate":2803.3679655014757}}
{"window":{"elapsedMs":6293,"records":13056,"rate":2907.4892695024}}
{"window":{"elapsedMs":7326,"records":15882,"rate":2734.8046331294954}}
{"window":{"elapsedMs":8334,"records":18581,"rate":2678.725838478505}}
{"window":{"elapsedMs":9359,"records":21477,"rate":2824.468336821934}}
{"window":{"elapsedMs":10370,"records":24488,"rate":2978.7768314089794}}
{"window":{"elapsedMs":11463,"records":27371,"rate":2637.2360780163367}}
{"window":{"elapsedMs":12497,"records":30692,"rate":3213.7212974843214}}
{"window":{"elapsedMs":13559,"records":33476,"rate":2620.5095708309113}}
{"window":{"elapsedMs":14627,"records":36473,"rate":2807.2122195713014}}
{"window":{"elapsedMs":15704,"records":39585,"rate":2886.8638305979102}}
{"window":{"elapsedMs":16788,"records":42882,"rate":3042.8194692477095}}
{"window":{"elapsedMs":17788,"records":45670,"rate":2787.50196538635}}
{"window":{"elapsedMs":18804,"records":48394,"rate":2682.0109937402885}}
{"window":{"elapsedMs":19848,"records":50984,"rate":2480.7236066555874}}
{"window":{"elapsedMs":20931,"records":54179,"rate":2950.4424923588413}}
{"window":{"elapsedMs":21994,"records":57300,"rate":2936.058182471762}}
{"window":{"elapsedMs":22994,"records":59976,"rate":2674.714909149465}}
{"window":{"elapsedMs":24066,"records":63275,"rate":3079.15727846484}}
{"window":{"elapsedMs":25145,"records":66404,"rate":2898.2344789178924}}
{"window":{"elapsedMs":26204,"records":69479,"rate":2903.656899209613}}
{"window":{"elapsedMs":27257,"records":72583,"rate":2947.5330326959793}}
{"window":{"elapsedMs":28286,"records":75781,"rate":3107.786647099829}}
{"window":{"elapsedMs":29310,"records":78573,"rate":2728.462186468301}}
{"window":{"elapsedMs":30349,"records":81577,"rate":2889.9554926170367}}
{"window":{"elapsedMs":31389,"records":84678,"rate":2980.9428974241064}}
{"window":{"elapsedMs":32476,"records":87179,"rate":2302.787471659808}}
{"window":{"elapsedMs":33559,"records":89987,"rate":2590.9398049704755}}
{"window":{"elapsedMs":34656,"records":93087,"rate":2825.5610276747752}}
{"window":{"elapsedMs":35702,"records":96476,"rate":3241.7401696814422}}
{"window":{"elapsedMs":36780,"records":98875,"rate":2224.398609426899}}
{"window":{"elapsedMs":37863,"records":102086,"rate":2966.0269371776835}}
{"window":{"elapsedMs":38885,"records":105287,"rate":3130.9703654476534}}
{"window":{"elapsedMs":39952,"records":107992,"rate":2535.123486900652}}
{"window":{"elapsedMs":40981,"records":110985,"rate":2908.6544711549845}}
{"window":{"elapsedMs":42015,"records":114094,"rate":3007.1092395600876}}
{"window":{"elapsedMs":43081,"records":117489,"rate":3185.8407910081405}}
{"window":{"elapsedMs":44178,"records":120488,"rate":2732.699357591586}}
{"window":{"elapsedMs":45213,"records":123776,"rate":3177.494804706603}}
{"window":{"elapsedMs":46310,"records":126875,"rate":2824.7572631803564}}
{"window":{"elapsedMs":47347,"records":129787,"rate":2809.808661090655}}
{"window":{"elapsedMs":48384,"records":132675,"rate":2784.811478513094}}
{"window":{"elapsedMs":49465,"records":135979,"rate":3055.841125532435}}
{"window":{"elapsedMs":50525,"records":139189,"rate":3028.55069366043}}
{"window":{"elapsedMs":51620,"records":142180,"rate":2731.6387512943706}}
{"window":{"elapsedMs":52650,"records":145298,"rate":3027.2355293107635}}
{"window":{"elapsedMs":53666,"records":148477,"rate":3127.120292566253}}
{"window":{"elapsedMs":54697,"records":151083,"rate":2529.306779691131}}
{"window":{"elapsedMs":55738,"records":154099,"rate":2895.757528666893}}
{"window":{"elapsedMs":56750,"records":156992,"rate":2860.1111047677214}}
{"window":{"elapsedMs":57766,"records":159781,"rate":2742.8327515815226}}
{"window":{"elapsedMs":58810,"records":162787,"rate":2880.064957709384}}
{"window":{"elapsedMs":59827,"records":165973,"rate":3132.105983883763}}
{"window":{"elapsedMs":60884,"records":169853,"rate":3671.4197595480273}}
{"window":{"elapsedMs":61923,"records":175187,"rate":5132.069527761625}}
{"window":{"elapsedMs":62969,"records":181884,"rate":6405.122053206414}}
{"window":{"elapsedMs":63992,"records":188971,"rate":6930.385410956467}}
{"window":{"elapsedMs":65041,"records":196382,"rate":7061.593807229782}}
{"window":{"elapsedMs":66107,"records":203490,"rate":6668.135338797614}}
{"window":{"elapsedMs":67154,"records":209966,"rate":6187.235530553536}}
{"window":{"elapsedMs":68187,"records":216684,"rate":6502.868835254813}}
{"window":{"elapsedMs":69280,"records":223300,"rate":6049.982766602143}}
{"window":{"elapsedMs":70330,"records":229883,"rate":6269.910203189931}}
{"window":{"elapsedMs":71358,"records":236589,"rate":6527.725105312546}}
{"window":{"elapsedMs":72394,"records":243376,"rate":6551.2489373079325}}
{"window":{"elapsedMs":73442,"records":243771,"rate":376.6067460830374}}
{"mark":{"records":244104,"elapsedMs":74076}}
{"finish":{"records":244104,"expected":244104,"elapsedMs":74077}}
{"result":{"startedEpochMs":1790914000828,"expected":244104,"offeredExpected":315001,"records":244104,"unique":244104,"duplicates":0,"identityChecks":true,"outputBytes":551504557,"elapsedMs":74142,"activeMs":73868,"durableRate":3304.5528109541387,"finishReceived":true,"finishError":null,"finishElapsedMs":74077,"drainAfterFinishMs":0,"drainAfterMarkMs":0,"pass":true,"windows":[{"elapsedMs":1092,"records":211,"rate":193.1907655008197},{"elapsedMs":2139,"records":2143,"rate":1844.9733012452496},{"elapsedMs":3163,"records":4673,"rate":2469.177971156314},{"elapsedMs":4202,"records":7084,"rate":2322.0964095962017},{"elapsedMs":5238,"records":9988,"rate":2803.3679655014757},{"elapsedMs":6293,"records":13056,"rate":2907.4892695024},{"elapsedMs":7326,"records":15882,"rate":2734.8046331294954},{"elapsedMs":8334,"records":18581,"rate":2678.725838478505},{"elapsedMs":9359,"records":21477,"rate":2824.468336821934},{"elapsedMs":10370,"records":24488,"rate":2978.7768314089794},{"elapsedMs":11463,"records":27371,"rate":2637.2360780163367},{"elapsedMs":12497,"records":30692,"rate":3213.7212974843214},{"elapsedMs":13559,"records":33476,"rate":2620.5095708309113},{"elapsedMs":14627,"records":36473,"rate":2807.2122195713014},{"elapsedMs":15704,"records":39585,"rate":2886.8638305979102},{"elapsedMs":16788,"records":42882,"rate":3042.8194692477095},{"elapsedMs":17788,"records":45670,"rate":2787.50196538635},{"elapsedMs":18804,"records":48394,"rate":2682.0109937402885},{"elapsedMs":19848,"records":50984,"rate":2480.7236066555874},{"elapsedMs":20931,"records":54179,"rate":2950.4424923588413},{"elapsedMs":21994,"records":57300,"rate":2936.058182471762},{"elapsedMs":22994,"records":59976,"rate":2674.714909149465},{"elapsedMs":24066,"records":63275,"rate":3079.15727846484},{"elapsedMs":25145,"records":66404,"rate":2898.2344789178924},{"elapsedMs":26204,"records":69479,"rate":2903.656899209613},{"elapsedMs":27257,"records":72583,"rate":2947.5330326959793},{"elapsedMs":28286,"records":75781,"rate":3107.786647099829},{"elapsedMs":29310,"records":78573,"rate":2728.462186468301},{"elapsedMs":30349,"records":81577,"rate":2889.9554926170367},{"elapsedMs":31389,"records":84678,"rate":2980.9428974241064},{"elapsedMs":32476,"records":87179,"rate":2302.787471659808},{"elapsedMs":33559,"records":89987,"rate":2590.9398049704755},{"elapsedMs":34656,"records":93087,"rate":2825.5610276747752},{"elapsedMs":35702,"records":96476,"rate":3241.7401696814422},{"elapsedMs":36780,"records":98875,"rate":2224.398609426899},{"elapsedMs":37863,"records":102086,"rate":2966.0269371776835},{"elapsedMs":38885,"records":105287,"rate":3130.9703654476534},{"elapsedMs":39952,"records":107992,"rate":2535.123486900652},{"elapsedMs":40981,"records":110985,"rate":2908.6544711549845},{"elapsedMs":42015,"records":114094,"rate":3007.1092395600876},{"elapsedMs":43081,"records":117489,"rate":3185.8407910081405},{"elapsedMs":44178,"records":120488,"rate":2732.699357591586},{"elapsedMs":45213,"records":123776,"rate":3177.494804706603},{"elapsedMs":46310,"records":126875,"rate":2824.7572631803564},{"elapsedMs":47347,"records":129787,"rate":2809.808661090655},{"elapsedMs":48384,"records":132675,"rate":2784.811478513094},{"elapsedMs":49465,"records":135979,"rate":3055.841125532435},{"elapsedMs":50525,"records":139189,"rate":3028.55069366043},{"elapsedMs":51620,"records":142180,"rate":2731.6387512943706},{"elapsedMs":52650,"records":145298,"rate":3027.2355293107635},{"elapsedMs":53666,"records":148477,"rate":3127.120292566253},{"elapsedMs":54697,"records":151083,"rate":2529.306779691131},{"elapsedMs":55738,"records":154099,"rate":2895.757528666893},{"elapsedMs":56750,"records":156992,"rate":2860.1111047677214},{"elapsedMs":57766,"records":159781,"rate":2742.8327515815226},{"elapsedMs":58810,"records":162787,"rate":2880.064957709384},{"elapsedMs":59827,"records":165973,"rate":3132.105983883763},{"elapsedMs":60884,"records":169853,"rate":3671.4197595480273},{"elapsedMs":61923,"records":175187,"rate":5132.069527761625},{"elapsedMs":62969,"records":181884,"rate":6405.122053206414},{"elapsedMs":63992,"records":188971,"rate":6930.385410956467},{"elapsedMs":65041,"records":196382,"rate":7061.593807229782},{"elapsedMs":66107,"records":203490,"rate":6668.135338797614},{"elapsedMs":67154,"records":209966,"rate":6187.235530553536},{"elapsedMs":68187,"records":216684,"rate":6502.868835254813},{"elapsedMs":69280,"records":223300,"rate":6049.982766602143},{"elapsedMs":70330,"records":229883,"rate":6269.910203189931},{"elapsedMs":71358,"records":236589,"rate":6527.725105312546},{"elapsedMs":72394,"records":243376,"rate":6551.2489373079325},{"elapsedMs":73442,"records":243771,"rate":376.6067460830374}]}}
