SLF4J(W): No SLF4J providers were found.
SLF4J(W): Defaulting to no-operation (NOP) logger implementation
SLF4J(W): See https://www.slf4j.org/codes.html#noProviders for further details.
OBSERVER_READY
{"window":{"elapsedMs":1044,"records":1,"rate":0.9570499121742093}}
{"window":{"elapsedMs":2067,"records":577,"rate":563.1890678744269}}
{"window":{"elapsedMs":3087,"records":1497,"rate":902.4970471743554}}
{"window":{"elapsedMs":4122,"records":3410,"rate":1846.6997825598369}}
{"window":{"elapsedMs":5145,"records":4846,"rate":1404.2916217893546}}
{"window":{"elapsedMs":6167,"records":8491,"rate":3565.442495315339}}
{"window":{"elapsedMs":7194,"records":12105,"rate":3520.832607742081}}
{"window":{"elapsedMs":8210,"records":15962,"rate":3793.7568069139706}}
{"window":{"elapsedMs":9305,"records":20197,"rate":3868.26745347318}}
{"window":{"elapsedMs":10347,"records":24490,"rate":4121.009657810278}}
{"window":{"elapsedMs":11445,"records":29451,"rate":4518.252139815661}}
{"window":{"elapsedMs":12457,"records":32762,"rate":3272.505921903885}}
{"window":{"elapsedMs":13487,"records":37421,"rate":4523.830948649593}}
{"window":{"elapsedMs":14495,"records":41375,"rate":3921.368815650299}}
{"window":{"elapsedMs":15516,"records":46394,"rate":4916.526880423052}}
{"window":{"elapsedMs":16616,"records":50104,"rate":3371.860293877856}}
{"window":{"elapsedMs":17627,"records":54992,"rate":4834.190222560698}}
{"window":{"elapsedMs":18710,"records":58998,"rate":3700.989572827728}}
{"window":{"elapsedMs":19732,"records":63693,"rate":4591.916448770614}}
{"window":{"elapsedMs":20807,"records":68304,"rate":4289.528106389622}}
{"window":{"elapsedMs":21819,"records":73119,"rate":4757.344942169246}}
{"window":{"elapsedMs":22897,"records":76964,"rate":3567.318855094982}}
{"window":{"elapsedMs":23930,"records":80560,"rate":3481.683561347347}}
{"window":{"elapsedMs":24967,"records":85738,"rate":4990.550554443372}}
{"window":{"elapsedMs":26047,"records":89666,"rate":3638.6488776309634}}
{"window":{"elapsedMs":27063,"records":94186,"rate":4447.930182800159}}
{"window":{"elapsedMs":28154,"records":97662,"rate":3186.656015449231}}
{"window":{"elapsedMs":29244,"records":101874,"rate":3863.0487157352327}}
{"window":{"elapsedMs":30342,"records":105828,"rate":3600.8928432929565}}
{"window":{"elapsedMs":31366,"records":110192,"rate":4262.743673431981}}
{"window":{"elapsedMs":32386,"records":114310,"rate":4036.3696350836326}}
{"window":{"elapsedMs":33388,"records":118396,"rate":4080.1584004965835}}
{"window":{"elapsedMs":34409,"records":122541,"rate":4058.2811270223633}}
{"window":{"elapsedMs":35502,"records":127149,"rate":4216.820174203321}}
{"window":{"elapsedMs":36518,"records":131200,"rate":3985.528229219989}}
{"window":{"elapsedMs":37550,"records":135797,"rate":4455.240195804677}}
{"window":{"elapsedMs":38627,"records":139593,"rate":3524.6229757181936}}
{"window":{"elapsedMs":39669,"records":143320,"rate":3578.372017663113}}
{"window":{"elapsedMs":40698,"records":147407,"rate":3971.184374918687}}
{"window":{"elapsedMs":41781,"records":152711,"rate":4896.334644134306}}
{"window":{"elapsedMs":42821,"records":155450,"rate":2633.796932237184}}
{"window":{"elapsedMs":43847,"records":160277,"rate":4702.382357930169}}
{"window":{"elapsedMs":44852,"records":164162,"rate":3867.378772047512}}
{"window":{"elapsedMs":45852,"records":168579,"rate":4416.298356182363}}
{"window":{"elapsedMs":46957,"records":172534,"rate":3578.6940571735963}}
{"window":{"elapsedMs":47961,"records":175004,"rate":2460.785585912764}}
{"window":{"elapsedMs":48983,"records":177694,"rate":2631.414086264026}}
{"window":{"elapsedMs":50039,"records":181408,"rate":3518.127238692634}}
{"window":{"elapsedMs":51090,"records":184994,"rate":3413.0602345045922}}
{"window":{"elapsedMs":52171,"records":186671,"rate":1550.926776826545}}
{"window":{"elapsedMs":53239,"records":190895,"rate":3954.8355421665647}}
{"window":{"elapsedMs":54332,"records":194740,"rate":3516.591118674169}}
{"window":{"elapsedMs":55408,"records":198912,"rate":3879.1348534760295}}
{"window":{"elapsedMs":56419,"records":200094,"rate":1169.023546379303}}
{"window":{"elapsedMs":57459,"records":204001,"rate":3755.7063714279134}}
{"window":{"elapsedMs":58493,"records":205983,"rate":1917.278817743429}}
{"window":{"elapsedMs":59548,"records":208893,"rate":2759.72471034745}}
{"window":{"elapsedMs":60627,"records":212191,"rate":3054.8614141509806}}
{"window":{"elapsedMs":61648,"records":216614,"rate":4332.203334462135}}
{"window":{"elapsedMs":62655,"records":220082,"rate":3442.538551116088}}
{"window":{"elapsedMs":63729,"records":224634,"rate":4239.377362944727}}
{"window":{"elapsedMs":64776,"records":229903,"rate":5031.383077677243}}
{"window":{"elapsedMs":65824,"records":234144,"rate":4047.3126477693795}}
{"window":{"elapsedMs":66873,"records":238261,"rate":3925.1867490542486}}
{"window":{"elapsedMs":67967,"records":243625,"rate":4905.099717138335}}
{"window":{"elapsedMs":69059,"records":248162,"rate":4153.284925139085}}
{"window":{"elapsedMs":70081,"records":251573,"rate":3338.0605921196516}}
{"window":{"elapsedMs":71097,"records":255737,"rate":4097.948076305273}}
{"window":{"elapsedMs":72174,"records":259912,"rate":3876.853338792339}}
{"window":{"elapsedMs":73203,"records":264469,"rate":4426.277094294027}}
{"window":{"elapsedMs":74294,"records":269350,"rate":4474.95353242999}}
{"window":{"elapsedMs":75338,"records":273946,"rate":4402.741477911914}}
{"window":{"elapsedMs":76344,"records":278660,"rate":4685.02196321699}}
{"window":{"elapsedMs":77384,"records":282428,"rate":3625.6149999959875}}
{"window":{"elapsedMs":78481,"records":286234,"rate":3467.46818885374}}
{"window":{"elapsedMs":79484,"records":290277,"rate":4032.7162348529614}}
{"window":{"elapsedMs":80542,"records":295182,"rate":4635.786910963306}}
{"window":{"elapsedMs":81626,"records":299052,"rate":3568.526834832163}}
{"window":{"elapsedMs":82661,"records":304175,"rate":4951.637043005921}}
{"window":{"elapsedMs":83682,"records":308057,"rate":3801.7980589229574}}
{"window":{"elapsedMs":84684,"records":312322,"rate":4256.919834040013}}
{"window":{"elapsedMs":85728,"records":316538,"rate":4037.8223393166436}}
{"window":{"elapsedMs":86768,"records":321275,"rate":4554.463182202291}}
{"window":{"elapsedMs":87829,"records":325422,"rate":3907.4483425082317}}
{"window":{"elapsedMs":88841,"records":330057,"rate":4580.706412270592}}
{"window":{"elapsedMs":89900,"records":334079,"rate":3799.8187390096123}}
{"window":{"elapsedMs":90923,"records":337884,"rate":3716.9976025228702}}
{"window":{"elapsedMs":91938,"records":341865,"rate":3923.5097880299345}}
{"window":{"elapsedMs":92982,"records":345609,"rate":3587.364171986793}}
{"window":{"elapsedMs":94003,"records":351000,"rate":5278.386712122907}}
{"window":{"elapsedMs":95067,"records":354876,"rate":3642.5013930288915}}
{"window":{"elapsedMs":96141,"records":359448,"rate":4257.982649013139}}
{"window":{"elapsedMs":97150,"records":363621,"rate":4135.75596661217}}
{"window":{"elapsedMs":98181,"records":368431,"rate":4664.29123138587}}
{"window":{"elapsedMs":99185,"records":372467,"rate":4021.6914892819223}}
{"window":{"elapsedMs":100282,"records":378036,"rate":5073.534861341249}}
{"window":{"elapsedMs":101320,"records":381947,"rate":3770.134573107561}}
{"window":{"elapsedMs":102386,"records":386644,"rate":4406.453165007785}}
{"window":{"elapsedMs":103389,"records":391212,"rate":4550.701078687006}}
{"window":{"elapsedMs":104477,"records":395448,"rate":3896.50857405785}}
{"window":{"elapsedMs":105493,"records":398721,"rate":3220.660242021193}}
{"window":{"elapsedMs":106564,"records":402840,"rate":3846.422467909311}}
{"window":{"elapsedMs":107593,"records":407611,"rate":4637.409937168763}}
{"window":{"elapsedMs":108685,"records":411940,"rate":3963.9568946233126}}
{"window":{"elapsedMs":109730,"records":416560,"rate":4421.486495759089}}
{"window":{"elapsedMs":110797,"records":420674,"rate":3854.2532008694525}}
{"window":{"elapsedMs":111812,"records":425493,"rate":4746.099321164498}}
{"window":{"elapsedMs":112831,"records":429226,"rate":3664.669485280168}}
{"window":{"elapsedMs":113886,"records":433610,"rate":4153.454378125043}}
{"window":{"elapsedMs":114888,"records":438322,"rate":4706.123421328676}}
{"window":{"elapsedMs":115936,"records":442831,"rate":4299.24127363767}}
{"window":{"elapsedMs":116950,"records":445790,"rate":2919.7588037279875}}
{"window":{"elapsedMs":117964,"records":450418,"rate":4563.045800495549}}
{"window":{"elapsedMs":119036,"records":454774,"rate":4065.336566190511}}
{"window":{"elapsedMs":120085,"records":458446,"rate":3498.9071660860395}}
{"window":{"elapsedMs":121138,"records":462161,"rate":3527.374535700544}}
{"window":{"elapsedMs":122202,"records":467227,"rate":4761.083170066838}}
{"window":{"elapsedMs":123242,"records":471215,"rate":3837.051820284443}}
{"window":{"elapsedMs":124328,"records":476557,"rate":4916.284387592834}}
{"window":{"elapsedMs":125369,"records":481464,"rate":4712.802112957311}}
{"window":{"elapsedMs":126428,"records":485943,"rate":4230.046597264009}}
{"window":{"elapsedMs":127435,"records":489329,"rate":3363.778318675848}}
{"window":{"elapsedMs":128469,"records":493924,"rate":4441.603304770927}}
{"window":{"elapsedMs":129562,"records":498513,"rate":4200.210170682162}}
{"window":{"elapsedMs":130576,"records":503202,"rate":4624.85042938802}}
{"window":{"elapsedMs":131587,"records":506851,"rate":3608.3516159448454}}
{"window":{"elapsedMs":132597,"records":511300,"rate":4407.6860228245005}}
{"window":{"elapsedMs":133629,"records":515445,"rate":4015.9394214886474}}
{"window":{"elapsedMs":134678,"records":519084,"rate":3467.646534321181}}
{"window":{"elapsedMs":135738,"records":524158,"rate":4789.070455516193}}
{"window":{"elapsedMs":136761,"records":528986,"rate":4716.706747829896}}
{"window":{"elapsedMs":137783,"records":533089,"rate":4017.3986082491633}}
{"window":{"elapsedMs":138807,"records":538214,"rate":5001.372327772864}}
{"window":{"elapsedMs":139856,"records":541922,"rate":3537.141752681383}}
{"window":{"elapsedMs":140870,"records":546944,"rate":4952.2402674722525}}
{"window":{"elapsedMs":141872,"records":551434,"rate":4480.591877205837}}
{"window":{"elapsedMs":142893,"records":555033,"rate":3522.5612969734393}}
{"window":{"elapsedMs":143903,"records":559378,"rate":4304.9108747861565}}
{"window":{"elapsedMs":144928,"records":564024,"rate":4530.183958026346}}
{"window":{"elapsedMs":145990,"records":568945,"rate":4636.271861888444}}
{"window":{"elapsedMs":147062,"records":572342,"rate":3168.0821666180623}}
{"window":{"elapsedMs":148065,"records":576530,"rate":4174.223842446564}}
{"window":{"elapsedMs":149075,"records":581633,"rate":5051.651853280845}}
{"window":{"elapsedMs":150098,"records":585902,"rate":4173.097181494758}}
{"window":{"elapsedMs":151139,"records":590250,"rate":4176.9321723547155}}
{"window":{"elapsedMs":152186,"records":594732,"rate":4281.2953690921595}}
{"window":{"elapsedMs":153280,"records":599172,"rate":4057.6453703065517}}
{"window":{"elapsedMs":154347,"records":603235,"rate":3810.6579129117213}}
{"window":{"elapsedMs":155373,"records":607351,"rate":4011.155088569179}}
{"window":{"elapsedMs":156448,"records":612253,"rate":4560.820417347167}}
{"window":{"elapsedMs":157520,"records":616598,"rate":4050.441746070916}}
{"window":{"elapsedMs":158585,"records":622005,"rate":5078.3157483212}}
{"window":{"elapsedMs":159627,"records":626593,"rate":4401.633545984392}}
{"window":{"elapsedMs":160647,"records":629739,"rate":3085.325403690066}}
{"window":{"elapsedMs":161712,"records":634085,"rate":4079.307933713653}}
{"window":{"elapsedMs":162723,"records":638667,"rate":4536.376711311606}}
{"window":{"elapsedMs":163768,"records":642651,"rate":3809.633395679329}}
{"window":{"elapsedMs":164855,"records":647588,"rate":4544.746003760974}}
{"window":{"elapsedMs":165860,"records":652295,"rate":4682.37518754656}}
{"window":{"elapsedMs":166885,"records":655767,"rate":3385.8828891547946}}
{"window":{"elapsedMs":167899,"records":659382,"rate":3566.8694061423516}}
{"window":{"elapsedMs":168918,"records":663488,"rate":4030.232301745742}}
{"window":{"elapsedMs":169961,"records":667976,"rate":4300.386842601573}}
{"window":{"elapsedMs":170983,"records":672200,"rate":4134.178089334337}}
{"window":{"elapsedMs":172003,"records":676172,"rate":3894.0637180940375}}
{"window":{"elapsedMs":173005,"records":680718,"rate":4537.742067240548}}
{"window":{"elapsedMs":174086,"records":684889,"rate":3858.1376637408403}}
{"window":{"elapsedMs":175113,"records":689890,"rate":4867.176770279734}}
{"window":{"elapsedMs":176171,"records":694391,"rate":4255.885802365625}}
{"window":{"elapsedMs":177222,"records":698620,"rate":4023.672813263128}}
{"window":{"elapsedMs":178273,"records":702868,"rate":4042.8302384309955}}
{"window":{"elapsedMs":179354,"records":707836,"rate":4594.803366735621}}
{"window":{"elapsedMs":180371,"records":712232,"rate":4323.698567763834}}
{"window":{"elapsedMs":181405,"records":715691,"rate":3344.9397844259124}}
{"window":{"elapsedMs":182433,"records":720498,"rate":4673.191339407713}}
{"window":{"elapsedMs":183507,"records":725474,"rate":4634.845978842744}}
{"window":{"elapsedMs":184563,"records":729858,"rate":4150.07054968472}}
{"window":{"elapsedMs":185575,"records":734416,"rate":4505.6291930419}}
{"window":{"elapsedMs":186635,"records":738687,"rate":4029.8328060298836}}
{"window":{"elapsedMs":187652,"records":742888,"rate":4129.04164289859}}
{"window":{"elapsedMs":188665,"records":747820,"rate":4871.495013786316}}
{"window":{"elapsedMs":189689,"records":751999,"rate":4078.172287897104}}
{"window":{"elapsedMs":190702,"records":756712,"rate":4654.033778313571}}
{"window":{"elapsedMs":191815,"records":761807,"rate":4577.9524986419365}}
{"window":{"elapsedMs":192895,"records":765430,"rate":3353.428887840937}}
{"window":{"elapsedMs":193928,"records":769961,"rate":4386.846398045284}}
{"window":{"elapsedMs":194932,"records":773624,"rate":3650.2408859531442}}
{"window":{"elapsedMs":196021,"records":779078,"rate":5007.673566525897}}
{"window":{"elapsedMs":197105,"records":783278,"rate":3872.9678781908965}}
{"window":{"elapsedMs":198168,"records":788154,"rate":4587.181135299992}}
{"window":{"elapsedMs":199221,"records":792690,"rate":4309.968888105713}}
{"window":{"elapsedMs":200300,"records":797090,"rate":4077.3786044407957}}
{"mark":{"records":800016,"elapsedMs":201012}}
{"finish":{"records":800016,"expected":800374,"elapsedMs":201018}}
{"window":{"elapsedMs":201324,"records":800366,"rate":3199.6097179355047}}
{"result":{"startedEpochMs":1790918397776,"expected":800374,"offeredExpected":1575001,"records":800374,"unique":800374,"duplicates":0,"identityChecks":true,"outputBytes":1804634719,"elapsedMs":201825,"activeMs":201663,"durableRate":3968.852720468544,"finishReceived":true,"finishError":null,"finishElapsedMs":201018,"drainAfterFinishMs":806,"drainAfterMarkMs":813,"pass":true,"windows":[{"elapsedMs":1044,"records":1,"rate":0.9570499121742093},{"elapsedMs":2067,"records":577,"rate":563.1890678744269},{"elapsedMs":3087,"records":1497,"rate":902.4970471743554},{"elapsedMs":4122,"records":3410,"rate":1846.6997825598369},{"elapsedMs":5145,"records":4846,"rate":1404.2916217893546},{"elapsedMs":6167,"records":8491,"rate":3565.442495315339},{"elapsedMs":7194,"records":12105,"rate":3520.832607742081},{"elapsedMs":8210,"records":15962,"rate":3793.7568069139706},{"elapsedMs":9305,"records":20197,"rate":3868.26745347318},{"elapsedMs":10347,"records":24490,"rate":4121.009657810278},{"elapsedMs":11445,"records":29451,"rate":4518.252139815661},{"elapsedMs":12457,"records":32762,"rate":3272.505921903885},{"elapsedMs":13487,"records":37421,"rate":4523.830948649593},{"elapsedMs":14495,"records":41375,"rate":3921.368815650299},{"elapsedMs":15516,"records":46394,"rate":4916.526880423052},{"elapsedMs":16616,"records":50104,"rate":3371.860293877856},{"elapsedMs":17627,"records":54992,"rate":4834.190222560698},{"elapsedMs":18710,"records":58998,"rate":3700.989572827728},{"elapsedMs":19732,"records":63693,"rate":4591.916448770614},{"elapsedMs":20807,"records":68304,"rate":4289.528106389622},{"elapsedMs":21819,"records":73119,"rate":4757.344942169246},{"elapsedMs":22897,"records":76964,"rate":3567.318855094982},{"elapsedMs":23930,"records":80560,"rate":3481.683561347347},{"elapsedMs":24967,"records":85738,"rate":4990.550554443372},{"elapsedMs":26047,"records":89666,"rate":3638.6488776309634},{"elapsedMs":27063,"records":94186,"rate":4447.930182800159},{"elapsedMs":28154,"records":97662,"rate":3186.656015449231},{"elapsedMs":29244,"records":101874,"rate":3863.0487157352327},{"elapsedMs":30342,"records":105828,"rate":3600.8928432929565},{"elapsedMs":31366,"records":110192,"rate":4262.743673431981},{"elapsedMs":32386,"records":114310,"rate":4036.3696350836326},{"elapsedMs":33388,"records":118396,"rate":4080.1584004965835},{"elapsedMs":34409,"records":122541,"rate":4058.2811270223633},{"elapsedMs":35502,"records":127149,"rate":4216.820174203321},{"elapsedMs":36518,"records":131200,"rate":3985.528229219989},{"elapsedMs":37550,"records":135797,"rate":4455.240195804677},{"elapsedMs":38627,"records":139593,"rate":3524.6229757181936},{"elapsedMs":39669,"records":143320,"rate":3578.372017663113},{"elapsedMs":40698,"records":147407,"rate":3971.184374918687},{"elapsedMs":41781,"records":152711,"rate":4896.334644134306},{"elapsedMs":42821,"records":155450,"rate":2633.796932237184},{"elapsedMs":43847,"records":160277,"rate":4702.382357930169},{"elapsedMs":44852,"records":164162,"rate":3867.378772047512},{"elapsedMs":45852,"records":168579,"rate":4416.298356182363},{"elapsedMs":46957,"records":172534,"rate":3578.6940571735963},{"elapsedMs":47961,"records":175004,"rate":2460.785585912764},{"elapsedMs":48983,"records":177694,"rate":2631.414086264026},{"elapsedMs":50039,"records":181408,"rate":3518.127238692634},{"elapsedMs":51090,"records":184994,"rate":3413.0602345045922},{"elapsedMs":52171,"records":186671,"rate":1550.926776826545},{"elapsedMs":53239,"records":190895,"rate":3954.8355421665647},{"elapsedMs":54332,"records":194740,"rate":3516.591118674169},{"elapsedMs":55408,"records":198912,"rate":3879.1348534760295},{"elapsedMs":56419,"records":200094,"rate":1169.023546379303},{"elapsedMs":57459,"records":204001,"rate":3755.7063714279134},{"elapsedMs":58493,"records":205983,"rate":1917.278817743429},{"elapsedMs":59548,"records":208893,"rate":2759.72471034745},{"elapsedMs":60627,"records":212191,"rate":3054.8614141509806},{"elapsedMs":61648,"records":216614,"rate":4332.203334462135},{"elapsedMs":62655,"records":220082,"rate":3442.538551116088},{"elapsedMs":63729,"records":224634,"rate":4239.377362944727},{"elapsedMs":64776,"records":229903,"rate":5031.383077677243},{"elapsedMs":65824,"records":234144,"rate":4047.3126477693795},{"elapsedMs":66873,"records":238261,"rate":3925.1867490542486},{"elapsedMs":67967,"records":243625,"rate":4905.099717138335},{"elapsedMs":69059,"records":248162,"rate":4153.284925139085},{"elapsedMs":70081,"records":251573,"rate":3338.0605921196516},{"elapsedMs":71097,"records":255737,"rate":4097.948076305273},{"elapsedMs":72174,"records":259912,"rate":3876.853338792339},{"elapsedMs":73203,"records":264469,"rate":4426.277094294027},{"elapsedMs":74294,"records":269350,"rate":4474.95353242999},{"elapsedMs":75338,"records":273946,"rate":4402.741477911914},{"elapsedMs":76344,"records":278660,"rate":4685.02196321699},{"elapsedMs":77384,"records":282428,"rate":3625.6149999959875},{"elapsedMs":78481,"records":286234,"rate":3467.46818885374},{"elapsedMs":79484,"records":290277,"rate":4032.7162348529614},{"elapsedMs":80542,"records":295182,"rate":4635.786910963306},{"elapsedMs":81626,"records":299052,"rate":3568.526834832163},{"elapsedMs":82661,"records":304175,"rate":4951.637043005921},{"elapsedMs":83682,"records":308057,"rate":3801.7980589229574},{"elapsedMs":84684,"records":312322,"rate":4256.919834040013},{"elapsedMs":85728,"records":316538,"rate":4037.8223393166436},{"elapsedMs":86768,"records":321275,"rate":4554.463182202291},{"elapsedMs":87829,"records":325422,"rate":3907.4483425082317},{"elapsedMs":88841,"records":330057,"rate":4580.706412270592},{"elapsedMs":89900,"records":334079,"rate":3799.8187390096123},{"elapsedMs":90923,"records":337884,"rate":3716.9976025228702},{"elapsedMs":91938,"records":341865,"rate":3923.5097880299345},{"elapsedMs":92982,"records":345609,"rate":3587.364171986793},{"elapsedMs":94003,"records":351000,"rate":5278.386712122907},{"elapsedMs":95067,"records":354876,"rate":3642.5013930288915},{"elapsedMs":96141,"records":359448,"rate":4257.982649013139},{"elapsedMs":97150,"records":363621,"rate":4135.75596661217},{"elapsedMs":98181,"records":368431,"rate":4664.29123138587},{"elapsedMs":99185,"records":372467,"rate":4021.6914892819223},{"elapsedMs":100282,"records":378036,"rate":5073.534861341249},{"elapsedMs":101320,"records":381947,"rate":3770.134573107561},{"elapsedMs":102386,"records":386644,"rate":4406.453165007785},{"elapsedMs":103389,"records":391212,"rate":4550.701078687006},{"elapsedMs":104477,"records":395448,"rate":3896.50857405785},{"elapsedMs":105493,"records":398721,"rate":3220.660242021193},{"elapsedMs":106564,"records":402840,"rate":3846.422467909311},{"elapsedMs":107593,"records":407611,"rate":4637.409937168763},{"elapsedMs":108685,"records":411940,"rate":3963.9568946233126},{"elapsedMs":109730,"records":416560,"rate":4421.486495759089},{"elapsedMs":110797,"records":420674,"rate":3854.2532008694525},{"elapsedMs":111812,"records":425493,"rate":4746.099321164498},{"elapsedMs":112831,"records":429226,"rate":3664.669485280168},{"elapsedMs":113886,"records":433610,"rate":4153.454378125043},{"elapsedMs":114888,"records":438322,"rate":4706.123421328676},{"elapsedMs":115936,"records":442831,"rate":4299.24127363767},{"elapsedMs":116950,"records":445790,"rate":2919.7588037279875},{"elapsedMs":117964,"records":450418,"rate":4563.045800495549},{"elapsedMs":119036,"records":454774,"rate":4065.336566190511},{"elapsedMs":120085,"records":458446,"rate":3498.9071660860395},{"elapsedMs":121138,"records":462161,"rate":3527.374535700544},{"elapsedMs":122202,"records":467227,"rate":4761.083170066838},{"elapsedMs":123242,"records":471215,"rate":3837.051820284443},{"elapsedMs":124328,"records":476557,"rate":4916.284387592834},{"elapsedMs":125369,"records":481464,"rate":4712.802112957311},{"elapsedMs":126428,"records":485943,"rate":4230.046597264009},{"elapsedMs":127435,"records":489329,"rate":3363.778318675848},{"elapsedMs":128469,"records":493924,"rate":4441.603304770927},{"elapsedMs":129562,"records":498513,"rate":4200.210170682162},{"elapsedMs":130576,"records":503202,"rate":4624.85042938802},{"elapsedMs":131587,"records":506851,"rate":3608.3516159448454},{"elapsedMs":132597,"records":511300,"rate":4407.6860228245005},{"elapsedMs":133629,"records":515445,"rate":4015.9394214886474},{"elapsedMs":134678,"records":519084,"rate":3467.646534321181},{"elapsedMs":135738,"records":524158,"rate":4789.070455516193},{"elapsedMs":136761,"records":528986,"rate":4716.706747829896},{"elapsedMs":137783,"records":533089,"rate":4017.3986082491633},{"elapsedMs":138807,"records":538214,"rate":5001.372327772864},{"elapsedMs":139856,"records":541922,"rate":3537.141752681383},{"elapsedMs":140870,"records":546944,"rate":4952.2402674722525},{"elapsedMs":141872,"records":551434,"rate":4480.591877205837},{"elapsedMs":142893,"records":555033,"rate":3522.5612969734393},{"elapsedMs":143903,"records":559378,"rate":4304.9108747861565},{"elapsedMs":144928,"records":564024,"rate":4530.183958026346},{"elapsedMs":145990,"records":568945,"rate":4636.271861888444},{"elapsedMs":147062,"records":572342,"rate":3168.0821666180623},{"elapsedMs":148065,"records":576530,"rate":4174.223842446564},{"elapsedMs":149075,"records":581633,"rate":5051.651853280845},{"elapsedMs":150098,"records":585902,"rate":4173.097181494758},{"elapsedMs":151139,"records":590250,"rate":4176.9321723547155},{"elapsedMs":152186,"records":594732,"rate":4281.2953690921595},{"elapsedMs":153280,"records":599172,"rate":4057.6453703065517},{"elapsedMs":154347,"records":603235,"rate":3810.6579129117213},{"elapsedMs":155373,"records":607351,"rate":4011.155088569179},{"elapsedMs":156448,"records":612253,"rate":4560.820417347167},{"elapsedMs":157520,"records":616598,"rate":4050.441746070916},{"elapsedMs":158585,"records":622005,"rate":5078.3157483212},{"elapsedMs":159627,"records":626593,"rate":4401.633545984392},{"elapsedMs":160647,"records":629739,"rate":3085.325403690066},{"elapsedMs":161712,"records":634085,"rate":4079.307933713653},{"elapsedMs":162723,"records":638667,"rate":4536.376711311606},{"elapsedMs":163768,"records":642651,"rate":3809.633395679329},{"elapsedMs":164855,"records":647588,"rate":4544.746003760974},{"elapsedMs":165860,"records":652295,"rate":4682.37518754656},{"elapsedMs":166885,"records":655767,"rate":3385.8828891547946},{"elapsedMs":167899,"records":659382,"rate":3566.8694061423516},{"elapsedMs":168918,"records":663488,"rate":4030.232301745742},{"elapsedMs":169961,"records":667976,"rate":4300.386842601573},{"elapsedMs":170983,"records":672200,"rate":4134.178089334337},{"elapsedMs":172003,"records":676172,"rate":3894.0637180940375},{"elapsedMs":173005,"records":680718,"rate":4537.742067240548},{"elapsedMs":174086,"records":684889,"rate":3858.1376637408403},{"elapsedMs":175113,"records":689890,"rate":4867.176770279734},{"elapsedMs":176171,"records":694391,"rate":4255.885802365625},{"elapsedMs":177222,"records":698620,"rate":4023.672813263128},{"elapsedMs":178273,"records":702868,"rate":4042.8302384309955},{"elapsedMs":179354,"records":707836,"rate":4594.803366735621},{"elapsedMs":180371,"records":712232,"rate":4323.698567763834},{"elapsedMs":181405,"records":715691,"rate":3344.9397844259124},{"elapsedMs":182433,"records":720498,"rate":4673.191339407713},{"elapsedMs":183507,"records":725474,"rate":4634.845978842744},{"elapsedMs":184563,"records":729858,"rate":4150.07054968472},{"elapsedMs":185575,"records":734416,"rate":4505.6291930419},{"elapsedMs":186635,"records":738687,"rate":4029.8328060298836},{"elapsedMs":187652,"records":742888,"rate":4129.04164289859},{"elapsedMs":188665,"records":747820,"rate":4871.495013786316},{"elapsedMs":189689,"records":751999,"rate":4078.172287897104},{"elapsedMs":190702,"records":756712,"rate":4654.033778313571},{"elapsedMs":191815,"records":761807,"rate":4577.9524986419365},{"elapsedMs":192895,"records":765430,"rate":3353.428887840937},{"elapsedMs":193928,"records":769961,"rate":4386.846398045284},{"elapsedMs":194932,"records":773624,"rate":3650.2408859531442},{"elapsedMs":196021,"records":779078,"rate":5007.673566525897},{"elapsedMs":197105,"records":783278,"rate":3872.9678781908965},{"elapsedMs":198168,"records":788154,"rate":4587.181135299992},{"elapsedMs":199221,"records":792690,"rate":4309.968888105713},{"elapsedMs":200300,"records":797090,"rate":4077.3786044407957},{"elapsedMs":201324,"records":800366,"rate":3199.6097179355047}]}}
