[2026-09-27T19:39:03+00:00] remote benchmark starting
profile=materializer-projection
run_id=do-benchmark-20260927T193902Z
stream=REEF_COMMANDS_do_benchmark_20260927T193902Z
subject_prefix=reef.do_benchmark.do_benchmark_20260927T193902Z
durable_prefix=reef-stream-worker-do_benchmark_20260927T193902Z
event_stream=REEF_EVENTS_do_benchmark_20260927T193902Z
event_subject_prefix=reef.do_benchmark.do_benchmark_20260927T193902Z.events.v1
rates=10000 workers=384 repeat_samples=1 duration=300s
drain_backpressure_policy=venue-core
image_mode=source
[2026-09-27T19:39:03Z] stage: make-dev-smoke-venue-event-materializer (log=/tmp/reef-do-benchmark/do-benchmark-20260927T193902Z/logs/stage-make-dev-smoke-venue-event-materializer.log)
[2026-09-27T19:44:31Z] stage complete: make-dev-smoke-venue-event-materializer duration_seconds=328
[2026-09-27T19:44:31Z] stage: reset-after-materializer-smoke (log=/tmp/reef-do-benchmark/do-benchmark-20260927T193902Z/logs/stage-reset-after-materializer-smoke.log)
[2026-09-27T19:44:33Z] stage complete: reset-after-materializer-smoke duration_seconds=2
[2026-09-27T19:44:33Z] stage: make-dev-stress-venue-event-materializer (log=/tmp/reef-do-benchmark/do-benchmark-20260927T193902Z/logs/stage-make-dev-stress-venue-event-materializer.log)
[2026-09-27T19:56:07Z] stage failed: make-dev-stress-venue-event-materializer status=2 duration_seconds=694 log=/tmp/reef-do-benchmark/do-benchmark-20260927T193902Z/logs/stage-make-dev-stress-venue-event-materializer.log
[2026-09-27T19:56:07Z] tail: make-dev-stress-venue-event-materializer last 80 lines
 Container reef-platform-worker-1 Stopped 
 Container reef-platform-worker-0 Stopped 
 Container reef-platform-worker-3 Stopped 
running stepped stress profile against http://127.0.0.1:8080 (mode=strict-lifecycle, profile=capacity-heavy)
step rate=10000 rps workers=384 runId=venue-event-materializer-mixed-lifecycle-stress
go: downloading go1.23.4 (linux/amd64)
go: downloading gopkg.in/yaml.v3 v3.0.1

Reef Load Test Summary
Session: load-1790538517982658619
Window : 2026-09-27T19:48:38Z -> 2026-09-27T19:53:38Z (300.0s)
Mode   : strict-lifecycle | Workers: 384 | Rate: 10000 rps
Mix    : mm=35 inst=30 retail=25 noise=10

Totals
  requests=2999943 success=2999943 failures=0 throughput=9998.69 rps accepted=9998.69 rps
  schedule=precise target=3000000 scheduled=3000002 enqueued=3000002 dropped=0 completed=2999943 completion=100.00%
  schedule-deficit=0 completion-deficit=57
  success-rate=100.00%
  valid-intent-success=100.00% invalid-intent=0.00% system-failure=0.00%
  latency(ms): min=1.19 p50=24.56 p95=73.43 p99=115.26 max=777.67

By Action
  action          req         ok       fail      p50ms      p95ms      p99ms
  submit      2472460    2472460          0      24.57      73.51     115.68
  modify       395537     395537          0      24.50      73.12     113.34
  cancel       131946     131946          0      24.59      72.99     113.04

By Profile
  profile               req         ok       fail      p50ms      p95ms      p99ms
  institutional     1199547    1199547          0      24.57      73.55     115.36
  retail            1200192    1200192          0      24.55      73.41     115.28

Top Actors
  actor                       req         ok       fail      p50ms      p95ms      p99ms
  materializer-mm-01       600204     600204          0      24.57      73.21     114.88
  materializer-retail-01     600134     600134          0      24.57      73.54     115.49
  materializer-inst-01     600116     600116          0      24.56      73.45     115.05
  materializer-retail-02     600058     600058          0      24.53      73.30     115.11
  materializer-inst-02     599431     599431          0      24.59      73.64     115.66

Top Strategies
  strategy                    req         ok       fail      p50ms      p95ms      p99ms
  two_sided_quote          600204     600204          0      24.57      73.21     114.88
  dip_buyer                600134     600134          0      24.57      73.54     115.49
  vwap_slice               600116     600116          0      24.56      73.45     115.05
  passive_limit            600058     600058          0      24.53      73.30     115.11
  tactical_entry           599431     599431          0      24.59      73.64     115.66

Status Codes
  202: 2999943

Trace Checks
  skipped (trace-check-limit=0)

  stream-direct fetchedDelta=2999943 processedDelta=2999943 publishedDelta=2999943 ackedDelta=2999943 failedDelta=0 nackedDelta=0 ackedRps=9998.69 hotPartitions=p13:188233 p5:188136 p3:187964 p10:187881
  venue-event-materializer fetchedDelta=25010 materializedDelta=2797872 materializedBatchesDelta=24683 failedDelta=0 ackFailedDelta=0 materializedRps=9325.20
  projector projectedDelta=1742422 projectedRps=5807.42 afterLag=1261521
  stream-ack-api total=avg=17.26ms,max=468.85ms reserve=avg=0.02ms,max=91.79ms publishAck=avg=16.24ms,max=169.07ms markPublished=n/a workerMarkPublishedBatch=n/a enqueuePublished=n/a asyncFlush=n/a
  stream-ack-publish-pipeline queueWait=avg=0.81ms,max=132.86ms slotWait=avg=0.00ms,max=94.28ms delegateAck=avg=15.41ms,max=169.03ms total=avg=16.22ms,max=169.06ms
  sync-hot-path total=avg=17.34ms,max=469.11ms operation=n/a parse=n/a runtime=n/a engine=n/a persist=n/a serialize=n/a write=n/a
stress run complete. reports:
  /tmp/reef-do-benchmark/do-benchmark-20260927T193902Z/venue-event-materializer-stress-rate-10000-workers-384.json
  /tmp/reef-do-benchmark/do-benchmark-20260927T193902Z/venue-event-materializer-stress-telemetry.ndjson
  /tmp/reef-do-benchmark/do-benchmark-20260927T193902Z/venue-event-materializer-stress-downstream-telemetry.ndjson
  /tmp/reef-do-benchmark/do-benchmark-20260927T193902Z/venue-event-materializer-stress-diagnostics
  /tmp/reef-do-benchmark/do-benchmark-20260927T193902Z/venue-event-materializer-stress-diagnostics-summary.json
recommended settings:
  workers=384 rate=10000 throughput=9998.69 accepted=9998.69 p95=73.43ms p99=115.26ms score=99849.57
  /tmp/reef-do-benchmark/do-benchmark-20260927T193902Z/venue-event-materializer-stress-recommendation.json
kpi summary:
  best-throughput=10000rps/384w throughput=9998.69 success=100.00% valid-intent=100.00%
  /tmp/reef-do-benchmark/do-benchmark-20260927T193902Z/venue-event-materializer-stress-kpi.json
  /tmp/reef-do-benchmark/do-benchmark-20260927T193902Z/venue-event-materializer-stress-kpi.md
venue-event-materializer (durable-canonical completion) guardrail failed
  - /tmp/reef-do-benchmark/do-benchmark-20260927T193902Z/venue-event-materializer-stress-rate-10000-workers-384.json: durable-canonical accepted/materialized gap 202071 > 0
stream-ack projector freshness guardrail failed
  - /tmp/reef-do-benchmark/do-benchmark-20260927T193902Z/venue-event-materializer-stress-rate-10000-workers-384.json: stream-ack projector afterLag 1261521 > 0
  - /tmp/reef-do-benchmark/do-benchmark-20260927T193902Z/venue-event-materializer-stress-rate-10000-workers-384.json: materialized/projected gap 1055450 > 0
make: *** [Makefile:477: dev-stress-venue-event-materializer] Error 1
