SLF4J(W): No SLF4J providers were found.
SLF4J(W): Defaulting to no-operation (NOP) logger implementation
SLF4J(W): See https://www.slf4j.org/codes.html#noProviders for further details.
OBSERVER_READY
{"window":{"elapsedMs":1100,"records":1,"rate":0.9085878132808395}}
{"window":{"elapsedMs":2122,"records":301,"rate":293.5167408823909}}
{"window":{"elapsedMs":3136,"records":1719,"rate":1398.166138079342}}
{"window":{"elapsedMs":4155,"records":2941,"rate":1199.4628428471783}}
{"window":{"elapsedMs":5188,"records":4822,"rate":1820.7129321005757}}
{"window":{"elapsedMs":6261,"records":7254,"rate":2266.5475079019375}}
{"window":{"elapsedMs":7289,"records":10161,"rate":2828.6095636328546}}
{"window":{"elapsedMs":8317,"records":13091,"rate":2850.887049078175}}
{"window":{"elapsedMs":9325,"records":16083,"rate":2966.0685289434577}}
{"window":{"elapsedMs":10336,"records":19066,"rate":2952.5239211275925}}
{"window":{"elapsedMs":11363,"records":23004,"rate":3834.2268123609765}}
{"window":{"elapsedMs":12442,"records":25533,"rate":2343.4746313061123}}
{"window":{"elapsedMs":13493,"records":29353,"rate":3633.7880468298213}}
{"window":{"elapsedMs":14548,"records":31901,"rate":2416.1246912416905}}
{"window":{"elapsedMs":15598,"records":34345,"rate":2326.5780878351998}}
{"window":{"elapsedMs":16623,"records":37285,"rate":2870.5255064893604}}
{"window":{"elapsedMs":17659,"records":39383,"rate":2023.5949414721508}}
{"window":{"elapsedMs":18701,"records":42530,"rate":3021.4923677525244}}
{"window":{"elapsedMs":19750,"records":45940,"rate":3248.708395236114}}
{"window":{"elapsedMs":20775,"records":49247,"rate":3229.34317412664}}
{"window":{"elapsedMs":21863,"records":53459,"rate":3868.3159244468197}}
{"window":{"elapsedMs":22935,"records":57232,"rate":3519.5099364589933}}
{"window":{"elapsedMs":24002,"records":61118,"rate":3642.3943834930974}}
{"window":{"elapsedMs":25007,"records":64314,"rate":3179.9716170021447}}
{"window":{"elapsedMs":26071,"records":67117,"rate":2634.6795452334436}}
{"window":{"elapsedMs":27153,"records":71148,"rate":3727.2591272866766}}
{"window":{"elapsedMs":28178,"records":75290,"rate":4038.1876174471454}}
{"window":{"elapsedMs":29223,"records":79167,"rate":3712.7108411450554}}
{"window":{"elapsedMs":30261,"records":83209,"rate":3893.2894816528615}}
{"window":{"elapsedMs":31282,"records":86740,"rate":3458.6132378448124}}
{"window":{"elapsedMs":32310,"records":90290,"rate":3453.4410693842733}}
{"window":{"elapsedMs":33396,"records":94642,"rate":4004.745203451243}}
{"window":{"elapsedMs":34410,"records":99062,"rate":4360.651171264393}}
{"window":{"elapsedMs":35411,"records":102745,"rate":3681.1522125165575}}
{"window":{"elapsedMs":36480,"records":106252,"rate":3279.6957654330167}}
{"window":{"elapsedMs":37487,"records":109054,"rate":2780.9512111021186}}
{"window":{"elapsedMs":38527,"records":112520,"rate":3335.174845088249}}
{"window":{"elapsedMs":39570,"records":115428,"rate":2786.302546645459}}
{"window":{"elapsedMs":40623,"records":119199,"rate":3582.451116112645}}
{"window":{"elapsedMs":41692,"records":121688,"rate":2328.0283820724376}}
{"window":{"elapsedMs":42703,"records":124986,"rate":3263.5904677108992}}
{"window":{"elapsedMs":43707,"records":128648,"rate":3646.407204341537}}
{"window":{"elapsedMs":44763,"records":132758,"rate":3892.6754929209737}}
{"window":{"elapsedMs":45867,"records":136202,"rate":3117.849902896176}}
{"window":{"elapsedMs":46901,"records":138653,"rate":2370.8987884907424}}
{"window":{"elapsedMs":47972,"records":140512,"rate":1736.1015176611902}}
{"window":{"elapsedMs":49023,"records":143174,"rate":2531.56531474555}}
{"window":{"elapsedMs":50052,"records":146542,"rate":3273.8215626069687}}
{"window":{"elapsedMs":51065,"records":149278,"rate":2702.7653325718857}}
{"window":{"elapsedMs":52081,"records":151830,"rate":2511.4518761161567}}
{"window":{"elapsedMs":53089,"records":154040,"rate":2190.909056040201}}
{"window":{"elapsedMs":54093,"records":156982,"rate":2930.807612080416}}
{"window":{"elapsedMs":55192,"records":159155,"rate":1976.9311764553854}}
{"window":{"elapsedMs":56209,"records":161645,"rate":2449.411818165901}}
{"window":{"elapsedMs":57242,"records":164489,"rate":2751.7925872602186}}
{"window":{"elapsedMs":58329,"records":167373,"rate":2653.3010044859398}}
{"window":{"elapsedMs":59390,"records":169142,"rate":1668.4629413517864}}
{"window":{"elapsedMs":60393,"records":171823,"rate":2671.291633990672}}
{"window":{"elapsedMs":61410,"records":174080,"rate":2219.1691750750956}}
{"window":{"elapsedMs":62420,"records":177667,"rate":3552.1837118193826}}
{"window":{"elapsedMs":63421,"records":181284,"rate":3613.6814334744718}}
{"window":{"elapsedMs":64505,"records":186053,"rate":4398.516780297707}}
{"window":{"elapsedMs":65531,"records":189214,"rate":3083.046702565925}}
{"window":{"elapsedMs":66628,"records":193611,"rate":4005.87047974129}}
{"window":{"elapsedMs":67708,"records":197630,"rate":3720.6184857336234}}
{"window":{"elapsedMs":68756,"records":201118,"rate":3330.5146688622804}}
{"window":{"elapsedMs":69806,"records":204487,"rate":3206.2274472912127}}
{"window":{"elapsedMs":70902,"records":207029,"rate":2321.0503210338566}}
{"window":{"elapsedMs":71972,"records":209832,"rate":2618.803917638727}}
{"window":{"elapsedMs":72992,"records":213396,"rate":3494.1704569919266}}
{"window":{"elapsedMs":74030,"records":216413,"rate":2906.2283787854963}}
{"window":{"elapsedMs":75039,"records":220490,"rate":4041.2056914283185}}
{"window":{"elapsedMs":76094,"records":224054,"rate":3379.3552657042637}}
{"window":{"elapsedMs":77157,"records":227792,"rate":3514.1806600265677}}
{"window":{"elapsedMs":78227,"records":231644,"rate":3600.379244433534}}
{"window":{"elapsedMs":79258,"records":235792,"rate":4022.1180928255926}}
{"window":{"elapsedMs":80357,"records":239436,"rate":3316.4386660740897}}
{"window":{"elapsedMs":81370,"records":242313,"rate":2841.0774171377107}}
{"window":{"elapsedMs":82415,"records":245652,"rate":3195.162818607397}}
{"window":{"elapsedMs":83445,"records":249001,"rate":3252.5225917922357}}
{"window":{"elapsedMs":84448,"records":252138,"rate":3127.5278877235155}}
{"window":{"elapsedMs":85499,"records":255645,"rate":3337.0445957149395}}
{"window":{"elapsedMs":86523,"records":259080,"rate":3353.921051428453}}
{"window":{"elapsedMs":87577,"records":262271,"rate":3026.454685219311}}
{"window":{"elapsedMs":88609,"records":265438,"rate":3069.9200443056443}}
{"window":{"elapsedMs":89685,"records":269976,"rate":4218.301924809681}}
{"window":{"elapsedMs":90712,"records":273504,"rate":3435.067120466685}}
{"window":{"elapsedMs":91771,"records":277528,"rate":3799.7166555822396}}
{"window":{"elapsedMs":92836,"records":281537,"rate":3762.085103678322}}
{"window":{"elapsedMs":93887,"records":285043,"rate":3337.465898602103}}
{"window":{"elapsedMs":94904,"records":288157,"rate":3062.3911782269683}}
{"window":{"elapsedMs":95912,"records":291832,"rate":3643.425014940422}}
{"window":{"elapsedMs":96949,"records":294739,"rate":2803.4371732891486}}
{"window":{"elapsedMs":97985,"records":297280,"rate":2452.081989863087}}
{"window":{"elapsedMs":99035,"records":300345,"rate":2919.9993970225064}}
{"window":{"elapsedMs":100110,"records":304352,"rate":3727.90857034337}}
{"window":{"elapsedMs":101142,"records":306625,"rate":2202.4094727830925}}
{"window":{"elapsedMs":102168,"records":309567,"rate":2867.3632514066967}}
{"window":{"elapsedMs":103216,"records":313702,"rate":3945.9578710719234}}
{"window":{"elapsedMs":104225,"records":318198,"rate":4453.893262766942}}
{"window":{"elapsedMs":105231,"records":322262,"rate":4040.8194995122103}}
{"window":{"elapsedMs":106304,"records":325471,"rate":2992.3460404089674}}
{"window":{"elapsedMs":107355,"records":328665,"rate":3036.6235645300944}}
{"window":{"elapsedMs":108373,"records":332763,"rate":4027.3439435842115}}
{"window":{"elapsedMs":109455,"records":336100,"rate":3082.582280451121}}
{"window":{"elapsedMs":110496,"records":339035,"rate":2821.8942430743223}}
{"window":{"elapsedMs":111552,"records":341971,"rate":2778.725524666631}}
{"window":{"elapsedMs":112631,"records":344984,"rate":2793.5461155621197}}
{"window":{"elapsedMs":113654,"records":347586,"rate":2542.1293557031963}}
{"window":{"elapsedMs":114688,"records":351469,"rate":3756.423551992075}}
{"window":{"elapsedMs":115692,"records":353730,"rate":2251.0586676146827}}
{"window":{"elapsedMs":116705,"records":356643,"rate":2877.1555559544963}}
{"window":{"elapsedMs":117746,"records":359196,"rate":2452.4862796289103}}
{"window":{"elapsedMs":118762,"records":361802,"rate":2564.521743324171}}
{"window":{"elapsedMs":119862,"records":364167,"rate":2150.0874675128034}}
{"window":{"elapsedMs":120943,"records":367958,"rate":3506.0280001347255}}
{"window":{"elapsedMs":121990,"records":371236,"rate":3132.3396772136766}}
{"window":{"elapsedMs":123066,"records":374261,"rate":2809.3227862372296}}
{"window":{"elapsedMs":124100,"records":377162,"rate":2808.218901865678}}
{"window":{"elapsedMs":125147,"records":380366,"rate":3058.3370139569756}}
{"window":{"elapsedMs":126262,"records":383524,"rate":2832.380878145735}}
{"window":{"elapsedMs":127358,"records":386141,"rate":2388.467088521612}}
{"window":{"elapsedMs":128409,"records":389472,"rate":3169.0967871985044}}
{"window":{"elapsedMs":129413,"records":392839,"rate":3352.1585960451735}}
{"window":{"elapsedMs":130471,"records":396291,"rate":3264.831941645597}}
{"window":{"elapsedMs":131478,"records":398498,"rate":2191.073181071862}}
{"window":{"elapsedMs":132524,"records":401286,"rate":2665.928465847163}}
{"window":{"elapsedMs":133580,"records":403944,"rate":2516.2029483076976}}
{"window":{"elapsedMs":134622,"records":407898,"rate":3796.099192793877}}
{"window":{"elapsedMs":135629,"records":409828,"rate":1916.3217742558056}}
{"window":{"elapsedMs":136693,"records":412391,"rate":2407.7807094488567}}
{"window":{"elapsedMs":137769,"records":415438,"rate":2833.294840848589}}
{"window":{"elapsedMs":138807,"records":417961,"rate":2429.497349478094}}
{"window":{"elapsedMs":139868,"records":421624,"rate":3453.185186340472}}
{"window":{"elapsedMs":140880,"records":424938,"rate":3273.830508884797}}
{"window":{"elapsedMs":141919,"records":427532,"rate":2496.7673480142953}}
{"window":{"elapsedMs":142921,"records":430270,"rate":2734.057486370596}}
{"window":{"elapsedMs":143959,"records":432093,"rate":1755.3480100198308}}
{"window":{"elapsedMs":145046,"records":435423,"rate":3063.505407285758}}
{"window":{"elapsedMs":146052,"records":438174,"rate":2734.6736537184206}}
{"window":{"elapsedMs":147052,"records":440425,"rate":2250.975520641213}}
{"window":{"elapsedMs":148063,"records":442794,"rate":2342.3264622776787}}
{"window":{"elapsedMs":149093,"records":445396,"rate":2528.2067027598455}}
{"window":{"elapsedMs":150136,"records":447386,"rate":1907.918025767039}}
{"window":{"elapsedMs":151210,"records":449432,"rate":1905.249014579555}}
{"window":{"elapsedMs":152293,"records":452675,"rate":2992.9498836697694}}
{"window":{"elapsedMs":153369,"records":456271,"rate":3341.0940152386797}}
{"window":{"elapsedMs":154395,"records":459648,"rate":3293.157712895903}}
{"window":{"elapsedMs":155429,"records":463263,"rate":3495.587102187514}}
{"window":{"elapsedMs":156455,"records":465718,"rate":2392.5727897926167}}
{"window":{"elapsedMs":157537,"records":468999,"rate":3032.0262975837704}}
{"window":{"elapsedMs":158617,"records":471622,"rate":2429.522072466912}}
{"window":{"elapsedMs":159691,"records":474500,"rate":2678.1017928271426}}
{"window":{"elapsedMs":160710,"records":477833,"rate":3272.510506729793}}
{"window":{"elapsedMs":161750,"records":480750,"rate":2806.0572619840377}}
{"window":{"elapsedMs":162785,"records":483397,"rate":2555.332555245672}}
{"window":{"elapsedMs":163882,"records":487066,"rate":3346.349572138699}}
{"window":{"elapsedMs":164884,"records":490316,"rate":3242.5254373651255}}
{"window":{"elapsedMs":165895,"records":492825,"rate":2481.6298954264307}}
{"window":{"elapsedMs":166967,"records":495602,"rate":2589.988681068624}}
{"window":{"elapsedMs":167978,"records":498519,"rate":2886.0614187054166}}
{"window":{"elapsedMs":169021,"records":500354,"rate":1758.8853363718438}}
{"window":{"elapsedMs":170036,"records":502504,"rate":2119.205471387948}}
{"window":{"elapsedMs":171089,"records":504281,"rate":1686.994084643057}}
{"window":{"elapsedMs":172111,"records":507125,"rate":2783.712669829487}}
{"window":{"elapsedMs":173148,"records":509918,"rate":2694.0902898403615}}
{"window":{"elapsedMs":174207,"records":513424,"rate":3310.981660458417}}
{"window":{"elapsedMs":175301,"records":516532,"rate":2839.11682471172}}
{"window":{"elapsedMs":176327,"records":520195,"rate":3569.372531554286}}
{"window":{"elapsedMs":177408,"records":524569,"rate":4049.3149571421254}}
{"window":{"elapsedMs":178417,"records":528244,"rate":3642.1279739709253}}
{"window":{"elapsedMs":179490,"records":532104,"rate":3594.5943250126047}}
{"window":{"elapsedMs":180511,"records":536297,"rate":4109.009950574686}}
{"window":{"elapsedMs":181531,"records":539593,"rate":3229.967484664066}}
{"window":{"elapsedMs":182556,"records":543432,"rate":3748.0097216557615}}
{"window":{"elapsedMs":183600,"records":547481,"rate":3876.215589202451}}
{"window":{"elapsedMs":184627,"records":552158,"rate":4557.030289934344}}
{"window":{"elapsedMs":185701,"records":555372,"rate":2991.633035352969}}
{"window":{"elapsedMs":186711,"records":559909,"rate":4492.691761977385}}
{"window":{"elapsedMs":187732,"records":563746,"rate":3758.8934824661505}}
{"window":{"elapsedMs":188804,"records":568138,"rate":4096.12987856413}}
{"window":{"elapsedMs":189870,"records":572323,"rate":3925.0323510357607}}
{"window":{"elapsedMs":190882,"records":575459,"rate":3099.607250900172}}
{"window":{"elapsedMs":191972,"records":579452,"rate":3663.4272449620007}}
{"window":{"elapsedMs":193038,"records":584015,"rate":4278.3996087343085}}
{"window":{"elapsedMs":194103,"records":588008,"rate":3751.2300920419966}}
{"window":{"elapsedMs":195198,"records":591484,"rate":3172.3010761518503}}
{"window":{"elapsedMs":196201,"records":594680,"rate":3188.3850747093643}}
{"window":{"elapsedMs":197280,"records":599205,"rate":4192.722704821798}}
{"window":{"elapsedMs":198310,"records":603402,"rate":4073.174473634712}}
{"window":{"elapsedMs":199361,"records":606534,"rate":2981.0533699231682}}
{"window":{"elapsedMs":200428,"records":610367,"rate":3590.8766124806602}}
{"window":{"elapsedMs":201457,"records":613994,"rate":3528.0506714920753}}
{"window":{"elapsedMs":202489,"records":617646,"rate":3538.6528205499435}}
{"window":{"elapsedMs":203582,"records":620668,"rate":2764.035029250684}}
{"window":{"elapsedMs":204597,"records":622743,"rate":2044.72662814989}}
{"window":{"elapsedMs":205688,"records":626129,"rate":3101.9627079056722}}
{"window":{"elapsedMs":206737,"records":628441,"rate":2204.8649674128396}}
{"window":{"elapsedMs":207820,"records":630261,"rate":1680.263024237782}}
{"window":{"elapsedMs":208867,"records":632916,"rate":2535.6124815212106}}
{"window":{"elapsedMs":209892,"records":635108,"rate":2139.2225265472293}}
{"window":{"elapsedMs":210961,"records":637331,"rate":2079.6385563865742}}
{"window":{"elapsedMs":212040,"records":641362,"rate":3733.7362510534836}}
{"window":{"elapsedMs":213086,"records":645177,"rate":3650.0168058159115}}
{"window":{"elapsedMs":214185,"records":649716,"rate":4126.567304968686}}
{"window":{"elapsedMs":215209,"records":653268,"rate":3471.0962644697197}}
{"window":{"elapsedMs":216252,"records":655339,"rate":1985.111582614039}}
{"window":{"elapsedMs":217309,"records":658724,"rate":3202.3324196219623}}
{"window":{"elapsedMs":218309,"records":662571,"rate":3845.88693494095}}
{"window":{"elapsedMs":219404,"records":667291,"rate":4313.082743396516}}
{"window":{"elapsedMs":220474,"records":671655,"rate":4076.8591649048194}}
{"window":{"elapsedMs":221532,"records":674912,"rate":3078.2436922495917}}
{"window":{"elapsedMs":222578,"records":679713,"rate":4592.774326958219}}
{"window":{"elapsedMs":223630,"records":683740,"rate":3827.2146131740483}}
{"window":{"elapsedMs":224666,"records":686195,"rate":2369.7391526568213}}
{"window":{"elapsedMs":225673,"records":689015,"rate":2799.421569617448}}
{"window":{"elapsedMs":226724,"records":692179,"rate":3012.0013574873074}}
{"window":{"elapsedMs":227737,"records":693964,"rate":1760.9469317806702}}
{"window":{"elapsedMs":228849,"records":694659,"rate":625.1499156721336}}
{"window":{"elapsedMs":229947,"records":697089,"rate":2213.053026446277}}
{"window":{"elapsedMs":230971,"records":698745,"rate":1616.845327212876}}
{"window":{"elapsedMs":232042,"records":701200,"rate":2293.381757150297}}
{"window":{"elapsedMs":233053,"records":704508,"rate":3271.252247217041}}
{"window":{"elapsedMs":234079,"records":706819,"rate":2251.2874154153765}}
{"window":{"elapsedMs":235145,"records":709656,"rate":2663.232928003144}}
{"window":{"elapsedMs":236201,"records":712730,"rate":2908.920803894894}}
{"window":{"elapsedMs":237228,"records":715555,"rate":2751.3912244155813}}
{"window":{"elapsedMs":238278,"records":717433,"rate":1789.7114457861137}}
{"window":{"elapsedMs":239326,"records":719912,"rate":2364.717630751345}}
{"window":{"elapsedMs":240340,"records":722607,"rate":2656.7410453180196}}
{"window":{"elapsedMs":241356,"records":725456,"rate":2804.877865925186}}
{"window":{"elapsedMs":242443,"records":728805,"rate":3082.1644399556326}}
{"window":{"elapsedMs":243525,"records":732204,"rate":3139.580996618893}}
{"window":{"elapsedMs":244535,"records":736375,"rate":4129.504500586666}}
{"window":{"elapsedMs":245600,"records":739473,"rate":2908.460249624544}}
{"window":{"elapsedMs":246658,"records":742818,"rate":3162.1991937337407}}
{"window":{"elapsedMs":247690,"records":745541,"rate":2639.3271685668205}}
{"window":{"elapsedMs":248732,"records":749693,"rate":3982.860045735032}}
{"window":{"elapsedMs":249736,"records":753176,"rate":3470.979560438776}}
{"window":{"elapsedMs":250780,"records":756364,"rate":3052.255026358649}}
{"window":{"elapsedMs":251864,"records":759396,"rate":2797.8514287518074}}
{"window":{"elapsedMs":252938,"records":763873,"rate":4169.35024546833}}
{"window":{"elapsedMs":253953,"records":767676,"rate":3744.6718970867823}}
{"window":{"elapsedMs":254980,"records":770000,"rate":2262.9078050396142}}
{"window":{"elapsedMs":256070,"records":774685,"rate":4297.704313312548}}
{"window":{"elapsedMs":257136,"records":776621,"rate":1817.3192110971872}}
{"window":{"elapsedMs":258160,"records":780892,"rate":4169.452293102945}}
{"window":{"elapsedMs":259265,"records":784823,"rate":3558.604494741078}}
{"window":{"elapsedMs":260310,"records":788394,"rate":3418.0177820082713}}
{"window":{"elapsedMs":261389,"records":791911,"rate":3258.275669080192}}
{"window":{"elapsedMs":262434,"records":795602,"rate":3532.3464230495924}}
{"window":{"elapsedMs":263496,"records":799632,"rate":3792.856987539582}}
{"window":{"elapsedMs":264578,"records":803100,"rate":3205.2149727469528}}
{"window":{"elapsedMs":265668,"records":807112,"rate":3683.269713953152}}
{"window":{"elapsedMs":266710,"records":810607,"rate":3354.1544397580506}}
{"window":{"elapsedMs":267732,"records":814996,"rate":4293.917983526963}}
{"window":{"elapsedMs":268774,"records":818661,"rate":3517.076452663869}}
{"window":{"elapsedMs":269836,"records":822122,"rate":3258.750407233167}}
{"window":{"elapsedMs":270869,"records":825344,"rate":3120.147967759021}}
{"window":{"elapsedMs":271967,"records":829880,"rate":4130.209024333533}}
{"window":{"elapsedMs":273014,"records":833283,"rate":3249.8822060951047}}
{"window":{"elapsedMs":274097,"records":837912,"rate":4272.7317873782995}}
{"window":{"elapsedMs":275133,"records":841249,"rate":3221.9623817324855}}
{"window":{"elapsedMs":276152,"records":845037,"rate":3717.685857109486}}
{"window":{"elapsedMs":277162,"records":848941,"rate":3866.0423878333927}}
{"window":{"elapsedMs":278198,"records":852424,"rate":3359.6201861699524}}
{"window":{"elapsedMs":279275,"records":856265,"rate":3568.537408436937}}
{"window":{"elapsedMs":280299,"records":860538,"rate":4172.379419467548}}
{"window":{"elapsedMs":281340,"records":864305,"rate":3618.059126345294}}
{"window":{"elapsedMs":282415,"records":868353,"rate":3767.1390635476714}}
{"window":{"elapsedMs":283505,"records":872192,"rate":3520.2099328130566}}
{"window":{"elapsedMs":284531,"records":876743,"rate":4434.635890385834}}
{"window":{"elapsedMs":285541,"records":879910,"rate":3138.4396748395347}}
{"window":{"elapsedMs":286554,"records":883715,"rate":3754.1998865586365}}
{"window":{"elapsedMs":287555,"records":887579,"rate":3860.4043537580355}}
{"window":{"elapsedMs":288583,"records":891796,"rate":4103.547175365534}}
{"window":{"elapsedMs":289642,"records":895633,"rate":3620.5683098600684}}
{"window":{"elapsedMs":290646,"records":899657,"rate":4009.610841888871}}
{"window":{"elapsedMs":291658,"records":902980,"rate":3282.0142033465936}}
{"window":{"elapsedMs":292671,"records":906739,"rate":3714.100546760557}}
{"window":{"elapsedMs":293763,"records":910349,"rate":3304.951968281631}}
{"window":{"elapsedMs":294772,"records":914182,"rate":3796.5189306874345}}
{"window":{"elapsedMs":295775,"records":918925,"rate":4732.930883595317}}
{"window":{"elapsedMs":296871,"records":922066,"rate":2864.91015799082}}
{"window":{"elapsedMs":297908,"records":925889,"rate":3684.7970795356655}}
{"window":{"elapsedMs":298929,"records":929600,"rate":3637.7808675247084}}
{"window":{"elapsedMs":299976,"records":933628,"rate":3846.866902061049}}
{"window":{"elapsedMs":300995,"records":937410,"rate":3710.5193165721034}}
{"mark":{"records":940030,"elapsedMs":301926}}
{"finish":{"records":940030,"expected":940045,"elapsedMs":301927}}
{"window":{"elapsedMs":302018,"records":940030,"rate":2560.6398863154077}}
{"result":{"startedEpochMs":1790916989291,"expected":940045,"offeredExpected":1575001,"records":940045,"unique":940045,"duplicates":0,"identityChecks":true,"outputBytes":2126848807,"elapsedMs":302729,"activeMs":302678,"durableRate":3105.751562881104,"finishReceived":true,"finishError":null,"finishElapsedMs":301927,"drainAfterFinishMs":802,"drainAfterMarkMs":803,"pass":true,"windows":[{"elapsedMs":1100,"records":1,"rate":0.9085878132808395},{"elapsedMs":2122,"records":301,"rate":293.5167408823909},{"elapsedMs":3136,"records":1719,"rate":1398.166138079342},{"elapsedMs":4155,"records":2941,"rate":1199.4628428471783},{"elapsedMs":5188,"records":4822,"rate":1820.7129321005757},{"elapsedMs":6261,"records":7254,"rate":2266.5475079019375},{"elapsedMs":7289,"records":10161,"rate":2828.6095636328546},{"elapsedMs":8317,"records":13091,"rate":2850.887049078175},{"elapsedMs":9325,"records":16083,"rate":2966.0685289434577},{"elapsedMs":10336,"records":19066,"rate":2952.5239211275925},{"elapsedMs":11363,"records":23004,"rate":3834.2268123609765},{"elapsedMs":12442,"records":25533,"rate":2343.4746313061123},{"elapsedMs":13493,"records":29353,"rate":3633.7880468298213},{"elapsedMs":14548,"records":31901,"rate":2416.1246912416905},{"elapsedMs":15598,"records":34345,"rate":2326.5780878351998},{"elapsedMs":16623,"records":37285,"rate":2870.5255064893604},{"elapsedMs":17659,"records":39383,"rate":2023.5949414721508},{"elapsedMs":18701,"records":42530,"rate":3021.4923677525244},{"elapsedMs":19750,"records":45940,"rate":3248.708395236114},{"elapsedMs":20775,"records":49247,"rate":3229.34317412664},{"elapsedMs":21863,"records":53459,"rate":3868.3159244468197},{"elapsedMs":22935,"records":57232,"rate":3519.5099364589933},{"elapsedMs":24002,"records":61118,"rate":3642.3943834930974},{"elapsedMs":25007,"records":64314,"rate":3179.9716170021447},{"elapsedMs":26071,"records":67117,"rate":2634.6795452334436},{"elapsedMs":27153,"records":71148,"rate":3727.2591272866766},{"elapsedMs":28178,"records":75290,"rate":4038.1876174471454},{"elapsedMs":29223,"records":79167,"rate":3712.7108411450554},{"elapsedMs":30261,"records":83209,"rate":3893.2894816528615},{"elapsedMs":31282,"records":86740,"rate":3458.6132378448124},{"elapsedMs":32310,"records":90290,"rate":3453.4410693842733},{"elapsedMs":33396,"records":94642,"rate":4004.745203451243},{"elapsedMs":34410,"records":99062,"rate":4360.651171264393},{"elapsedMs":35411,"records":102745,"rate":3681.1522125165575},{"elapsedMs":36480,"records":106252,"rate":3279.6957654330167},{"elapsedMs":37487,"records":109054,"rate":2780.9512111021186},{"elapsedMs":38527,"records":112520,"rate":3335.174845088249},{"elapsedMs":39570,"records":115428,"rate":2786.302546645459},{"elapsedMs":40623,"records":119199,"rate":3582.451116112645},{"elapsedMs":41692,"records":121688,"rate":2328.0283820724376},{"elapsedMs":42703,"records":124986,"rate":3263.5904677108992},{"elapsedMs":43707,"records":128648,"rate":3646.407204341537},{"elapsedMs":44763,"records":132758,"rate":3892.6754929209737},{"elapsedMs":45867,"records":136202,"rate":3117.849902896176},{"elapsedMs":46901,"records":138653,"rate":2370.8987884907424},{"elapsedMs":47972,"records":140512,"rate":1736.1015176611902},{"elapsedMs":49023,"records":143174,"rate":2531.56531474555},{"elapsedMs":50052,"records":146542,"rate":3273.8215626069687},{"elapsedMs":51065,"records":149278,"rate":2702.7653325718857},{"elapsedMs":52081,"records":151830,"rate":2511.4518761161567},{"elapsedMs":53089,"records":154040,"rate":2190.909056040201},{"elapsedMs":54093,"records":156982,"rate":2930.807612080416},{"elapsedMs":55192,"records":159155,"rate":1976.9311764553854},{"elapsedMs":56209,"records":161645,"rate":2449.411818165901},{"elapsedMs":57242,"records":164489,"rate":2751.7925872602186},{"elapsedMs":58329,"records":167373,"rate":2653.3010044859398},{"elapsedMs":59390,"records":169142,"rate":1668.4629413517864},{"elapsedMs":60393,"records":171823,"rate":2671.291633990672},{"elapsedMs":61410,"records":174080,"rate":2219.1691750750956},{"elapsedMs":62420,"records":177667,"rate":3552.1837118193826},{"elapsedMs":63421,"records":181284,"rate":3613.6814334744718},{"elapsedMs":64505,"records":186053,"rate":4398.516780297707},{"elapsedMs":65531,"records":189214,"rate":3083.046702565925},{"elapsedMs":66628,"records":193611,"rate":4005.87047974129},{"elapsedMs":67708,"records":197630,"rate":3720.6184857336234},{"elapsedMs":68756,"records":201118,"rate":3330.5146688622804},{"elapsedMs":69806,"records":204487,"rate":3206.2274472912127},{"elapsedMs":70902,"records":207029,"rate":2321.0503210338566},{"elapsedMs":71972,"records":209832,"rate":2618.803917638727},{"elapsedMs":72992,"records":213396,"rate":3494.1704569919266},{"elapsedMs":74030,"records":216413,"rate":2906.2283787854963},{"elapsedMs":75039,"records":220490,"rate":4041.2056914283185},{"elapsedMs":76094,"records":224054,"rate":3379.3552657042637},{"elapsedMs":77157,"records":227792,"rate":3514.1806600265677},{"elapsedMs":78227,"records":231644,"rate":3600.379244433534},{"elapsedMs":79258,"records":235792,"rate":4022.1180928255926},{"elapsedMs":80357,"records":239436,"rate":3316.4386660740897},{"elapsedMs":81370,"records":242313,"rate":2841.0774171377107},{"elapsedMs":82415,"records":245652,"rate":3195.162818607397},{"elapsedMs":83445,"records":249001,"rate":3252.5225917922357},{"elapsedMs":84448,"records":252138,"rate":3127.5278877235155},{"elapsedMs":85499,"records":255645,"rate":3337.0445957149395},{"elapsedMs":86523,"records":259080,"rate":3353.921051428453},{"elapsedMs":87577,"records":262271,"rate":3026.454685219311},{"elapsedMs":88609,"records":265438,"rate":3069.9200443056443},{"elapsedMs":89685,"records":269976,"rate":4218.301924809681},{"elapsedMs":90712,"records":273504,"rate":3435.067120466685},{"elapsedMs":91771,"records":277528,"rate":3799.7166555822396},{"elapsedMs":92836,"records":281537,"rate":3762.085103678322},{"elapsedMs":93887,"records":285043,"rate":3337.465898602103},{"elapsedMs":94904,"records":288157,"rate":3062.3911782269683},{"elapsedMs":95912,"records":291832,"rate":3643.425014940422},{"elapsedMs":96949,"records":294739,"rate":2803.4371732891486},{"elapsedMs":97985,"records":297280,"rate":2452.081989863087},{"elapsedMs":99035,"records":300345,"rate":2919.9993970225064},{"elapsedMs":100110,"records":304352,"rate":3727.90857034337},{"elapsedMs":101142,"records":306625,"rate":2202.4094727830925},{"elapsedMs":102168,"records":309567,"rate":2867.3632514066967},{"elapsedMs":103216,"records":313702,"rate":3945.9578710719234},{"elapsedMs":104225,"records":318198,"rate":4453.893262766942},{"elapsedMs":105231,"records":322262,"rate":4040.8194995122103},{"elapsedMs":106304,"records":325471,"rate":2992.3460404089674},{"elapsedMs":107355,"records":328665,"rate":3036.6235645300944},{"elapsedMs":108373,"records":332763,"rate":4027.3439435842115},{"elapsedMs":109455,"records":336100,"rate":3082.582280451121},{"elapsedMs":110496,"records":339035,"rate":2821.8942430743223},{"elapsedMs":111552,"records":341971,"rate":2778.725524666631},{"elapsedMs":112631,"records":344984,"rate":2793.5461155621197},{"elapsedMs":113654,"records":347586,"rate":2542.1293557031963},{"elapsedMs":114688,"records":351469,"rate":3756.423551992075},{"elapsedMs":115692,"records":353730,"rate":2251.0586676146827},{"elapsedMs":116705,"records":356643,"rate":2877.1555559544963},{"elapsedMs":117746,"records":359196,"rate":2452.4862796289103},{"elapsedMs":118762,"records":361802,"rate":2564.521743324171},{"elapsedMs":119862,"records":364167,"rate":2150.0874675128034},{"elapsedMs":120943,"records":367958,"rate":3506.0280001347255},{"elapsedMs":121990,"records":371236,"rate":3132.3396772136766},{"elapsedMs":123066,"records":374261,"rate":2809.3227862372296},{"elapsedMs":124100,"records":377162,"rate":2808.218901865678},{"elapsedMs":125147,"records":380366,"rate":3058.3370139569756},{"elapsedMs":126262,"records":383524,"rate":2832.380878145735},{"elapsedMs":127358,"records":386141,"rate":2388.467088521612},{"elapsedMs":128409,"records":389472,"rate":3169.0967871985044},{"elapsedMs":129413,"records":392839,"rate":3352.1585960451735},{"elapsedMs":130471,"records":396291,"rate":3264.831941645597},{"elapsedMs":131478,"records":398498,"rate":2191.073181071862},{"elapsedMs":132524,"records":401286,"rate":2665.928465847163},{"elapsedMs":133580,"records":403944,"rate":2516.2029483076976},{"elapsedMs":134622,"records":407898,"rate":3796.099192793877},{"elapsedMs":135629,"records":409828,"rate":1916.3217742558056},{"elapsedMs":136693,"records":412391,"rate":2407.7807094488567},{"elapsedMs":137769,"records":415438,"rate":2833.294840848589},{"elapsedMs":138807,"records":417961,"rate":2429.497349478094},{"elapsedMs":139868,"records":421624,"rate":3453.185186340472},{"elapsedMs":140880,"records":424938,"rate":3273.830508884797},{"elapsedMs":141919,"records":427532,"rate":2496.7673480142953},{"elapsedMs":142921,"records":430270,"rate":2734.057486370596},{"elapsedMs":143959,"records":432093,"rate":1755.3480100198308},{"elapsedMs":145046,"records":435423,"rate":3063.505407285758},{"elapsedMs":146052,"records":438174,"rate":2734.6736537184206},{"elapsedMs":147052,"records":440425,"rate":2250.975520641213},{"elapsedMs":148063,"records":442794,"rate":2342.3264622776787},{"elapsedMs":149093,"records":445396,"rate":2528.2067027598455},{"elapsedMs":150136,"records":447386,"rate":1907.918025767039},{"elapsedMs":151210,"records":449432,"rate":1905.249014579555},{"elapsedMs":152293,"records":452675,"rate":2992.9498836697694},{"elapsedMs":153369,"records":456271,"rate":3341.0940152386797},{"elapsedMs":154395,"records":459648,"rate":3293.157712895903},{"elapsedMs":155429,"records":463263,"rate":3495.587102187514},{"elapsedMs":156455,"records":465718,"rate":2392.5727897926167},{"elapsedMs":157537,"records":468999,"rate":3032.0262975837704},{"elapsedMs":158617,"records":471622,"rate":2429.522072466912},{"elapsedMs":159691,"records":474500,"rate":2678.1017928271426},{"elapsedMs":160710,"records":477833,"rate":3272.510506729793},{"elapsedMs":161750,"records":480750,"rate":2806.0572619840377},{"elapsedMs":162785,"records":483397,"rate":2555.332555245672},{"elapsedMs":163882,"records":487066,"rate":3346.349572138699},{"elapsedMs":164884,"records":490316,"rate":3242.5254373651255},{"elapsedMs":165895,"records":492825,"rate":2481.6298954264307},{"elapsedMs":166967,"records":495602,"rate":2589.988681068624},{"elapsedMs":167978,"records":498519,"rate":2886.0614187054166},{"elapsedMs":169021,"records":500354,"rate":1758.8853363718438},{"elapsedMs":170036,"records":502504,"rate":2119.205471387948},{"elapsedMs":171089,"records":504281,"rate":1686.994084643057},{"elapsedMs":172111,"records":507125,"rate":2783.712669829487},{"elapsedMs":173148,"records":509918,"rate":2694.0902898403615},{"elapsedMs":174207,"records":513424,"rate":3310.981660458417},{"elapsedMs":175301,"records":516532,"rate":2839.11682471172},{"elapsedMs":176327,"records":520195,"rate":3569.372531554286},{"elapsedMs":177408,"records":524569,"rate":4049.3149571421254},{"elapsedMs":178417,"records":528244,"rate":3642.1279739709253},{"elapsedMs":179490,"records":532104,"rate":3594.5943250126047},{"elapsedMs":180511,"records":536297,"rate":4109.009950574686},{"elapsedMs":181531,"records":539593,"rate":3229.967484664066},{"elapsedMs":182556,"records":543432,"rate":3748.0097216557615},{"elapsedMs":183600,"records":547481,"rate":3876.215589202451},{"elapsedMs":184627,"records":552158,"rate":4557.030289934344},{"elapsedMs":185701,"records":555372,"rate":2991.633035352969},{"elapsedMs":186711,"records":559909,"rate":4492.691761977385},{"elapsedMs":187732,"records":563746,"rate":3758.8934824661505},{"elapsedMs":188804,"records":568138,"rate":4096.12987856413},{"elapsedMs":189870,"records":572323,"rate":3925.0323510357607},{"elapsedMs":190882,"records":575459,"rate":3099.607250900172},{"elapsedMs":191972,"records":579452,"rate":3663.4272449620007},{"elapsedMs":193038,"records":584015,"rate":4278.3996087343085},{"elapsedMs":194103,"records":588008,"rate":3751.2300920419966},{"elapsedMs":195198,"records":591484,"rate":3172.3010761518503},{"elapsedMs":196201,"records":594680,"rate":3188.3850747093643},{"elapsedMs":197280,"records":599205,"rate":4192.722704821798},{"elapsedMs":198310,"records":603402,"rate":4073.174473634712},{"elapsedMs":199361,"records":606534,"rate":2981.0533699231682},{"elapsedMs":200428,"records":610367,"rate":3590.8766124806602},{"elapsedMs":201457,"records":613994,"rate":3528.0506714920753},{"elapsedMs":202489,"records":617646,"rate":3538.6528205499435},{"elapsedMs":203582,"records":620668,"rate":2764.035029250684},{"elapsedMs":204597,"records":622743,"rate":2044.72662814989},{"elapsedMs":205688,"records":626129,"rate":3101.9627079056722},{"elapsedMs":206737,"records":628441,"rate":2204.8649674128396},{"elapsedMs":207820,"records":630261,"rate":1680.263024237782},{"elapsedMs":208867,"records":632916,"rate":2535.6124815212106},{"elapsedMs":209892,"records":635108,"rate":2139.2225265472293},{"elapsedMs":210961,"records":637331,"rate":2079.6385563865742},{"elapsedMs":212040,"records":641362,"rate":3733.7362510534836},{"elapsedMs":213086,"records":645177,"rate":3650.0168058159115},{"elapsedMs":214185,"records":649716,"rate":4126.567304968686},{"elapsedMs":215209,"records":653268,"rate":3471.0962644697197},{"elapsedMs":216252,"records":655339,"rate":1985.111582614039},{"elapsedMs":217309,"records":658724,"rate":3202.3324196219623},{"elapsedMs":218309,"records":662571,"rate":3845.88693494095},{"elapsedMs":219404,"records":667291,"rate":4313.082743396516},{"elapsedMs":220474,"records":671655,"rate":4076.8591649048194},{"elapsedMs":221532,"records":674912,"rate":3078.2436922495917},{"elapsedMs":222578,"records":679713,"rate":4592.774326958219},{"elapsedMs":223630,"records":683740,"rate":3827.2146131740483},{"elapsedMs":224666,"records":686195,"rate":2369.7391526568213},{"elapsedMs":225673,"records":689015,"rate":2799.421569617448},{"elapsedMs":226724,"records":692179,"rate":3012.0013574873074},{"elapsedMs":227737,"records":693964,"rate":1760.9469317806702},{"elapsedMs":228849,"records":694659,"rate":625.1499156721336},{"elapsedMs":229947,"records":697089,"rate":2213.053026446277},{"elapsedMs":230971,"records":698745,"rate":1616.845327212876},{"elapsedMs":232042,"records":701200,"rate":2293.381757150297},{"elapsedMs":233053,"records":704508,"rate":3271.252247217041},{"elapsedMs":234079,"records":706819,"rate":2251.2874154153765},{"elapsedMs":235145,"records":709656,"rate":2663.232928003144},{"elapsedMs":236201,"records":712730,"rate":2908.920803894894},{"elapsedMs":237228,"records":715555,"rate":2751.3912244155813},{"elapsedMs":238278,"records":717433,"rate":1789.7114457861137},{"elapsedMs":239326,"records":719912,"rate":2364.717630751345},{"elapsedMs":240340,"records":722607,"rate":2656.7410453180196},{"elapsedMs":241356,"records":725456,"rate":2804.877865925186},{"elapsedMs":242443,"records":728805,"rate":3082.1644399556326},{"elapsedMs":243525,"records":732204,"rate":3139.580996618893},{"elapsedMs":244535,"records":736375,"rate":4129.504500586666},{"elapsedMs":245600,"records":739473,"rate":2908.460249624544},{"elapsedMs":246658,"records":742818,"rate":3162.1991937337407},{"elapsedMs":247690,"records":745541,"rate":2639.3271685668205},{"elapsedMs":248732,"records":749693,"rate":3982.860045735032},{"elapsedMs":249736,"records":753176,"rate":3470.979560438776},{"elapsedMs":250780,"records":756364,"rate":3052.255026358649},{"elapsedMs":251864,"records":759396,"rate":2797.8514287518074},{"elapsedMs":252938,"records":763873,"rate":4169.35024546833},{"elapsedMs":253953,"records":767676,"rate":3744.6718970867823},{"elapsedMs":254980,"records":770000,"rate":2262.9078050396142},{"elapsedMs":256070,"records":774685,"rate":4297.704313312548},{"elapsedMs":257136,"records":776621,"rate":1817.3192110971872},{"elapsedMs":258160,"records":780892,"rate":4169.452293102945},{"elapsedMs":259265,"records":784823,"rate":3558.604494741078},{"elapsedMs":260310,"records":788394,"rate":3418.0177820082713},{"elapsedMs":261389,"records":791911,"rate":3258.275669080192},{"elapsedMs":262434,"records":795602,"rate":3532.3464230495924},{"elapsedMs":263496,"records":799632,"rate":3792.856987539582},{"elapsedMs":264578,"records":803100,"rate":3205.2149727469528},{"elapsedMs":265668,"records":807112,"rate":3683.269713953152},{"elapsedMs":266710,"records":810607,"rate":3354.1544397580506},{"elapsedMs":267732,"records":814996,"rate":4293.917983526963},{"elapsedMs":268774,"records":818661,"rate":3517.076452663869},{"elapsedMs":269836,"records":822122,"rate":3258.750407233167},{"elapsedMs":270869,"records":825344,"rate":3120.147967759021},{"elapsedMs":271967,"records":829880,"rate":4130.209024333533},{"elapsedMs":273014,"records":833283,"rate":3249.8822060951047},{"elapsedMs":274097,"records":837912,"rate":4272.7317873782995},{"elapsedMs":275133,"records":841249,"rate":3221.9623817324855},{"elapsedMs":276152,"records":845037,"rate":3717.685857109486},{"elapsedMs":277162,"records":848941,"rate":3866.0423878333927},{"elapsedMs":278198,"records":852424,"rate":3359.6201861699524},{"elapsedMs":279275,"records":856265,"rate":3568.537408436937},{"elapsedMs":280299,"records":860538,"rate":4172.379419467548},{"elapsedMs":281340,"records":864305,"rate":3618.059126345294},{"elapsedMs":282415,"records":868353,"rate":3767.1390635476714},{"elapsedMs":283505,"records":872192,"rate":3520.2099328130566},{"elapsedMs":284531,"records":876743,"rate":4434.635890385834},{"elapsedMs":285541,"records":879910,"rate":3138.4396748395347},{"elapsedMs":286554,"records":883715,"rate":3754.1998865586365},{"elapsedMs":287555,"records":887579,"rate":3860.4043537580355},{"elapsedMs":288583,"records":891796,"rate":4103.547175365534},{"elapsedMs":289642,"records":895633,"rate":3620.5683098600684},{"elapsedMs":290646,"records":899657,"rate":4009.610841888871},{"elapsedMs":291658,"records":902980,"rate":3282.0142033465936},{"elapsedMs":292671,"records":906739,"rate":3714.100546760557},{"elapsedMs":293763,"records":910349,"rate":3304.951968281631},{"elapsedMs":294772,"records":914182,"rate":3796.5189306874345},{"elapsedMs":295775,"records":918925,"rate":4732.930883595317},{"elapsedMs":296871,"records":922066,"rate":2864.91015799082},{"elapsedMs":297908,"records":925889,"rate":3684.7970795356655},{"elapsedMs":298929,"records":929600,"rate":3637.7808675247084},{"elapsedMs":299976,"records":933628,"rate":3846.866902061049},{"elapsedMs":300995,"records":937410,"rate":3710.5193165721034},{"elapsedMs":302018,"records":940030,"rate":2560.6398863154077}]}}
