SLF4J(W): No SLF4J providers were found.
SLF4J(W): Defaulting to no-operation (NOP) logger implementation
SLF4J(W): See https://www.slf4j.org/codes.html#noProviders for further details.
OBSERVER_READY
{"window":{"elapsedMs":1032,"records":1,"rate":0.9688482980464299}}
{"window":{"elapsedMs":2051,"records":707,"rate":692.4593038503981}}
{"window":{"elapsedMs":3058,"records":2510,"rate":1791.294487028334}}
{"window":{"elapsedMs":4099,"records":3477,"rate":928.2728057194154}}
{"window":{"elapsedMs":5105,"records":4388,"rate":905.9578535160267}}
{"window":{"elapsedMs":6109,"records":6173,"rate":1777.3412145389}}
{"window":{"elapsedMs":7197,"records":8852,"rate":2462.0863923010597}}
{"window":{"elapsedMs":8266,"records":11745,"rate":2708.0703850501845}}
{"window":{"elapsedMs":9290,"records":15681,"rate":3841.6589370198435}}
{"window":{"elapsedMs":10348,"records":19572,"rate":3677.498819618337}}
{"window":{"elapsedMs":11379,"records":23012,"rate":3336.701290332361}}
{"window":{"elapsedMs":12439,"records":25966,"rate":2788.181280120493}}
{"window":{"elapsedMs":13467,"records":29244,"rate":3189.0503413670685}}
{"window":{"elapsedMs":14550,"records":33481,"rate":3912.418579286701}}
{"window":{"elapsedMs":15565,"records":36777,"rate":3247.0151239630036}}
{"window":{"elapsedMs":16660,"records":41548,"rate":4355.824079069643}}
{"window":{"elapsedMs":17729,"records":44612,"rate":2866.980613457442}}
{"window":{"elapsedMs":18807,"records":48363,"rate":3479.5880698708}}
{"window":{"elapsedMs":19808,"records":52380,"rate":4012.0321012506265}}
{"window":{"elapsedMs":20840,"records":56750,"rate":4235.529695881689}}
{"window":{"elapsedMs":21916,"records":60961,"rate":3910.8576438651125}}
{"window":{"elapsedMs":22974,"records":62872,"rate":1806.689572471418}}
{"window":{"elapsedMs":24026,"records":68157,"rate":5023.1377558157765}}
{"window":{"elapsedMs":25063,"records":71887,"rate":3598.1203403907502}}
{"window":{"elapsedMs":26159,"records":76726,"rate":4414.830615037854}}
{"window":{"elapsedMs":27195,"records":80115,"rate":3272.01549266606}}
{"window":{"elapsedMs":28219,"records":84473,"rate":4256.79557071962}}
{"window":{"elapsedMs":29235,"records":88697,"rate":4156.019465937212}}
{"window":{"elapsedMs":30321,"records":92820,"rate":3796.6943669331545}}
{"window":{"elapsedMs":31385,"records":96432,"rate":3395.3323814903156}}
{"window":{"elapsedMs":32388,"records":101337,"rate":4886.737037121282}}
{"window":{"elapsedMs":33413,"records":105525,"rate":4088.9115300811513}}
{"window":{"elapsedMs":34418,"records":108726,"rate":3182.5580056641143}}
{"window":{"elapsedMs":35423,"records":112182,"rate":3442.1033647485656}}
{"window":{"elapsedMs":36505,"records":116201,"rate":3714.15943576937}}
{"window":{"elapsedMs":37547,"records":120562,"rate":4184.100081202436}}
{"window":{"elapsedMs":38643,"records":124229,"rate":3346.0017381543753}}
{"window":{"elapsedMs":39701,"records":129637,"rate":5111.49354559763}}
{"window":{"elapsedMs":40777,"records":133429,"rate":3524.427245718662}}
{"window":{"elapsedMs":41782,"records":138412,"rate":4956.994156256988}}
{"window":{"elapsedMs":42815,"records":141568,"rate":3053.9013353452597}}
{"window":{"elapsedMs":43828,"records":146653,"rate":5024.286308207312}}
{"window":{"elapsedMs":44913,"records":150641,"rate":3673.5404959129337}}
{"window":{"elapsedMs":45973,"records":154287,"rate":3441.572321450433}}
{"window":{"elapsedMs":46977,"records":158209,"rate":3903.7447855320934}}
{"window":{"elapsedMs":48067,"records":162507,"rate":3943.373714957334}}
{"window":{"elapsedMs":49087,"records":166756,"rate":4164.542213520482}}
{"window":{"elapsedMs":50183,"records":171150,"rate":4012.1402066701817}}
{"window":{"elapsedMs":51183,"records":176459,"rate":5307.76484065946}}
{"window":{"elapsedMs":52204,"records":179882,"rate":3352.93634144546}}
{"window":{"elapsedMs":53233,"records":184076,"rate":4076.328950520624}}
{"window":{"elapsedMs":54330,"records":188935,"rate":4426.9287966823}}
{"window":{"elapsedMs":55376,"records":192601,"rate":3504.879099075971}}
{"window":{"elapsedMs":56396,"records":197222,"rate":4528.937457711194}}
{"window":{"elapsedMs":57438,"records":200575,"rate":3218.13043202997}}
{"window":{"elapsedMs":58440,"records":204922,"rate":4340.237722997348}}
{"window":{"elapsedMs":59456,"records":209278,"rate":4287.1216755491105}}
{"window":{"elapsedMs":60504,"records":213477,"rate":4006.7998188811976}}
{"window":{"elapsedMs":61589,"records":217975,"rate":4146.285938283657}}
{"window":{"elapsedMs":62622,"records":222164,"rate":4056.2189938478195}}
{"window":{"elapsedMs":63645,"records":226436,"rate":4173.78968118061}}
{"window":{"elapsedMs":64708,"records":230782,"rate":4086.8704467475536}}
{"window":{"elapsedMs":65740,"records":234140,"rate":3256.5947933254047}}
{"window":{"elapsedMs":66786,"records":237955,"rate":3646.620339797952}}
{"window":{"elapsedMs":67870,"records":241918,"rate":3655.73655953164}}
{"window":{"elapsedMs":68885,"records":245735,"rate":3761.433594072159}}
{"window":{"elapsedMs":69894,"records":249990,"rate":4214.594851952718}}
{"window":{"elapsedMs":70958,"records":254955,"rate":4666.566098172708}}
{"window":{"elapsedMs":71991,"records":259075,"rate":3990.0392659764166}}
{"window":{"elapsedMs":72991,"records":262015,"rate":2939.3753797924187}}
{"window":{"elapsedMs":74004,"records":263165,"rate":1135.5513861070965}}
{"window":{"elapsedMs":75028,"records":267415,"rate":4147.279489020271}}
{"window":{"elapsedMs":76043,"records":271622,"rate":4146.679799810403}}
{"window":{"elapsedMs":77051,"records":275296,"rate":3645.7412507268273}}
{"window":{"elapsedMs":78084,"records":279642,"rate":4207.239795781316}}
{"window":{"elapsedMs":79150,"records":283697,"rate":3802.392638360807}}
{"window":{"elapsedMs":80205,"records":287310,"rate":3425.359381681163}}
{"window":{"elapsedMs":81269,"records":290129,"rate":2649.1903230466096}}
{"window":{"elapsedMs":82289,"records":293623,"rate":3425.847051787652}}
{"window":{"elapsedMs":83323,"records":298341,"rate":4560.735941618218}}
{"window":{"elapsedMs":84343,"records":301603,"rate":3198.4927243252578}}
{"window":{"elapsedMs":85347,"records":306222,"rate":4601.182688436538}}
{"window":{"elapsedMs":86406,"records":310495,"rate":4036.279119565916}}
{"window":{"elapsedMs":87427,"records":314780,"rate":4197.034870772831}}
{"window":{"elapsedMs":88484,"records":319026,"rate":4014.3122920935925}}
{"window":{"elapsedMs":89491,"records":322964,"rate":3913.514279982803}}
{"window":{"elapsedMs":90518,"records":326691,"rate":3629.572149735653}}
{"window":{"elapsedMs":91599,"records":331431,"rate":4383.8393513547}}
{"window":{"elapsedMs":92621,"records":335798,"rate":4272.1028857297815}}
{"window":{"elapsedMs":93682,"records":340679,"rate":4601.238379805079}}
{"window":{"elapsedMs":94735,"records":343907,"rate":3063.987430756613}}
{"window":{"elapsedMs":95737,"records":348030,"rate":4114.510394923312}}
{"window":{"elapsedMs":96802,"records":351879,"rate":3614.1290439714303}}
{"window":{"elapsedMs":97832,"records":355793,"rate":3800.849962305211}}
{"window":{"elapsedMs":98865,"records":359157,"rate":3256.780541331083}}
{"window":{"elapsedMs":99889,"records":363619,"rate":4356.882936239371}}
{"window":{"elapsedMs":100945,"records":368559,"rate":4678.250145345845}}
{"window":{"elapsedMs":101987,"records":373171,"rate":4427.715173684856}}
{"window":{"elapsedMs":102994,"records":377529,"rate":4325.367618681006}}
{"window":{"elapsedMs":104077,"records":381824,"rate":3966.0382758965097}}
{"window":{"elapsedMs":105130,"records":386797,"rate":4723.830910030874}}
{"window":{"elapsedMs":106155,"records":390826,"rate":3931.7093565761443}}
{"window":{"elapsedMs":107240,"records":395698,"rate":4488.246677619156}}
{"window":{"elapsedMs":108302,"records":399486,"rate":3567.1462336305326}}
{"window":{"elapsedMs":109305,"records":404770,"rate":5271.486366432825}}
{"window":{"elapsedMs":110309,"records":408915,"rate":4125.652410591381}}
{"window":{"elapsedMs":111339,"records":413235,"rate":4195.495690769957}}
{"window":{"elapsedMs":112386,"records":417603,"rate":4172.788603548781}}
{"window":{"elapsedMs":113386,"records":422318,"rate":4712.130505719368}}
{"window":{"elapsedMs":114413,"records":427154,"rate":4711.614360888335}}
{"window":{"elapsedMs":115460,"records":431909,"rate":4538.959880056301}}
{"window":{"elapsedMs":116498,"records":436417,"rate":4342.613727495209}}
{"window":{"elapsedMs":117509,"records":440391,"rate":3930.888468155673}}
{"window":{"elapsedMs":118524,"records":446206,"rate":5731.1496979504245}}
{"window":{"elapsedMs":119541,"records":449385,"rate":3124.8737984476884}}
{"window":{"elapsedMs":120603,"records":453428,"rate":3807.6013876711436}}
{"window":{"elapsedMs":121603,"records":457667,"rate":4237.975469430266}}
{"window":{"elapsedMs":122626,"records":462764,"rate":4983.393367123765}}
{"window":{"elapsedMs":123721,"records":467947,"rate":4735.415800543768}}
{"window":{"elapsedMs":124775,"records":473165,"rate":4948.063544276163}}
{"window":{"elapsedMs":125867,"records":478203,"rate":4614.5544465133125}}
{"window":{"elapsedMs":126930,"records":482299,"rate":3853.932263813436}}
{"window":{"elapsedMs":127949,"records":487319,"rate":4925.857015788395}}
{"window":{"elapsedMs":128952,"records":491631,"rate":4297.22738275127}}
{"window":{"elapsedMs":130036,"records":495783,"rate":3831.368717357773}}
{"window":{"elapsedMs":131115,"records":500628,"rate":4491.507328621005}}
{"window":{"elapsedMs":132179,"records":505063,"rate":4165.214050223253}}
{"window":{"elapsedMs":133244,"records":509691,"rate":4348.722840474579}}
{"window":{"elapsedMs":134244,"records":513823,"rate":4131.816307710592}}
{"window":{"elapsedMs":135329,"records":517252,"rate":3160.2834640999}}
{"window":{"elapsedMs":136381,"records":521124,"rate":3678.33519233183}}
{"window":{"elapsedMs":137435,"records":525153,"rate":3825.2779633389937}}
{"window":{"elapsedMs":138436,"records":528641,"rate":3483.675163598749}}
{"window":{"elapsedMs":139523,"records":532282,"rate":3349.3585128459636}}
{"window":{"elapsedMs":140552,"records":536050,"rate":3661.058497008671}}
{"window":{"elapsedMs":141590,"records":539845,"rate":3656.4841496648737}}
{"window":{"elapsedMs":142634,"records":542949,"rate":2973.2201837738007}}
{"window":{"elapsedMs":143661,"records":546528,"rate":3485.824208237228}}
{"window":{"elapsedMs":144662,"records":551037,"rate":4503.771868486817}}
{"window":{"elapsedMs":145738,"records":553990,"rate":2745.3984593043256}}
{"window":{"elapsedMs":146802,"records":557675,"rate":3463.4304941065943}}
{"window":{"elapsedMs":147836,"records":559390,"rate":1658.3971763222635}}
{"window":{"elapsedMs":148866,"records":562253,"rate":2779.818787467901}}
{"window":{"elapsedMs":149894,"records":565362,"rate":3021.85327502908}}
{"window":{"elapsedMs":150911,"records":566562,"rate":1180.289895250216}}
{"window":{"elapsedMs":152010,"records":567900,"rate":1217.4515488541442}}
{"window":{"elapsedMs":153049,"records":569423,"rate":1465.801494097334}}
{"window":{"elapsedMs":154082,"records":571035,"rate":1560.2258537649031}}
{"window":{"elapsedMs":155149,"records":574071,"rate":2847.6750611409484}}
{"window":{"elapsedMs":156194,"records":577436,"rate":3219.1888498211915}}
{"window":{"elapsedMs":157255,"records":579919,"rate":2339.3821152918263}}
{"window":{"elapsedMs":158298,"records":581186,"rate":1214.7741747896412}}
{"window":{"elapsedMs":159347,"records":582375,"rate":1134.1294462289432}}
{"window":{"elapsedMs":160379,"records":584937,"rate":2482.2912475246762}}
{"window":{"elapsedMs":161427,"records":587214,"rate":2171.216520334715}}
{"window":{"elapsedMs":162479,"records":590378,"rate":3010.047722908173}}
{"window":{"elapsedMs":163505,"records":592195,"rate":1769.4913668936235}}
{"window":{"elapsedMs":164529,"records":595804,"rate":3527.1973829106296}}
{"window":{"elapsedMs":165603,"records":599420,"rate":3364.6052486475937}}
{"window":{"elapsedMs":166635,"records":603222,"rate":3686.9696155534525}}
{"window":{"elapsedMs":167650,"records":607251,"rate":3966.5382596139693}}
{"window":{"elapsedMs":168677,"records":610806,"rate":3461.082373785809}}
{"window":{"elapsedMs":169717,"records":614262,"rate":3325.1642085824824}}
{"window":{"elapsedMs":170731,"records":617246,"rate":2940.9095491897788}}
{"window":{"elapsedMs":171760,"records":621074,"rate":3720.036931920259}}
{"window":{"elapsedMs":172766,"records":625493,"rate":4392.951445286245}}
{"window":{"elapsedMs":173855,"records":628745,"rate":2987.273084033569}}
{"window":{"elapsedMs":174887,"records":632269,"rate":3414.6753278685446}}
{"window":{"elapsedMs":175931,"records":634999,"rate":2615.6121931022094}}
{"window":{"elapsedMs":176976,"records":637255,"rate":2159.078685752649}}
{"window":{"elapsedMs":177983,"records":639242,"rate":1972.698836928337}}
{"window":{"elapsedMs":179042,"records":642307,"rate":2893.2465173354494}}
{"window":{"elapsedMs":180133,"records":645725,"rate":3134.618354139653}}
{"window":{"elapsedMs":181136,"records":649582,"rate":3845.659469414433}}
{"window":{"elapsedMs":182189,"records":652757,"rate":3012.7016183424644}}
{"window":{"elapsedMs":183197,"records":656193,"rate":3411.0102261818543}}
{"window":{"elapsedMs":184230,"records":660440,"rate":4112.37406558863}}
{"window":{"elapsedMs":185283,"records":663385,"rate":2794.699212298227}}
{"window":{"elapsedMs":186294,"records":665146,"rate":1741.7944656181107}}
{"window":{"elapsedMs":187343,"records":669802,"rate":4437.846557833309}}
{"window":{"elapsedMs":188369,"records":675123,"rate":5191.056811813525}}
{"window":{"elapsedMs":189438,"records":679335,"rate":3936.679464146145}}
{"window":{"elapsedMs":190511,"records":682372,"rate":2831.048640104061}}
{"window":{"elapsedMs":191558,"records":685874,"rate":3344.2427331515314}}
{"window":{"elapsedMs":192656,"records":690902,"rate":4580.5565383299945}}
{"window":{"elapsedMs":193697,"records":695872,"rate":4772.896664724395}}
{"window":{"elapsedMs":194702,"records":699910,"rate":4018.545717861617}}
{"window":{"elapsedMs":195740,"records":704086,"rate":4024.206267545728}}
{"window":{"elapsedMs":196796,"records":708983,"rate":4635.153604849399}}
{"window":{"elapsedMs":197809,"records":712635,"rate":3604.7615500624306}}
{"window":{"elapsedMs":198827,"records":717363,"rate":4647.584394861318}}
{"window":{"elapsedMs":199913,"records":721314,"rate":3638.995971556856}}
{"window":{"elapsedMs":200967,"records":725606,"rate":4070.152762306801}}
{"window":{"elapsedMs":201997,"records":728948,"rate":3246.3335246694983}}
{"window":{"elapsedMs":203102,"records":733456,"rate":4077.376847137637}}
{"window":{"elapsedMs":204121,"records":736759,"rate":3240.642608656588}}
{"window":{"elapsedMs":205198,"records":741881,"rate":4757.687970005023}}
{"window":{"elapsedMs":206225,"records":745547,"rate":3570.9141410455914}}
{"window":{"elapsedMs":207243,"records":750315,"rate":4682.394704121241}}
{"window":{"elapsedMs":208312,"records":754105,"rate":3545.1497944630187}}
{"window":{"elapsedMs":209325,"records":757436,"rate":3286.4040459262565}}
{"window":{"elapsedMs":210366,"records":759496,"rate":1979.4862115543947}}
{"window":{"elapsedMs":211449,"records":762396,"rate":2677.2181879195705}}
{"window":{"elapsedMs":212454,"records":765434,"rate":3023.096259388163}}
{"window":{"elapsedMs":213457,"records":767630,"rate":2190.5931582514654}}
{"window":{"elapsedMs":214495,"records":769611,"rate":1908.2432935333698}}
{"window":{"elapsedMs":215498,"records":772331,"rate":2710.5512433414647}}
{"window":{"elapsedMs":216572,"records":774935,"rate":2426.030543023932}}
{"window":{"elapsedMs":217582,"records":779322,"rate":4341.07987475944}}
{"window":{"elapsedMs":218607,"records":784119,"rate":4681.968706175993}}
{"window":{"elapsedMs":219616,"records":789299,"rate":5133.00434752388}}
{"window":{"elapsedMs":220622,"records":793324,"rate":4002.7356157066397}}
{"window":{"elapsedMs":221629,"records":798017,"rate":4659.129484454695}}
{"window":{"elapsedMs":222671,"records":803151,"rate":4926.843868222811}}
{"window":{"elapsedMs":223750,"records":809235,"rate":5635.774630882305}}
{"window":{"elapsedMs":224761,"records":814342,"rate":5053.191719622564}}
{"window":{"elapsedMs":225841,"records":819131,"rate":4434.20177476014}}
{"window":{"elapsedMs":226927,"records":824728,"rate":5153.5293480292585}}
{"window":{"elapsedMs":227985,"records":829317,"rate":4338.239796515774}}
{"window":{"elapsedMs":229023,"records":833598,"rate":4123.833985579345}}
{"window":{"elapsedMs":230087,"records":839300,"rate":5360.8773191750415}}
{"window":{"elapsedMs":231093,"records":843214,"rate":3890.5566417195373}}
{"window":{"elapsedMs":232183,"records":848758,"rate":5083.1074451820905}}
{"window":{"elapsedMs":233195,"records":853639,"rate":4824.671954926236}}
{"window":{"elapsedMs":234264,"records":858089,"rate":4161.662018701192}}
{"window":{"elapsedMs":235280,"records":862607,"rate":4446.379567618698}}
{"window":{"elapsedMs":236364,"records":867437,"rate":4458.0772837491495}}
{"window":{"elapsedMs":237442,"records":872258,"rate":4472.374494802465}}
{"window":{"elapsedMs":238494,"records":877675,"rate":5146.517886994161}}
{"window":{"elapsedMs":239519,"records":882044,"rate":4265.71234893331}}
{"window":{"elapsedMs":240562,"records":887615,"rate":5340.5842726885185}}
{"window":{"elapsedMs":241640,"records":891432,"rate":3538.896685180375}}
{"window":{"elapsedMs":242731,"records":897457,"rate":5523.434621224837}}
{"window":{"elapsedMs":243762,"records":902176,"rate":4577.2013505752775}}
{"window":{"elapsedMs":244795,"records":906720,"rate":4397.609443634787}}
{"window":{"elapsedMs":245847,"records":911637,"rate":4673.7792525125515}}
{"window":{"elapsedMs":246931,"records":915907,"rate":3941.1735961756094}}
{"window":{"elapsedMs":247931,"records":920899,"rate":4989.918580212229}}
{"window":{"elapsedMs":249010,"records":926359,"rate":5062.93744022894}}
{"window":{"elapsedMs":250043,"records":931923,"rate":5384.353511134892}}
{"window":{"elapsedMs":251097,"records":936157,"rate":4019.3501197659066}}
{"window":{"elapsedMs":252097,"records":941273,"rate":5111.61040456508}}
{"window":{"elapsedMs":253109,"records":945400,"rate":4081.2010999955414}}
{"window":{"elapsedMs":254163,"records":951355,"rate":5646.6355820468325}}
{"window":{"elapsedMs":255199,"records":956099,"rate":4581.019166256096}}
{"window":{"elapsedMs":256201,"records":960433,"rate":4326.41849239439}}
{"window":{"elapsedMs":257299,"records":964300,"rate":3520.4446413166347}}
{"window":{"elapsedMs":258327,"records":970049,"rate":5594.040186455966}}
{"window":{"elapsedMs":259389,"records":975308,"rate":4950.015689403694}}
{"window":{"elapsedMs":260489,"records":980062,"rate":4322.46753039721}}
{"window":{"elapsedMs":261529,"records":984544,"rate":4309.123357308961}}
{"window":{"elapsedMs":262540,"records":990001,"rate":5398.731934327553}}
{"window":{"elapsedMs":263543,"records":994091,"rate":4075.398694161747}}
{"window":{"elapsedMs":264552,"records":999126,"rate":4992.576618639051}}
{"window":{"elapsedMs":265623,"records":1003555,"rate":4134.578072286945}}
{"window":{"elapsedMs":266681,"records":1009091,"rate":5234.345535680114}}
{"window":{"elapsedMs":267761,"records":1013935,"rate":4482.3593232531675}}
{"window":{"elapsedMs":268762,"records":1019397,"rate":5457.332616279927}}
{"window":{"elapsedMs":269786,"records":1023576,"rate":4083.728149584521}}
{"window":{"elapsedMs":270800,"records":1028147,"rate":4504.75235950744}}
{"window":{"elapsedMs":271827,"records":1032396,"rate":4136.953711440907}}
{"window":{"elapsedMs":272829,"records":1037765,"rate":5360.240247145952}}
{"window":{"elapsedMs":273925,"records":1041173,"rate":3109.9845601677325}}
{"window":{"elapsedMs":274927,"records":1045499,"rate":4318.877273050267}}
{"window":{"elapsedMs":276015,"records":1050587,"rate":4672.48361980421}}
{"window":{"elapsedMs":277019,"records":1054950,"rate":4346.964590994396}}
{"window":{"elapsedMs":278024,"records":1059644,"rate":4670.970169270934}}
{"window":{"elapsedMs":279026,"records":1064386,"rate":4734.982358406323}}
{"window":{"elapsedMs":280065,"records":1068777,"rate":4222.378434731889}}
{"window":{"elapsedMs":281069,"records":1074378,"rate":5581.034312971194}}
{"window":{"elapsedMs":282110,"records":1077974,"rate":3453.422844350436}}
{"window":{"elapsedMs":283141,"records":1082740,"rate":4625.679997282437}}
{"window":{"elapsedMs":284187,"records":1087491,"rate":4542.012355218146}}
{"window":{"elapsedMs":285250,"records":1092373,"rate":4589.767225846726}}
{"window":{"elapsedMs":286287,"records":1096053,"rate":3550.4829651064256}}
{"window":{"elapsedMs":287320,"records":1098876,"rate":2731.289773488189}}
{"window":{"elapsedMs":288374,"records":1102898,"rate":3817.2361360221016}}
{"window":{"elapsedMs":289407,"records":1106930,"rate":3904.5006438111936}}
{"window":{"elapsedMs":290495,"records":1113126,"rate":5692.012386340751}}
{"window":{"elapsedMs":291507,"records":1117050,"rate":3878.6169469541032}}
{"window":{"elapsedMs":292544,"records":1120265,"rate":3099.7453968438585}}
{"window":{"elapsedMs":293601,"records":1124806,"rate":4298.766135976272}}
{"window":{"elapsedMs":294661,"records":1129202,"rate":4144.0625775621265}}
{"window":{"elapsedMs":295748,"records":1134936,"rate":5277.841237973828}}
{"window":{"elapsedMs":296770,"records":1139343,"rate":4312.4098050609055}}
{"window":{"elapsedMs":297801,"records":1143101,"rate":3642.7268169176195}}
{"window":{"elapsedMs":298845,"records":1147930,"rate":4628.364264558808}}
{"window":{"elapsedMs":299907,"records":1152461,"rate":4265.427043508413}}
{"window":{"elapsedMs":300939,"records":1157349,"rate":4737.996991009388}}
{"mark":{"records":1158356,"elapsedMs":301812}}
{"finish":{"records":1158356,"expected":1158676,"elapsedMs":301813}}
{"window":{"elapsedMs":301944,"records":1158356,"rate":1001.4350663948813}}
{"result":{"startedEpochMs":1790917670567,"expected":1158676,"offeredExpected":1575001,"records":1158676,"unique":1158676,"duplicates":0,"identityChecks":true,"outputBytes":2622293880,"elapsedMs":302245,"activeMs":302101,"durableRate":3835.3912897403047,"finishReceived":true,"finishError":null,"finishElapsedMs":301813,"drainAfterFinishMs":431,"drainAfterMarkMs":432,"pass":true,"windows":[{"elapsedMs":1032,"records":1,"rate":0.9688482980464299},{"elapsedMs":2051,"records":707,"rate":692.4593038503981},{"elapsedMs":3058,"records":2510,"rate":1791.294487028334},{"elapsedMs":4099,"records":3477,"rate":928.2728057194154},{"elapsedMs":5105,"records":4388,"rate":905.9578535160267},{"elapsedMs":6109,"records":6173,"rate":1777.3412145389},{"elapsedMs":7197,"records":8852,"rate":2462.0863923010597},{"elapsedMs":8266,"records":11745,"rate":2708.0703850501845},{"elapsedMs":9290,"records":15681,"rate":3841.6589370198435},{"elapsedMs":10348,"records":19572,"rate":3677.498819618337},{"elapsedMs":11379,"records":23012,"rate":3336.701290332361},{"elapsedMs":12439,"records":25966,"rate":2788.181280120493},{"elapsedMs":13467,"records":29244,"rate":3189.0503413670685},{"elapsedMs":14550,"records":33481,"rate":3912.418579286701},{"elapsedMs":15565,"records":36777,"rate":3247.0151239630036},{"elapsedMs":16660,"records":41548,"rate":4355.824079069643},{"elapsedMs":17729,"records":44612,"rate":2866.980613457442},{"elapsedMs":18807,"records":48363,"rate":3479.5880698708},{"elapsedMs":19808,"records":52380,"rate":4012.0321012506265},{"elapsedMs":20840,"records":56750,"rate":4235.529695881689},{"elapsedMs":21916,"records":60961,"rate":3910.8576438651125},{"elapsedMs":22974,"records":62872,"rate":1806.689572471418},{"elapsedMs":24026,"records":68157,"rate":5023.1377558157765},{"elapsedMs":25063,"records":71887,"rate":3598.1203403907502},{"elapsedMs":26159,"records":76726,"rate":4414.830615037854},{"elapsedMs":27195,"records":80115,"rate":3272.01549266606},{"elapsedMs":28219,"records":84473,"rate":4256.79557071962},{"elapsedMs":29235,"records":88697,"rate":4156.019465937212},{"elapsedMs":30321,"records":92820,"rate":3796.6943669331545},{"elapsedMs":31385,"records":96432,"rate":3395.3323814903156},{"elapsedMs":32388,"records":101337,"rate":4886.737037121282},{"elapsedMs":33413,"records":105525,"rate":4088.9115300811513},{"elapsedMs":34418,"records":108726,"rate":3182.5580056641143},{"elapsedMs":35423,"records":112182,"rate":3442.1033647485656},{"elapsedMs":36505,"records":116201,"rate":3714.15943576937},{"elapsedMs":37547,"records":120562,"rate":4184.100081202436},{"elapsedMs":38643,"records":124229,"rate":3346.0017381543753},{"elapsedMs":39701,"records":129637,"rate":5111.49354559763},{"elapsedMs":40777,"records":133429,"rate":3524.427245718662},{"elapsedMs":41782,"records":138412,"rate":4956.994156256988},{"elapsedMs":42815,"records":141568,"rate":3053.9013353452597},{"elapsedMs":43828,"records":146653,"rate":5024.286308207312},{"elapsedMs":44913,"records":150641,"rate":3673.5404959129337},{"elapsedMs":45973,"records":154287,"rate":3441.572321450433},{"elapsedMs":46977,"records":158209,"rate":3903.7447855320934},{"elapsedMs":48067,"records":162507,"rate":3943.373714957334},{"elapsedMs":49087,"records":166756,"rate":4164.542213520482},{"elapsedMs":50183,"records":171150,"rate":4012.1402066701817},{"elapsedMs":51183,"records":176459,"rate":5307.76484065946},{"elapsedMs":52204,"records":179882,"rate":3352.93634144546},{"elapsedMs":53233,"records":184076,"rate":4076.328950520624},{"elapsedMs":54330,"records":188935,"rate":4426.9287966823},{"elapsedMs":55376,"records":192601,"rate":3504.879099075971},{"elapsedMs":56396,"records":197222,"rate":4528.937457711194},{"elapsedMs":57438,"records":200575,"rate":3218.13043202997},{"elapsedMs":58440,"records":204922,"rate":4340.237722997348},{"elapsedMs":59456,"records":209278,"rate":4287.1216755491105},{"elapsedMs":60504,"records":213477,"rate":4006.7998188811976},{"elapsedMs":61589,"records":217975,"rate":4146.285938283657},{"elapsedMs":62622,"records":222164,"rate":4056.2189938478195},{"elapsedMs":63645,"records":226436,"rate":4173.78968118061},{"elapsedMs":64708,"records":230782,"rate":4086.8704467475536},{"elapsedMs":65740,"records":234140,"rate":3256.5947933254047},{"elapsedMs":66786,"records":237955,"rate":3646.620339797952},{"elapsedMs":67870,"records":241918,"rate":3655.73655953164},{"elapsedMs":68885,"records":245735,"rate":3761.433594072159},{"elapsedMs":69894,"records":249990,"rate":4214.594851952718},{"elapsedMs":70958,"records":254955,"rate":4666.566098172708},{"elapsedMs":71991,"records":259075,"rate":3990.0392659764166},{"elapsedMs":72991,"records":262015,"rate":2939.3753797924187},{"elapsedMs":74004,"records":263165,"rate":1135.5513861070965},{"elapsedMs":75028,"records":267415,"rate":4147.279489020271},{"elapsedMs":76043,"records":271622,"rate":4146.679799810403},{"elapsedMs":77051,"records":275296,"rate":3645.7412507268273},{"elapsedMs":78084,"records":279642,"rate":4207.239795781316},{"elapsedMs":79150,"records":283697,"rate":3802.392638360807},{"elapsedMs":80205,"records":287310,"rate":3425.359381681163},{"elapsedMs":81269,"records":290129,"rate":2649.1903230466096},{"elapsedMs":82289,"records":293623,"rate":3425.847051787652},{"elapsedMs":83323,"records":298341,"rate":4560.735941618218},{"elapsedMs":84343,"records":301603,"rate":3198.4927243252578},{"elapsedMs":85347,"records":306222,"rate":4601.182688436538},{"elapsedMs":86406,"records":310495,"rate":4036.279119565916},{"elapsedMs":87427,"records":314780,"rate":4197.034870772831},{"elapsedMs":88484,"records":319026,"rate":4014.3122920935925},{"elapsedMs":89491,"records":322964,"rate":3913.514279982803},{"elapsedMs":90518,"records":326691,"rate":3629.572149735653},{"elapsedMs":91599,"records":331431,"rate":4383.8393513547},{"elapsedMs":92621,"records":335798,"rate":4272.1028857297815},{"elapsedMs":93682,"records":340679,"rate":4601.238379805079},{"elapsedMs":94735,"records":343907,"rate":3063.987430756613},{"elapsedMs":95737,"records":348030,"rate":4114.510394923312},{"elapsedMs":96802,"records":351879,"rate":3614.1290439714303},{"elapsedMs":97832,"records":355793,"rate":3800.849962305211},{"elapsedMs":98865,"records":359157,"rate":3256.780541331083},{"elapsedMs":99889,"records":363619,"rate":4356.882936239371},{"elapsedMs":100945,"records":368559,"rate":4678.250145345845},{"elapsedMs":101987,"records":373171,"rate":4427.715173684856},{"elapsedMs":102994,"records":377529,"rate":4325.367618681006},{"elapsedMs":104077,"records":381824,"rate":3966.0382758965097},{"elapsedMs":105130,"records":386797,"rate":4723.830910030874},{"elapsedMs":106155,"records":390826,"rate":3931.7093565761443},{"elapsedMs":107240,"records":395698,"rate":4488.246677619156},{"elapsedMs":108302,"records":399486,"rate":3567.1462336305326},{"elapsedMs":109305,"records":404770,"rate":5271.486366432825},{"elapsedMs":110309,"records":408915,"rate":4125.652410591381},{"elapsedMs":111339,"records":413235,"rate":4195.495690769957},{"elapsedMs":112386,"records":417603,"rate":4172.788603548781},{"elapsedMs":113386,"records":422318,"rate":4712.130505719368},{"elapsedMs":114413,"records":427154,"rate":4711.614360888335},{"elapsedMs":115460,"records":431909,"rate":4538.959880056301},{"elapsedMs":116498,"records":436417,"rate":4342.613727495209},{"elapsedMs":117509,"records":440391,"rate":3930.888468155673},{"elapsedMs":118524,"records":446206,"rate":5731.1496979504245},{"elapsedMs":119541,"records":449385,"rate":3124.8737984476884},{"elapsedMs":120603,"records":453428,"rate":3807.6013876711436},{"elapsedMs":121603,"records":457667,"rate":4237.975469430266},{"elapsedMs":122626,"records":462764,"rate":4983.393367123765},{"elapsedMs":123721,"records":467947,"rate":4735.415800543768},{"elapsedMs":124775,"records":473165,"rate":4948.063544276163},{"elapsedMs":125867,"records":478203,"rate":4614.5544465133125},{"elapsedMs":126930,"records":482299,"rate":3853.932263813436},{"elapsedMs":127949,"records":487319,"rate":4925.857015788395},{"elapsedMs":128952,"records":491631,"rate":4297.22738275127},{"elapsedMs":130036,"records":495783,"rate":3831.368717357773},{"elapsedMs":131115,"records":500628,"rate":4491.507328621005},{"elapsedMs":132179,"records":505063,"rate":4165.214050223253},{"elapsedMs":133244,"records":509691,"rate":4348.722840474579},{"elapsedMs":134244,"records":513823,"rate":4131.816307710592},{"elapsedMs":135329,"records":517252,"rate":3160.2834640999},{"elapsedMs":136381,"records":521124,"rate":3678.33519233183},{"elapsedMs":137435,"records":525153,"rate":3825.2779633389937},{"elapsedMs":138436,"records":528641,"rate":3483.675163598749},{"elapsedMs":139523,"records":532282,"rate":3349.3585128459636},{"elapsedMs":140552,"records":536050,"rate":3661.058497008671},{"elapsedMs":141590,"records":539845,"rate":3656.4841496648737},{"elapsedMs":142634,"records":542949,"rate":2973.2201837738007},{"elapsedMs":143661,"records":546528,"rate":3485.824208237228},{"elapsedMs":144662,"records":551037,"rate":4503.771868486817},{"elapsedMs":145738,"records":553990,"rate":2745.3984593043256},{"elapsedMs":146802,"records":557675,"rate":3463.4304941065943},{"elapsedMs":147836,"records":559390,"rate":1658.3971763222635},{"elapsedMs":148866,"records":562253,"rate":2779.818787467901},{"elapsedMs":149894,"records":565362,"rate":3021.85327502908},{"elapsedMs":150911,"records":566562,"rate":1180.289895250216},{"elapsedMs":152010,"records":567900,"rate":1217.4515488541442},{"elapsedMs":153049,"records":569423,"rate":1465.801494097334},{"elapsedMs":154082,"records":571035,"rate":1560.2258537649031},{"elapsedMs":155149,"records":574071,"rate":2847.6750611409484},{"elapsedMs":156194,"records":577436,"rate":3219.1888498211915},{"elapsedMs":157255,"records":579919,"rate":2339.3821152918263},{"elapsedMs":158298,"records":581186,"rate":1214.7741747896412},{"elapsedMs":159347,"records":582375,"rate":1134.1294462289432},{"elapsedMs":160379,"records":584937,"rate":2482.2912475246762},{"elapsedMs":161427,"records":587214,"rate":2171.216520334715},{"elapsedMs":162479,"records":590378,"rate":3010.047722908173},{"elapsedMs":163505,"records":592195,"rate":1769.4913668936235},{"elapsedMs":164529,"records":595804,"rate":3527.1973829106296},{"elapsedMs":165603,"records":599420,"rate":3364.6052486475937},{"elapsedMs":166635,"records":603222,"rate":3686.9696155534525},{"elapsedMs":167650,"records":607251,"rate":3966.5382596139693},{"elapsedMs":168677,"records":610806,"rate":3461.082373785809},{"elapsedMs":169717,"records":614262,"rate":3325.1642085824824},{"elapsedMs":170731,"records":617246,"rate":2940.9095491897788},{"elapsedMs":171760,"records":621074,"rate":3720.036931920259},{"elapsedMs":172766,"records":625493,"rate":4392.951445286245},{"elapsedMs":173855,"records":628745,"rate":2987.273084033569},{"elapsedMs":174887,"records":632269,"rate":3414.6753278685446},{"elapsedMs":175931,"records":634999,"rate":2615.6121931022094},{"elapsedMs":176976,"records":637255,"rate":2159.078685752649},{"elapsedMs":177983,"records":639242,"rate":1972.698836928337},{"elapsedMs":179042,"records":642307,"rate":2893.2465173354494},{"elapsedMs":180133,"records":645725,"rate":3134.618354139653},{"elapsedMs":181136,"records":649582,"rate":3845.659469414433},{"elapsedMs":182189,"records":652757,"rate":3012.7016183424644},{"elapsedMs":183197,"records":656193,"rate":3411.0102261818543},{"elapsedMs":184230,"records":660440,"rate":4112.37406558863},{"elapsedMs":185283,"records":663385,"rate":2794.699212298227},{"elapsedMs":186294,"records":665146,"rate":1741.7944656181107},{"elapsedMs":187343,"records":669802,"rate":4437.846557833309},{"elapsedMs":188369,"records":675123,"rate":5191.056811813525},{"elapsedMs":189438,"records":679335,"rate":3936.679464146145},{"elapsedMs":190511,"records":682372,"rate":2831.048640104061},{"elapsedMs":191558,"records":685874,"rate":3344.2427331515314},{"elapsedMs":192656,"records":690902,"rate":4580.5565383299945},{"elapsedMs":193697,"records":695872,"rate":4772.896664724395},{"elapsedMs":194702,"records":699910,"rate":4018.545717861617},{"elapsedMs":195740,"records":704086,"rate":4024.206267545728},{"elapsedMs":196796,"records":708983,"rate":4635.153604849399},{"elapsedMs":197809,"records":712635,"rate":3604.7615500624306},{"elapsedMs":198827,"records":717363,"rate":4647.584394861318},{"elapsedMs":199913,"records":721314,"rate":3638.995971556856},{"elapsedMs":200967,"records":725606,"rate":4070.152762306801},{"elapsedMs":201997,"records":728948,"rate":3246.3335246694983},{"elapsedMs":203102,"records":733456,"rate":4077.376847137637},{"elapsedMs":204121,"records":736759,"rate":3240.642608656588},{"elapsedMs":205198,"records":741881,"rate":4757.687970005023},{"elapsedMs":206225,"records":745547,"rate":3570.9141410455914},{"elapsedMs":207243,"records":750315,"rate":4682.394704121241},{"elapsedMs":208312,"records":754105,"rate":3545.1497944630187},{"elapsedMs":209325,"records":757436,"rate":3286.4040459262565},{"elapsedMs":210366,"records":759496,"rate":1979.4862115543947},{"elapsedMs":211449,"records":762396,"rate":2677.2181879195705},{"elapsedMs":212454,"records":765434,"rate":3023.096259388163},{"elapsedMs":213457,"records":767630,"rate":2190.5931582514654},{"elapsedMs":214495,"records":769611,"rate":1908.2432935333698},{"elapsedMs":215498,"records":772331,"rate":2710.5512433414647},{"elapsedMs":216572,"records":774935,"rate":2426.030543023932},{"elapsedMs":217582,"records":779322,"rate":4341.07987475944},{"elapsedMs":218607,"records":784119,"rate":4681.968706175993},{"elapsedMs":219616,"records":789299,"rate":5133.00434752388},{"elapsedMs":220622,"records":793324,"rate":4002.7356157066397},{"elapsedMs":221629,"records":798017,"rate":4659.129484454695},{"elapsedMs":222671,"records":803151,"rate":4926.843868222811},{"elapsedMs":223750,"records":809235,"rate":5635.774630882305},{"elapsedMs":224761,"records":814342,"rate":5053.191719622564},{"elapsedMs":225841,"records":819131,"rate":4434.20177476014},{"elapsedMs":226927,"records":824728,"rate":5153.5293480292585},{"elapsedMs":227985,"records":829317,"rate":4338.239796515774},{"elapsedMs":229023,"records":833598,"rate":4123.833985579345},{"elapsedMs":230087,"records":839300,"rate":5360.8773191750415},{"elapsedMs":231093,"records":843214,"rate":3890.5566417195373},{"elapsedMs":232183,"records":848758,"rate":5083.1074451820905},{"elapsedMs":233195,"records":853639,"rate":4824.671954926236},{"elapsedMs":234264,"records":858089,"rate":4161.662018701192},{"elapsedMs":235280,"records":862607,"rate":4446.379567618698},{"elapsedMs":236364,"records":867437,"rate":4458.0772837491495},{"elapsedMs":237442,"records":872258,"rate":4472.374494802465},{"elapsedMs":238494,"records":877675,"rate":5146.517886994161},{"elapsedMs":239519,"records":882044,"rate":4265.71234893331},{"elapsedMs":240562,"records":887615,"rate":5340.5842726885185},{"elapsedMs":241640,"records":891432,"rate":3538.896685180375},{"elapsedMs":242731,"records":897457,"rate":5523.434621224837},{"elapsedMs":243762,"records":902176,"rate":4577.2013505752775},{"elapsedMs":244795,"records":906720,"rate":4397.609443634787},{"elapsedMs":245847,"records":911637,"rate":4673.7792525125515},{"elapsedMs":246931,"records":915907,"rate":3941.1735961756094},{"elapsedMs":247931,"records":920899,"rate":4989.918580212229},{"elapsedMs":249010,"records":926359,"rate":5062.93744022894},{"elapsedMs":250043,"records":931923,"rate":5384.353511134892},{"elapsedMs":251097,"records":936157,"rate":4019.3501197659066},{"elapsedMs":252097,"records":941273,"rate":5111.61040456508},{"elapsedMs":253109,"records":945400,"rate":4081.2010999955414},{"elapsedMs":254163,"records":951355,"rate":5646.6355820468325},{"elapsedMs":255199,"records":956099,"rate":4581.019166256096},{"elapsedMs":256201,"records":960433,"rate":4326.41849239439},{"elapsedMs":257299,"records":964300,"rate":3520.4446413166347},{"elapsedMs":258327,"records":970049,"rate":5594.040186455966},{"elapsedMs":259389,"records":975308,"rate":4950.015689403694},{"elapsedMs":260489,"records":980062,"rate":4322.46753039721},{"elapsedMs":261529,"records":984544,"rate":4309.123357308961},{"elapsedMs":262540,"records":990001,"rate":5398.731934327553},{"elapsedMs":263543,"records":994091,"rate":4075.398694161747},{"elapsedMs":264552,"records":999126,"rate":4992.576618639051},{"elapsedMs":265623,"records":1003555,"rate":4134.578072286945},{"elapsedMs":266681,"records":1009091,"rate":5234.345535680114},{"elapsedMs":267761,"records":1013935,"rate":4482.3593232531675},{"elapsedMs":268762,"records":1019397,"rate":5457.332616279927},{"elapsedMs":269786,"records":1023576,"rate":4083.728149584521},{"elapsedMs":270800,"records":1028147,"rate":4504.75235950744},{"elapsedMs":271827,"records":1032396,"rate":4136.953711440907},{"elapsedMs":272829,"records":1037765,"rate":5360.240247145952},{"elapsedMs":273925,"records":1041173,"rate":3109.9845601677325},{"elapsedMs":274927,"records":1045499,"rate":4318.877273050267},{"elapsedMs":276015,"records":1050587,"rate":4672.48361980421},{"elapsedMs":277019,"records":1054950,"rate":4346.964590994396},{"elapsedMs":278024,"records":1059644,"rate":4670.970169270934},{"elapsedMs":279026,"records":1064386,"rate":4734.982358406323},{"elapsedMs":280065,"records":1068777,"rate":4222.378434731889},{"elapsedMs":281069,"records":1074378,"rate":5581.034312971194},{"elapsedMs":282110,"records":1077974,"rate":3453.422844350436},{"elapsedMs":283141,"records":1082740,"rate":4625.679997282437},{"elapsedMs":284187,"records":1087491,"rate":4542.012355218146},{"elapsedMs":285250,"records":1092373,"rate":4589.767225846726},{"elapsedMs":286287,"records":1096053,"rate":3550.4829651064256},{"elapsedMs":287320,"records":1098876,"rate":2731.289773488189},{"elapsedMs":288374,"records":1102898,"rate":3817.2361360221016},{"elapsedMs":289407,"records":1106930,"rate":3904.5006438111936},{"elapsedMs":290495,"records":1113126,"rate":5692.012386340751},{"elapsedMs":291507,"records":1117050,"rate":3878.6169469541032},{"elapsedMs":292544,"records":1120265,"rate":3099.7453968438585},{"elapsedMs":293601,"records":1124806,"rate":4298.766135976272},{"elapsedMs":294661,"records":1129202,"rate":4144.0625775621265},{"elapsedMs":295748,"records":1134936,"rate":5277.841237973828},{"elapsedMs":296770,"records":1139343,"rate":4312.4098050609055},{"elapsedMs":297801,"records":1143101,"rate":3642.7268169176195},{"elapsedMs":298845,"records":1147930,"rate":4628.364264558808},{"elapsedMs":299907,"records":1152461,"rate":4265.427043508413},{"elapsedMs":300939,"records":1157349,"rate":4737.996991009388},{"elapsedMs":301944,"records":1158356,"rate":1001.4350663948813}]}}
