SLF4J(W): No SLF4J providers were found.
SLF4J(W): Defaulting to no-operation (NOP) logger implementation
SLF4J(W): See https://www.slf4j.org/codes.html#noProviders for further details.
OBSERVER_READY
{"window":{"elapsedMs":1014,"records":0,"rate":0.0}}
{"window":{"elapsedMs":2164,"records":1,"rate":0.8694594329082833}}
{"window":{"elapsedMs":3215,"records":1996,"rate":1898.6937421041464}}
{"window":{"elapsedMs":4299,"records":6003,"rate":3695.192141516486}}
{"window":{"elapsedMs":5300,"records":10607,"rate":4599.144641609551}}
{"window":{"elapsedMs":6333,"records":16574,"rate":5779.900757292632}}
{"window":{"elapsedMs":7400,"records":22350,"rate":5411.312064000757}}
{"window":{"elapsedMs":8489,"records":30889,"rate":7843.535590498344}}
{"window":{"elapsedMs":9528,"records":39224,"rate":8021.5328623064215}}
{"window":{"elapsedMs":10594,"records":47951,"rate":8184.19838733217}}
{"window":{"elapsedMs":11612,"records":54294,"rate":6232.564148777043}}
{"window":{"elapsedMs":12628,"records":59683,"rate":5304.925983967692}}
{"window":{"elapsedMs":13723,"records":64463,"rate":4365.852502915611}}
{"window":{"elapsedMs":14791,"records":70800,"rate":5928.776096179969}}
{"window":{"elapsedMs":15866,"records":76104,"rate":4935.226694222849}}
{"window":{"elapsedMs":16886,"records":81626,"rate":5414.24015087897}}
{"window":{"elapsedMs":17903,"records":86922,"rate":5209.272130615416}}
{"window":{"elapsedMs":18950,"records":92793,"rate":5603.658331590936}}
{"window":{"elapsedMs":19966,"records":97155,"rate":4296.515547659073}}
{"window":{"elapsedMs":21023,"records":103300,"rate":5811.307692251242}}
{"window":{"elapsedMs":22062,"records":108918,"rate":5407.585437628839}}
{"window":{"elapsedMs":23066,"records":114197,"rate":5257.979036225431}}
{"window":{"elapsedMs":24068,"records":119266,"rate":5056.5051633681005}}
{"window":{"elapsedMs":25079,"records":124429,"rate":5108.643390634581}}
{"window":{"elapsedMs":26080,"records":130628,"rate":6191.161988922025}}
{"window":{"elapsedMs":27169,"records":135532,"rate":4504.9886461195565}}
{"window":{"elapsedMs":28228,"records":141447,"rate":5585.826322010902}}
{"window":{"elapsedMs":29234,"records":146279,"rate":4802.819471315573}}
{"window":{"elapsedMs":30325,"records":152213,"rate":5436.704005068394}}
{"window":{"elapsedMs":31384,"records":157798,"rate":5273.676627057352}}
{"window":{"elapsedMs":32393,"records":162877,"rate":5034.9369556649135}}
{"window":{"elapsedMs":33445,"records":168699,"rate":5536.757551470407}}
{"window":{"elapsedMs":34493,"records":173840,"rate":4904.500882019772}}
{"window":{"elapsedMs":35533,"records":179165,"rate":5118.408857184585}}
{"window":{"elapsedMs":36545,"records":185016,"rate":5784.418211234026}}
{"window":{"elapsedMs":37577,"records":190156,"rate":4977.215599704945}}
{"window":{"elapsedMs":38668,"records":196325,"rate":5657.7068949491695}}
{"window":{"elapsedMs":39706,"records":201836,"rate":5305.844012564724}}
{"window":{"elapsedMs":40729,"records":207524,"rate":5561.7460455186265}}
{"window":{"elapsedMs":41790,"records":212668,"rate":4847.423514255717}}
{"window":{"elapsedMs":42860,"records":217846,"rate":4839.302651628037}}
{"window":{"elapsedMs":43923,"records":223835,"rate":5638.27154943644}}
{"window":{"elapsedMs":44973,"records":229000,"rate":4918.385979029012}}
{"window":{"elapsedMs":46025,"records":233914,"rate":4671.350767160422}}
{"window":{"elapsedMs":47047,"records":240057,"rate":6008.430921113225}}
{"window":{"elapsedMs":48092,"records":245936,"rate":5624.803863787706}}
{"window":{"elapsedMs":49114,"records":250979,"rate":4935.655050331565}}
{"window":{"elapsedMs":50137,"records":256049,"rate":4954.483734488533}}
{"window":{"elapsedMs":51155,"records":261376,"rate":5231.802339140888}}
{"window":{"elapsedMs":52198,"records":266786,"rate":5187.028862695734}}
{"window":{"elapsedMs":53214,"records":272920,"rate":6040.540003950832}}
{"window":{"elapsedMs":54284,"records":278498,"rate":5212.983827982135}}
{"window":{"elapsedMs":55291,"records":282820,"rate":4293.838678684622}}
{"window":{"elapsedMs":56317,"records":288516,"rate":5548.814234423033}}
{"window":{"elapsedMs":57359,"records":293502,"rate":4786.016689853843}}
{"window":{"elapsedMs":58394,"records":299055,"rate":5364.704022820742}}
{"window":{"elapsedMs":59467,"records":304805,"rate":5359.481183803434}}
{"finish":{"records":310432,"expected":312585,"elapsedMs":60354}}
{"window":{"elapsedMs":60496,"records":310807,"rate":5830.198146384762}}
{"window":{"elapsedMs":61525,"records":312568,"rate":1711.6465261321669}}
{"result":{"startedEpochMs":1790923243361,"expected":312585,"offeredExpected":315000,"records":312585,"unique":312585,"duplicates":0,"identityChecks":true,"outputBytes":466400760,"elapsedMs":61924,"activeMs":59850,"durableRate":5222.743817893204,"finishReceived":true,"finishError":null,"finishElapsedMs":60354,"drainAfterFinishMs":1569,"drainAfterMarkMs":null,"pass":true,"windows":[{"elapsedMs":1014,"records":0,"rate":0.0},{"elapsedMs":2164,"records":1,"rate":0.8694594329082833},{"elapsedMs":3215,"records":1996,"rate":1898.6937421041464},{"elapsedMs":4299,"records":6003,"rate":3695.192141516486},{"elapsedMs":5300,"records":10607,"rate":4599.144641609551},{"elapsedMs":6333,"records":16574,"rate":5779.900757292632},{"elapsedMs":7400,"records":22350,"rate":5411.312064000757},{"elapsedMs":8489,"records":30889,"rate":7843.535590498344},{"elapsedMs":9528,"records":39224,"rate":8021.5328623064215},{"elapsedMs":10594,"records":47951,"rate":8184.19838733217},{"elapsedMs":11612,"records":54294,"rate":6232.564148777043},{"elapsedMs":12628,"records":59683,"rate":5304.925983967692},{"elapsedMs":13723,"records":64463,"rate":4365.852502915611},{"elapsedMs":14791,"records":70800,"rate":5928.776096179969},{"elapsedMs":15866,"records":76104,"rate":4935.226694222849},{"elapsedMs":16886,"records":81626,"rate":5414.24015087897},{"elapsedMs":17903,"records":86922,"rate":5209.272130615416},{"elapsedMs":18950,"records":92793,"rate":5603.658331590936},{"elapsedMs":19966,"records":97155,"rate":4296.515547659073},{"elapsedMs":21023,"records":103300,"rate":5811.307692251242},{"elapsedMs":22062,"records":108918,"rate":5407.585437628839},{"elapsedMs":23066,"records":114197,"rate":5257.979036225431},{"elapsedMs":24068,"records":119266,"rate":5056.5051633681005},{"elapsedMs":25079,"records":124429,"rate":5108.643390634581},{"elapsedMs":26080,"records":130628,"rate":6191.161988922025},{"elapsedMs":27169,"records":135532,"rate":4504.9886461195565},{"elapsedMs":28228,"records":141447,"rate":5585.826322010902},{"elapsedMs":29234,"records":146279,"rate":4802.819471315573},{"elapsedMs":30325,"records":152213,"rate":5436.704005068394},{"elapsedMs":31384,"records":157798,"rate":5273.676627057352},{"elapsedMs":32393,"records":162877,"rate":5034.9369556649135},{"elapsedMs":33445,"records":168699,"rate":5536.757551470407},{"elapsedMs":34493,"records":173840,"rate":4904.500882019772},{"elapsedMs":35533,"records":179165,"rate":5118.408857184585},{"elapsedMs":36545,"records":185016,"rate":5784.418211234026},{"elapsedMs":37577,"records":190156,"rate":4977.215599704945},{"elapsedMs":38668,"records":196325,"rate":5657.7068949491695},{"elapsedMs":39706,"records":201836,"rate":5305.844012564724},{"elapsedMs":40729,"records":207524,"rate":5561.7460455186265},{"elapsedMs":41790,"records":212668,"rate":4847.423514255717},{"elapsedMs":42860,"records":217846,"rate":4839.302651628037},{"elapsedMs":43923,"records":223835,"rate":5638.27154943644},{"elapsedMs":44973,"records":229000,"rate":4918.385979029012},{"elapsedMs":46025,"records":233914,"rate":4671.350767160422},{"elapsedMs":47047,"records":240057,"rate":6008.430921113225},{"elapsedMs":48092,"records":245936,"rate":5624.803863787706},{"elapsedMs":49114,"records":250979,"rate":4935.655050331565},{"elapsedMs":50137,"records":256049,"rate":4954.483734488533},{"elapsedMs":51155,"records":261376,"rate":5231.802339140888},{"elapsedMs":52198,"records":266786,"rate":5187.028862695734},{"elapsedMs":53214,"records":272920,"rate":6040.540003950832},{"elapsedMs":54284,"records":278498,"rate":5212.983827982135},{"elapsedMs":55291,"records":282820,"rate":4293.838678684622},{"elapsedMs":56317,"records":288516,"rate":5548.814234423033},{"elapsedMs":57359,"records":293502,"rate":4786.016689853843},{"elapsedMs":58394,"records":299055,"rate":5364.704022820742},{"elapsedMs":59467,"records":304805,"rate":5359.481183803434},{"elapsedMs":60496,"records":310807,"rate":5830.198146384762},{"elapsedMs":61525,"records":312568,"rate":1711.6465261321669}]}}
