SLF4J(W): No SLF4J providers were found.
SLF4J(W): Defaulting to no-operation (NOP) logger implementation
SLF4J(W): See https://www.slf4j.org/codes.html#noProviders for further details.
{"ready":{"verifiedRecords":0,"resolvedRecords":0,"sourceTrades":0,"preflightContexts":0,"sourceTopicId":"Q3IH9BuqStW2Zwvfi_dPsw","verifiedTopicId":"8NGucAz5RJiz4-OZytMWjg","resolvedTopicId":"9OGgjoY2TZCr2gEhv0Z_1w","sourceCommittedEnds":{"0":0,"1":0,"4":0,"5":0,"2":0,"3":0,"8":0,"9":0,"6":0,"7":0,"12":0,"13":0,"10":0,"11":0,"14":0,"15":0},"verifiedCommittedEnds":{"9":0,"10":0,"11":0,"12":0,"5":0,"6":0,"7":0,"8":0,"1":0,"2":0,"3":0,"4":0,"0":0,"13":0,"14":0,"15":0},"resolvedCommittedEnds":{"14":0,"13":0,"15":0,"2":0,"1":0,"4":0,"3":0,"0":0,"10":0,"9":0,"12":0,"11":0,"6":0,"5":0,"8":0,"7":0}}}
OBSERVER_READY
{"window":{"records":0,"verifiedRecords":0,"elapsedMs":1213,"rate":0.0}}
{"window":{"records":0,"verifiedRecords":0,"elapsedMs":2236,"rate":0.0}}
{"window":{"records":1660,"verifiedRecords":1660,"elapsedMs":3236,"rate":1658.7609056035142}}
{"window":{"records":7571,"verifiedRecords":7571,"elapsedMs":4308,"rate":5515.784817497247}}
{"window":{"records":13212,"verifiedRecords":13212,"elapsedMs":5341,"rate":5460.22315563247}}
{"window":{"records":17936,"verifiedRecords":17936,"elapsedMs":6350,"rate":4683.842105469598}}
{"window":{"records":23210,"verifiedRecords":23210,"elapsedMs":7365,"rate":5195.0207438143625}}
{"window":{"records":31049,"verifiedRecords":31049,"elapsedMs":8409,"rate":7505.146978384791}}
{"window":{"records":39187,"verifiedRecords":39187,"elapsedMs":9414,"rate":8097.636988330911}}
{"window":{"records":44550,"verifiedRecords":44550,"elapsedMs":10469,"rate":5084.764243004894}}
{"window":{"records":49970,"verifiedRecords":49970,"elapsedMs":11473,"rate":5398.460590316865}}
{"window":{"records":55844,"verifiedRecords":55844,"elapsedMs":12555,"rate":5431.1589115064735}}
{"window":{"records":61456,"verifiedRecords":61456,"elapsedMs":13625,"rate":5244.938242067171}}
{"window":{"records":66409,"verifiedRecords":66409,"elapsedMs":14639,"rate":4880.938031028357}}
{"window":{"records":72309,"verifiedRecords":72309,"elapsedMs":15646,"rate":5860.443227188668}}
{"window":{"records":77748,"verifiedRecords":77748,"elapsedMs":16667,"rate":5330.633111699088}}
{"window":{"records":83047,"verifiedRecords":83047,"elapsedMs":17682,"rate":5219.799969837851}}
{"window":{"records":88809,"verifiedRecords":88809,"elapsedMs":18715,"rate":5575.468740286382}}
{"window":{"records":93974,"verifiedRecords":93974,"elapsedMs":19758,"rate":4952.469914109635}}
{"window":{"records":99422,"verifiedRecords":99422,"elapsedMs":20760,"rate":5437.198548359007}}
{"window":{"records":105019,"verifiedRecords":105019,"elapsedMs":21783,"rate":5469.62874983301}}
{"window":{"records":109890,"verifiedRecords":109890,"elapsedMs":22822,"rate":4688.885257978891}}
{"window":{"records":115449,"verifiedRecords":115449,"elapsedMs":23858,"rate":5365.606329648747}}
{"window":{"records":120984,"verifiedRecords":120984,"elapsedMs":24884,"rate":5393.843346172097}}
{"window":{"records":125791,"verifiedRecords":125791,"elapsedMs":25893,"rate":4764.946757498982}}
{"window":{"records":131861,"verifiedRecords":131861,"elapsedMs":26911,"rate":5965.749763754344}}
{"window":{"records":137024,"verifiedRecords":137024,"elapsedMs":27988,"rate":4794.3632106215155}}
{"window":{"records":142168,"verifiedRecords":142168,"elapsedMs":29037,"rate":4902.195524219056}}
{"window":{"records":147690,"verifiedRecords":147690,"elapsedMs":30056,"rate":5420.5793823673075}}
{"window":{"records":153372,"verifiedRecords":153372,"elapsedMs":31093,"rate":5479.776825759941}}
{"window":{"records":158860,"verifiedRecords":158860,"elapsedMs":32095,"rate":5477.255902457833}}
{"window":{"records":163569,"verifiedRecords":163569,"elapsedMs":33097,"rate":4699.1613236442345}}
{"window":{"records":169347,"verifiedRecords":169347,"elapsedMs":34125,"rate":5618.338522198267}}
{"window":{"records":174762,"verifiedRecords":174762,"elapsedMs":35142,"rate":5327.134682695794}}
{"window":{"records":179767,"verifiedRecords":179767,"elapsedMs":36147,"rate":4979.400895019305}}
{"window":{"records":185295,"verifiedRecords":185295,"elapsedMs":37183,"rate":5334.043509893261}}
{"window":{"records":190590,"verifiedRecords":190590,"elapsedMs":38201,"rate":5199.122544431839}}
{"window":{"records":196624,"verifiedRecords":196624,"elapsedMs":39252,"rate":5743.161740858811}}
{"window":{"records":202179,"verifiedRecords":202179,"elapsedMs":40311,"rate":5244.815491153504}}
{"window":{"records":207570,"verifiedRecords":207570,"elapsedMs":41315,"rate":5370.82070411312}}
{"window":{"records":212100,"verifiedRecords":212100,"elapsedMs":42320,"rate":4509.089844355714}}
{"window":{"records":217566,"verifiedRecords":217566,"elapsedMs":43343,"rate":5338.8301756917}}
{"window":{"records":223384,"verifiedRecords":223384,"elapsedMs":44370,"rate":5665.610653840976}}
{"window":{"records":228761,"verifiedRecords":228761,"elapsedMs":45458,"rate":4941.868666528758}}
{"window":{"records":233855,"verifiedRecords":233855,"elapsedMs":46487,"rate":4952.900931139249}}
{"window":{"records":239655,"verifiedRecords":239655,"elapsedMs":47495,"rate":5755.438271697536}}
{"window":{"records":244910,"verifiedRecords":244910,"elapsedMs":48505,"rate":5201.258001697461}}
{"window":{"records":249690,"verifiedRecords":249690,"elapsedMs":49513,"rate":4741.045592396856}}
{"window":{"records":255235,"verifiedRecords":255235,"elapsedMs":50550,"rate":5350.552877260485}}
{"window":{"records":261101,"verifiedRecords":261101,"elapsedMs":51579,"rate":5699.445115392874}}
{"window":{"records":266302,"verifiedRecords":266302,"elapsedMs":52613,"rate":5028.859416530362}}
{"window":{"records":271851,"verifiedRecords":271851,"elapsedMs":53656,"rate":5320.562530947163}}
{"window":{"records":277446,"verifiedRecords":277446,"elapsedMs":54691,"rate":5404.361374107185}}
{"window":{"records":282804,"verifiedRecords":282804,"elapsedMs":55783,"rate":4909.300751086731}}
{"window":{"records":288520,"verifiedRecords":288520,"elapsedMs":56805,"rate":5590.346934740011}}
{"window":{"records":293327,"verifiedRecords":293327,"elapsedMs":57808,"rate":4790.735648892172}}
{"window":{"records":298799,"verifiedRecords":298799,"elapsedMs":58837,"rate":5321.60349743562}}
{"window":{"records":304745,"verifiedRecords":304745,"elapsedMs":59858,"rate":5823.695596226483}}
{"window":{"records":310018,"verifiedRecords":310018,"elapsedMs":60866,"rate":5231.74507421726}}
{"window":{"records":311730,"verifiedRecords":311730,"elapsedMs":61905,"rate":1647.5952274120596}}
{"result":{"pass":true,"records":312585,"verifiedRecords":312585,"expected":312585,"unique":312585,"duplicates":0,"orderedExactSourceLinks":true,"initialVerifiedRecords":0,"initialResolvedRecords":0,"sourceTrades":312585,"sourceBatches":7125,"sourceCommittedEnds":{"0":1347,"1":1386,"4":1311,"5":1389,"2":1308,"3":1299,"8":1314,"9":1374,"6":1308,"7":1383,"12":1311,"13":1302,"10":1359,"11":1302,"14":1299,"15":1383},"verifiedCommittedEnds":{"9":20451,"10":20439,"11":20386,"12":20410,"5":20463,"6":20413,"7":20449,"8":20418,"1":20456,"2":20402,"3":20387,"4":20413,"0":20432,"13":20401,"14":20399,"15":20446},"latency":{"samples":312585,"p50MsUpper":187,"p95MsUpper":392,"p99MsUpper":848,"maxMs":1436.75625,"histogramCeilingMs":600000,"overflowSamples":0,"resolution":"1ms ceiling buckets; overflow percentile upper is observed maximum"},"timestampDiagnostics":{"producerCreateTimeMinusWorkFinished":{"samples":312585,"p50MsUpper":128,"p95MsUpper":282,"p99MsUpper":389,"maxMs":940.875666,"histogramCeilingMs":600000,"overflowSamples":0,"resolution":"1ms ceiling buckets; overflow percentile upper is observed maximum"},"visibilityMinusProducerCreateTime":{"samples":312585,"p50MsUpper":48,"p95MsUpper":154,"p99MsUpper":493,"maxMs":1067.844626,"histogramCeilingMs":600000,"overflowSamples":0,"resolution":"1ms ceiling buckets; overflow percentile upper is observed maximum"},"applicableCreateTimeSamples":312585,"producerMillisecondRoundingAdjustedSamples":0,"unknownOrLogAppendTimeOmittedSamples":0,"semantics":"CreateTime only: producer creation minus matching work is processing/publication diagnostic, not durable latency; visibility minus producer creation includes transaction commit and observer delivery/processing, not pure observer lag; producer timestamp truncation permits negative work delta up to999999ns, clamped0 and counted"},"observerCost":"all verified records plus full source checksum validation once per source batch; four bounded source readers; live CPU/fetch overhead included","latencySemantics":"batch matching workFinishedAt to observer poll-return read_committed verified visibility upper bound; includes checksum/source publication/extractor/verifier transaction/fetch/scheduling; not semantic acceptedAt, individual matching acceptance or producer timestamp","recordTimestampTypes":["CreateTime"],"recordTimestampsUsedForLatency":false,"clockAssumption":"matching and observer wall clocks share local host; negative intervals fail; wall steps reported","maxObservedWallStepMs":3.475278,"windowStartEpochMs":1790923243661,"windowDurationMs":60000,"verifiedObservedWithinFixedWindow":310765,"observationsBeforeStartCommand":0,"elapsedMs":63208,"activeMs":60281,"finishElapsedMs":61168,"drainAfterFinishMs":1522,"drainAfterMarkMs":null}}
