SLF4J(W): No SLF4J providers were found.
SLF4J(W): Defaulting to no-operation (NOP) logger implementation
SLF4J(W): See https://www.slf4j.org/codes.html#noProviders for further details.
OBSERVER_READY
{"window":{"elapsedMs":1010,"records":0,"rate":0.0}}
{"window":{"elapsedMs":2107,"records":0,"rate":0.0}}
{"window":{"elapsedMs":3112,"records":1082,"rate":1075.9798475617386}}
{"window":{"elapsedMs":4153,"records":2837,"rate":1687.1517540330933}}
{"window":{"elapsedMs":5219,"records":4451,"rate":1514.138408104862}}
{"window":{"elapsedMs":6228,"records":5998,"rate":1532.3081649574451}}
{"window":{"elapsedMs":7253,"records":7940,"rate":1895.4270654310374}}
{"window":{"elapsedMs":8312,"records":10189,"rate":2122.390891628408}}
{"window":{"elapsedMs":9321,"records":12469,"rate":2260.8100543506275}}
{"window":{"elapsedMs":10372,"records":15587,"rate":2966.4972759934208}}
{"window":{"elapsedMs":11379,"records":18737,"rate":3127.806129266168}}
{"window":{"elapsedMs":12414,"records":21653,"rate":2817.01706022918}}
{"window":{"elapsedMs":13465,"records":24879,"rate":3069.010886141218}}
{"window":{"elapsedMs":14483,"records":27685,"rate":2758.2027568922667}}
{"window":{"elapsedMs":15483,"records":29781,"rate":2094.2802461730907}}
{"window":{"elapsedMs":16508,"records":32569,"rate":2720.701298584094}}
{"window":{"elapsedMs":17540,"records":34225,"rate":1604.7943549211088}}
{"window":{"elapsedMs":18609,"records":35908,"rate":1573.931773977932}}
{"window":{"elapsedMs":19614,"records":38495,"rate":2575.8680616123665}}
{"window":{"elapsedMs":20633,"records":41424,"rate":2872.2561864473296}}
{"window":{"elapsedMs":21646,"records":43552,"rate":2100.7108874745545}}
{"window":{"elapsedMs":22689,"records":45862,"rate":2216.713315383195}}
{"window":{"elapsedMs":23701,"records":48597,"rate":2701.56686996499}}
{"window":{"elapsedMs":24726,"records":50702,"rate":2052.6203772701238}}
{"window":{"elapsedMs":25776,"records":53263,"rate":2441.1221846499}}
{"window":{"elapsedMs":26828,"records":55627,"rate":2246.432840686082}}
{"window":{"elapsedMs":27874,"records":57887,"rate":2161.4434049432953}}
{"window":{"elapsedMs":28889,"records":60457,"rate":2530.5816534151545}}
{"window":{"elapsedMs":29971,"records":62472,"rate":1862.2839485833365}}
{"window":{"elapsedMs":30985,"records":65361,"rate":2850.4994892070677}}
{"window":{"elapsedMs":32044,"records":67670,"rate":2179.0665294605333}}
{"window":{"elapsedMs":33130,"records":70025,"rate":2169.7577440878927}}
{"window":{"elapsedMs":34134,"records":72345,"rate":2308.7477406987696}}
{"window":{"elapsedMs":35135,"records":74866,"rate":2519.2293999239337}}
{"window":{"elapsedMs":36179,"records":77428,"rate":2453.249688486125}}
{"window":{"elapsedMs":37199,"records":79864,"rate":2389.389284810824}}
{"window":{"elapsedMs":38218,"records":81614,"rate":1717.209948162652}}
{"window":{"elapsedMs":39318,"records":84405,"rate":2537.589250007478}}
{"window":{"elapsedMs":40332,"records":87350,"rate":2904.7807685758944}}
{"window":{"elapsedMs":41345,"records":89684,"rate":2304.7336258392497}}
{"window":{"elapsedMs":42398,"records":91873,"rate":2077.715563943667}}
{"window":{"elapsedMs":43472,"records":94341,"rate":2297.441929388158}}
{"window":{"elapsedMs":44557,"records":96416,"rate":1912.5071747821873}}
{"window":{"elapsedMs":45591,"records":98845,"rate":2349.1358392402535}}
{"window":{"elapsedMs":46626,"records":101726,"rate":2784.80618060715}}
{"window":{"elapsedMs":47631,"records":104380,"rate":2641.3109204679545}}
{"window":{"elapsedMs":48703,"records":106787,"rate":2244.004663513426}}
{"window":{"elapsedMs":49737,"records":109149,"rate":2284.2086101112145}}
{"window":{"elapsedMs":50763,"records":111208,"rate":2007.575450923165}}
{"window":{"elapsedMs":51785,"records":113859,"rate":2592.909216451209}}
{"window":{"elapsedMs":52794,"records":115749,"rate":1874.5040988248795}}
{"window":{"elapsedMs":53844,"records":117858,"rate":2007.3329347386252}}
{"window":{"elapsedMs":54902,"records":119680,"rate":1721.9395967311027}}
{"window":{"elapsedMs":55979,"records":122190,"rate":2331.081074994216}}
{"window":{"elapsedMs":57030,"records":124696,"rate":2385.7086910220455}}
{"window":{"elapsedMs":58045,"records":126882,"rate":2153.531031737881}}
{"window":{"elapsedMs":59134,"records":129675,"rate":2563.910532671516}}
{"window":{"elapsedMs":60235,"records":132132,"rate":2231.2604080193028}}
{"finish":{"records":132132,"expected":315000,"elapsedMs":60251}}
{"window":{"elapsedMs":61287,"records":136690,"rate":4333.462885936369}}
{"window":{"elapsedMs":62376,"records":142024,"rate":4899.308257537174}}
{"window":{"elapsedMs":63448,"records":147309,"rate":4929.7587084873185}}
{"window":{"elapsedMs":64547,"records":152577,"rate":4790.088841363109}}
{"window":{"elapsedMs":65616,"records":157826,"rate":4910.673042402384}}
{"window":{"elapsedMs":66652,"records":162294,"rate":4314.902579137795}}
{"window":{"elapsedMs":67664,"records":166782,"rate":4433.784604088404}}
{"window":{"elapsedMs":68733,"records":171256,"rate":4184.489632305903}}
{"window":{"elapsedMs":69733,"records":176356,"rate":5099.703574630021}}
{"window":{"elapsedMs":70787,"records":181476,"rate":4860.443218785803}}
{"window":{"elapsedMs":71793,"records":186445,"rate":4938.106381811621}}
{"window":{"elapsedMs":72865,"records":191147,"rate":4385.051572566365}}
{"window":{"elapsedMs":73881,"records":195839,"rate":4619.014185479864}}
{"window":{"elapsedMs":74893,"records":200703,"rate":4806.637781784335}}
{"window":{"elapsedMs":75951,"records":205629,"rate":4655.641286479464}}
{"window":{"elapsedMs":76999,"records":210473,"rate":4621.267058601439}}
{"window":{"elapsedMs":78027,"records":215446,"rate":4840.363940706197}}
{"window":{"elapsedMs":79106,"records":220140,"rate":4350.4849794885895}}
{"window":{"elapsedMs":80146,"records":224973,"rate":4645.572630146984}}
{"window":{"elapsedMs":81174,"records":229806,"rate":4700.317094205892}}
{"window":{"elapsedMs":82259,"records":234802,"rate":4603.637355990119}}
{"window":{"elapsedMs":83307,"records":239813,"rate":4782.979424386113}}
{"window":{"elapsedMs":84407,"records":245179,"rate":4877.022603112941}}
{"window":{"elapsedMs":85444,"records":250108,"rate":4756.46631438856}}
{"window":{"elapsedMs":86544,"records":255213,"rate":4641.039879632026}}
{"window":{"elapsedMs":87572,"records":259839,"rate":4496.716950453864}}
{"window":{"elapsedMs":88625,"records":265407,"rate":5291.119881858188}}
{"window":{"elapsedMs":89697,"records":270046,"rate":4325.628070635878}}
{"window":{"elapsedMs":90778,"records":275403,"rate":4956.115507648046}}
{"window":{"elapsedMs":91806,"records":280295,"rate":4760.376577782638}}
{"window":{"elapsedMs":92842,"records":285456,"rate":4978.973700484005}}
{"window":{"elapsedMs":93935,"records":290441,"rate":4560.160090837145}}
{"window":{"elapsedMs":94945,"records":294788,"rate":4307.36488180085}}
{"window":{"elapsedMs":96024,"records":300188,"rate":5003.6703219059045}}
{"window":{"elapsedMs":97024,"records":305111,"rate":4920.488292466715}}
{"window":{"elapsedMs":98056,"records":310082,"rate":4816.485147978542}}
{"window":{"elapsedMs":99146,"records":314701,"rate":4238.210878521685}}
{"result":{"startedEpochMs":1790921876014,"expected":315000,"offeredExpected":315000,"records":315000,"unique":315000,"duplicates":0,"identityChecks":true,"outputBytes":469987408,"elapsedMs":99545,"activeMs":97342,"durableRate":3236.0125417911254,"finishReceived":true,"finishError":null,"finishElapsedMs":60251,"drainAfterFinishMs":39294,"drainAfterMarkMs":null,"pass":true,"windows":[{"elapsedMs":1010,"records":0,"rate":0.0},{"elapsedMs":2107,"records":0,"rate":0.0},{"elapsedMs":3112,"records":1082,"rate":1075.9798475617386},{"elapsedMs":4153,"records":2837,"rate":1687.1517540330933},{"elapsedMs":5219,"records":4451,"rate":1514.138408104862},{"elapsedMs":6228,"records":5998,"rate":1532.3081649574451},{"elapsedMs":7253,"records":7940,"rate":1895.4270654310374},{"elapsedMs":8312,"records":10189,"rate":2122.390891628408},{"elapsedMs":9321,"records":12469,"rate":2260.8100543506275},{"elapsedMs":10372,"records":15587,"rate":2966.4972759934208},{"elapsedMs":11379,"records":18737,"rate":3127.806129266168},{"elapsedMs":12414,"records":21653,"rate":2817.01706022918},{"elapsedMs":13465,"records":24879,"rate":3069.010886141218},{"elapsedMs":14483,"records":27685,"rate":2758.2027568922667},{"elapsedMs":15483,"records":29781,"rate":2094.2802461730907},{"elapsedMs":16508,"records":32569,"rate":2720.701298584094},{"elapsedMs":17540,"records":34225,"rate":1604.7943549211088},{"elapsedMs":18609,"records":35908,"rate":1573.931773977932},{"elapsedMs":19614,"records":38495,"rate":2575.8680616123665},{"elapsedMs":20633,"records":41424,"rate":2872.2561864473296},{"elapsedMs":21646,"records":43552,"rate":2100.7108874745545},{"elapsedMs":22689,"records":45862,"rate":2216.713315383195},{"elapsedMs":23701,"records":48597,"rate":2701.56686996499},{"elapsedMs":24726,"records":50702,"rate":2052.6203772701238},{"elapsedMs":25776,"records":53263,"rate":2441.1221846499},{"elapsedMs":26828,"records":55627,"rate":2246.432840686082},{"elapsedMs":27874,"records":57887,"rate":2161.4434049432953},{"elapsedMs":28889,"records":60457,"rate":2530.5816534151545},{"elapsedMs":29971,"records":62472,"rate":1862.2839485833365},{"elapsedMs":30985,"records":65361,"rate":2850.4994892070677},{"elapsedMs":32044,"records":67670,"rate":2179.0665294605333},{"elapsedMs":33130,"records":70025,"rate":2169.7577440878927},{"elapsedMs":34134,"records":72345,"rate":2308.7477406987696},{"elapsedMs":35135,"records":74866,"rate":2519.2293999239337},{"elapsedMs":36179,"records":77428,"rate":2453.249688486125},{"elapsedMs":37199,"records":79864,"rate":2389.389284810824},{"elapsedMs":38218,"records":81614,"rate":1717.209948162652},{"elapsedMs":39318,"records":84405,"rate":2537.589250007478},{"elapsedMs":40332,"records":87350,"rate":2904.7807685758944},{"elapsedMs":41345,"records":89684,"rate":2304.7336258392497},{"elapsedMs":42398,"records":91873,"rate":2077.715563943667},{"elapsedMs":43472,"records":94341,"rate":2297.441929388158},{"elapsedMs":44557,"records":96416,"rate":1912.5071747821873},{"elapsedMs":45591,"records":98845,"rate":2349.1358392402535},{"elapsedMs":46626,"records":101726,"rate":2784.80618060715},{"elapsedMs":47631,"records":104380,"rate":2641.3109204679545},{"elapsedMs":48703,"records":106787,"rate":2244.004663513426},{"elapsedMs":49737,"records":109149,"rate":2284.2086101112145},{"elapsedMs":50763,"records":111208,"rate":2007.575450923165},{"elapsedMs":51785,"records":113859,"rate":2592.909216451209},{"elapsedMs":52794,"records":115749,"rate":1874.5040988248795},{"elapsedMs":53844,"records":117858,"rate":2007.3329347386252},{"elapsedMs":54902,"records":119680,"rate":1721.9395967311027},{"elapsedMs":55979,"records":122190,"rate":2331.081074994216},{"elapsedMs":57030,"records":124696,"rate":2385.7086910220455},{"elapsedMs":58045,"records":126882,"rate":2153.531031737881},{"elapsedMs":59134,"records":129675,"rate":2563.910532671516},{"elapsedMs":60235,"records":132132,"rate":2231.2604080193028},{"elapsedMs":61287,"records":136690,"rate":4333.462885936369},{"elapsedMs":62376,"records":142024,"rate":4899.308257537174},{"elapsedMs":63448,"records":147309,"rate":4929.7587084873185},{"elapsedMs":64547,"records":152577,"rate":4790.088841363109},{"elapsedMs":65616,"records":157826,"rate":4910.673042402384},{"elapsedMs":66652,"records":162294,"rate":4314.902579137795},{"elapsedMs":67664,"records":166782,"rate":4433.784604088404},{"elapsedMs":68733,"records":171256,"rate":4184.489632305903},{"elapsedMs":69733,"records":176356,"rate":5099.703574630021},{"elapsedMs":70787,"records":181476,"rate":4860.443218785803},{"elapsedMs":71793,"records":186445,"rate":4938.106381811621},{"elapsedMs":72865,"records":191147,"rate":4385.051572566365},{"elapsedMs":73881,"records":195839,"rate":4619.014185479864},{"elapsedMs":74893,"records":200703,"rate":4806.637781784335},{"elapsedMs":75951,"records":205629,"rate":4655.641286479464},{"elapsedMs":76999,"records":210473,"rate":4621.267058601439},{"elapsedMs":78027,"records":215446,"rate":4840.363940706197},{"elapsedMs":79106,"records":220140,"rate":4350.4849794885895},{"elapsedMs":80146,"records":224973,"rate":4645.572630146984},{"elapsedMs":81174,"records":229806,"rate":4700.317094205892},{"elapsedMs":82259,"records":234802,"rate":4603.637355990119},{"elapsedMs":83307,"records":239813,"rate":4782.979424386113},{"elapsedMs":84407,"records":245179,"rate":4877.022603112941},{"elapsedMs":85444,"records":250108,"rate":4756.46631438856},{"elapsedMs":86544,"records":255213,"rate":4641.039879632026},{"elapsedMs":87572,"records":259839,"rate":4496.716950453864},{"elapsedMs":88625,"records":265407,"rate":5291.119881858188},{"elapsedMs":89697,"records":270046,"rate":4325.628070635878},{"elapsedMs":90778,"records":275403,"rate":4956.115507648046},{"elapsedMs":91806,"records":280295,"rate":4760.376577782638},{"elapsedMs":92842,"records":285456,"rate":4978.973700484005},{"elapsedMs":93935,"records":290441,"rate":4560.160090837145},{"elapsedMs":94945,"records":294788,"rate":4307.36488180085},{"elapsedMs":96024,"records":300188,"rate":5003.6703219059045},{"elapsedMs":97024,"records":305111,"rate":4920.488292466715},{"elapsedMs":98056,"records":310082,"rate":4816.485147978542},{"elapsedMs":99146,"records":314701,"rate":4238.210878521685}]}}
