SLF4J(W): No SLF4J providers were found.
SLF4J(W): Defaulting to no-operation (NOP) logger implementation
SLF4J(W): See https://www.slf4j.org/codes.html#noProviders for further details.
{"ready":{"verifiedRecords":0,"resolvedRecords":0,"sourceTrades":0,"preflightContexts":0,"sourceTopicId":"6EI9ceIKSN-fbfNFjbooXA","verifiedTopicId":"Aa5g3Qz5TTWXhZe_Cf8RNA","resolvedTopicId":"RbzRmwSxR763FjyWF08gVw","sourceCommittedEnds":{"4":0,"5":0,"6":0,"7":0,"0":0,"1":0,"2":0,"3":0,"12":0,"13":0,"14":0,"15":0,"8":0,"9":0,"10":0,"11":0},"verifiedCommittedEnds":{"15":0,"14":0,"13":0,"12":0,"11":0,"10":0,"9":0,"8":0,"7":0,"6":0,"5":0,"4":0,"3":0,"2":0,"1":0,"0":0},"resolvedCommittedEnds":{"6":0,"5":0,"4":0,"3":0,"2":0,"1":0,"0":0,"14":0,"13":0,"12":0,"11":0,"10":0,"9":0,"8":0,"7":0,"15":0}}}
OBSERVER_READY
{"window":{"records":0,"verifiedRecords":0,"elapsedMs":1179,"rate":0.0}}
{"window":{"records":0,"verifiedRecords":0,"elapsedMs":2207,"rate":0.0}}
{"window":{"records":603,"verifiedRecords":603,"elapsedMs":3222,"rate":594.3008464777749}}
{"window":{"records":2534,"verifiedRecords":2534,"elapsedMs":4226,"rate":1923.4720918862083}}
{"window":{"records":3700,"verifiedRecords":3700,"elapsedMs":5231,"rate":1160.0271639760556}}
{"window":{"records":4939,"verifiedRecords":4939,"elapsedMs":6270,"rate":1192.3626716863307}}
{"window":{"records":6611,"verifiedRecords":6611,"elapsedMs":7272,"rate":1669.013923794577}}
{"window":{"records":8913,"verifiedRecords":8913,"elapsedMs":8302,"rate":2234.031995978991}}
{"window":{"records":11296,"verifiedRecords":11296,"elapsedMs":9305,"rate":2374.9627295045807}}
{"window":{"records":13793,"verifiedRecords":13793,"elapsedMs":10309,"rate":2487.68207334634}}
{"window":{"records":16449,"verifiedRecords":16449,"elapsedMs":11318,"rate":2631.7380073106037}}
{"window":{"records":19277,"verifiedRecords":19277,"elapsedMs":12321,"rate":2820.7594602397376}}
{"window":{"records":22334,"verifiedRecords":22334,"elapsedMs":13326,"rate":3040.884579776057}}
{"window":{"records":25511,"verifiedRecords":25511,"elapsedMs":14341,"rate":3132.343095992279}}
{"window":{"records":27979,"verifiedRecords":27979,"elapsedMs":15383,"rate":2367.689480157149}}
{"window":{"records":30528,"verifiedRecords":30528,"elapsedMs":16384,"rate":2547.2290364651685}}
{"window":{"records":33029,"verifiedRecords":33029,"elapsedMs":17395,"rate":2472.97001747222}}
{"window":{"records":34828,"verifiedRecords":34828,"elapsedMs":18396,"rate":1797.096499214164}}
{"window":{"records":37144,"verifiedRecords":37144,"elapsedMs":19430,"rate":2240.3782718132165}}
{"window":{"records":39220,"verifiedRecords":39220,"elapsedMs":20448,"rate":2038.9694260040892}}
{"window":{"records":41460,"verifiedRecords":41460,"elapsedMs":21462,"rate":2209.3249023496146}}
{"window":{"records":43877,"verifiedRecords":43877,"elapsedMs":22477,"rate":2380.184006422207}}
{"window":{"records":46266,"verifiedRecords":46266,"elapsedMs":23513,"rate":2305.95988711059}}
{"window":{"records":48816,"verifiedRecords":48816,"elapsedMs":24519,"rate":2535.663568642969}}
{"window":{"records":51025,"verifiedRecords":51025,"elapsedMs":25535,"rate":2173.325849392141}}
{"window":{"records":53441,"verifiedRecords":53441,"elapsedMs":26544,"rate":2395.541576662653}}
{"window":{"records":55657,"verifiedRecords":55657,"elapsedMs":27556,"rate":2188.6861964973054}}
{"window":{"records":57841,"verifiedRecords":57841,"elapsedMs":28560,"rate":2175.9003025117127}}
{"window":{"records":60238,"verifiedRecords":60238,"elapsedMs":29568,"rate":2377.563907214252}}
{"window":{"records":62382,"verifiedRecords":62382,"elapsedMs":30581,"rate":2117.3968502297744}}
{"window":{"records":64933,"verifiedRecords":64933,"elapsedMs":31585,"rate":2541.1064105612054}}
{"window":{"records":67338,"verifiedRecords":67338,"elapsedMs":32596,"rate":2377.916031013293}}
{"window":{"records":69735,"verifiedRecords":69735,"elapsedMs":33602,"rate":2382.4741551400257}}
{"window":{"records":72089,"verifiedRecords":72089,"elapsedMs":34610,"rate":2336.90524369233}}
{"window":{"records":74300,"verifiedRecords":74300,"elapsedMs":35615,"rate":2199.2256209287502}}
{"window":{"records":76847,"verifiedRecords":76847,"elapsedMs":36623,"rate":2525.4013959687177}}
{"window":{"records":79301,"verifiedRecords":79301,"elapsedMs":37635,"rate":2425.757912169658}}
{"window":{"records":81570,"verifiedRecords":81570,"elapsedMs":38653,"rate":2228.4143507122485}}
{"window":{"records":83897,"verifiedRecords":83897,"elapsedMs":39655,"rate":2322.0592384553765}}
{"window":{"records":86097,"verifiedRecords":86097,"elapsedMs":40685,"rate":2136.7374352680736}}
{"window":{"records":88746,"verifiedRecords":88746,"elapsedMs":41689,"rate":2639.028649288043}}
{"window":{"records":91117,"verifiedRecords":91117,"elapsedMs":42697,"rate":2351.0247136554776}}
{"window":{"records":93356,"verifiedRecords":93356,"elapsedMs":43728,"rate":2171.679648689236}}
{"window":{"records":95795,"verifiedRecords":95795,"elapsedMs":44761,"rate":2360.819971143114}}
{"window":{"records":97803,"verifiedRecords":97803,"elapsedMs":45766,"rate":1998.7461371767306}}
{"window":{"records":100341,"verifiedRecords":100341,"elapsedMs":46776,"rate":2512.0944430635845}}
{"window":{"records":102843,"verifiedRecords":102843,"elapsedMs":47780,"rate":2492.009844036488}}
{"window":{"records":105107,"verifiedRecords":105107,"elapsedMs":48814,"rate":2189.6193595009977}}
{"window":{"records":107679,"verifiedRecords":107679,"elapsedMs":49827,"rate":2539.0094843643014}}
{"window":{"records":110066,"verifiedRecords":110066,"elapsedMs":50863,"rate":2305.2451515274192}}
{"window":{"records":112250,"verifiedRecords":112250,"elapsedMs":51882,"rate":2143.918898076811}}
{"window":{"records":114596,"verifiedRecords":114596,"elapsedMs":52916,"rate":2266.8685318569815}}
{"window":{"records":116707,"verifiedRecords":116707,"elapsedMs":53924,"rate":2094.081478075598}}
{"window":{"records":118596,"verifiedRecords":118596,"elapsedMs":54938,"rate":1863.3551076291221}}
{"window":{"records":120598,"verifiedRecords":120598,"elapsedMs":55943,"rate":1991.8397093001279}}
{"window":{"records":122780,"verifiedRecords":122780,"elapsedMs":56954,"rate":2158.213340158193}}
{"window":{"records":125158,"verifiedRecords":125158,"elapsedMs":57961,"rate":2362.8720049842173}}
{"window":{"records":127535,"verifiedRecords":127535,"elapsedMs":58974,"rate":2345.2877021699787}}
{"window":{"records":129879,"verifiedRecords":129879,"elapsedMs":60031,"rate":2218.849493160393}}
{"window":{"records":132291,"verifiedRecords":132291,"elapsedMs":61039,"rate":2391.410154663976}}
{"window":{"records":136873,"verifiedRecords":136873,"elapsedMs":62040,"rate":4579.087128200574}}
{"window":{"records":141716,"verifiedRecords":141716,"elapsedMs":63051,"rate":4789.769097515296}}
{"window":{"records":146833,"verifiedRecords":146833,"elapsedMs":64062,"rate":5062.881592932744}}
{"window":{"records":151619,"verifiedRecords":151619,"elapsedMs":65077,"rate":4714.140387561715}}
{"window":{"records":156321,"verifiedRecords":156321,"elapsedMs":66083,"rate":4673.668223230775}}
{"window":{"records":161045,"verifiedRecords":161045,"elapsedMs":67097,"rate":4659.137812937195}}
{"window":{"records":165419,"verifiedRecords":165419,"elapsedMs":68122,"rate":4266.415918719202}}
{"window":{"records":170219,"verifiedRecords":170219,"elapsedMs":69129,"rate":4766.9089096560465}}
{"window":{"records":174873,"verifiedRecords":174873,"elapsedMs":70135,"rate":4627.925876863975}}
{"window":{"records":179717,"verifiedRecords":179717,"elapsedMs":71139,"rate":4824.315788126759}}
{"window":{"records":184688,"verifiedRecords":184688,"elapsedMs":72150,"rate":4916.419950935415}}
{"window":{"records":189208,"verifiedRecords":189208,"elapsedMs":73158,"rate":4485.182461469563}}
{"window":{"records":193801,"verifiedRecords":193801,"elapsedMs":74159,"rate":4586.268119720758}}
{"window":{"records":198295,"verifiedRecords":198295,"elapsedMs":75160,"rate":4488.192090930268}}
{"window":{"records":203049,"verifiedRecords":203049,"elapsedMs":76169,"rate":4712.480296499348}}
{"window":{"records":207815,"verifiedRecords":207815,"elapsedMs":77171,"rate":4759.899398777166}}
{"window":{"records":212542,"verifiedRecords":212542,"elapsedMs":78173,"rate":4713.956284973315}}
{"window":{"records":217271,"verifiedRecords":217271,"elapsedMs":79180,"rate":4698.213578947369}}
{"window":{"records":221832,"verifiedRecords":221832,"elapsedMs":80185,"rate":4538.942441836092}}
{"window":{"records":226534,"verifiedRecords":226534,"elapsedMs":81209,"rate":4591.221663076563}}
{"window":{"records":231246,"verifiedRecords":231246,"elapsedMs":82210,"rate":4706.90457810421}}
{"window":{"records":236066,"verifiedRecords":236066,"elapsedMs":83218,"rate":4783.136757229248}}
{"window":{"records":240814,"verifiedRecords":240814,"elapsedMs":84220,"rate":4735.351284799391}}
{"window":{"records":245653,"verifiedRecords":245653,"elapsedMs":85226,"rate":4811.059966498021}}
{"window":{"records":250299,"verifiedRecords":250299,"elapsedMs":86231,"rate":4625.853828345826}}
{"window":{"records":255144,"verifiedRecords":255144,"elapsedMs":87247,"rate":4764.614984675184}}
{"window":{"records":260020,"verifiedRecords":260020,"elapsedMs":88256,"rate":4833.122547338989}}
{"window":{"records":264867,"verifiedRecords":264867,"elapsedMs":89263,"rate":4815.066082093074}}
{"window":{"records":269596,"verifiedRecords":269596,"elapsedMs":90267,"rate":4711.195210788433}}
{"window":{"records":274325,"verifiedRecords":274325,"elapsedMs":91275,"rate":4689.485611096801}}
{"window":{"records":279113,"verifiedRecords":279113,"elapsedMs":92275,"rate":4787.044979739497}}
{"window":{"records":283995,"verifiedRecords":283995,"elapsedMs":93279,"rate":4863.032553650921}}
{"window":{"records":288843,"verifiedRecords":288843,"elapsedMs":94282,"rate":4834.939011792081}}
{"window":{"records":293490,"verifiedRecords":293490,"elapsedMs":95282,"rate":4644.978078202383}}
{"window":{"records":298142,"verifiedRecords":298142,"elapsedMs":96288,"rate":4625.539982450212}}
{"window":{"records":302793,"verifiedRecords":302793,"elapsedMs":97307,"rate":4563.585281488249}}
{"window":{"records":307634,"verifiedRecords":307634,"elapsedMs":98328,"rate":4741.919177838158}}
{"window":{"records":312480,"verifiedRecords":312480,"elapsedMs":99337,"rate":4804.352071199998}}
{"window":{"records":315000,"verifiedRecords":315000,"elapsedMs":100369,"rate":2442.0218657242417}}
{"result":{"pass":true,"records":315000,"verifiedRecords":315000,"expected":315000,"unique":315000,"duplicates":0,"orderedExactSourceLinks":true,"initialVerifiedRecords":0,"initialResolvedRecords":0,"sourceTrades":315000,"sourceBatches":7454,"sourceCommittedEnds":{"4":1356,"5":1440,"6":1377,"7":1440,"0":1407,"1":1452,"2":1374,"3":1365,"12":1383,"13":1356,"14":1377,"15":1449,"8":1368,"9":1443,"10":1410,"11":1365},"verifiedCommittedEnds":{"15":20630,"14":20594,"13":20576,"12":20599,"11":20584,"10":20620,"9":20632,"8":20588,"7":20624,"6":20596,"5":20630,"4":20582,"3":20582,"2":20596,"1":20643,"0":20616},"latency":{"samples":315000,"p50MsUpper":35172,"p95MsUpper":38551,"p99MsUpper":39204,"maxMs":39980.840796,"histogramCeilingMs":600000,"overflowSamples":0,"resolution":"1ms ceiling buckets; overflow percentile upper is observed maximum"},"observerCost":"all verified records plus full source checksum validation once per source batch; four bounded source readers; live CPU/fetch overhead included","latencySemantics":"batch matching workFinishedAt to observer poll-return read_committed verified visibility upper bound; includes checksum/source publication/extractor/verifier transaction/fetch/scheduling; not semantic acceptedAt, individual matching acceptance or producer timestamp","recordTimestampTypes":["CreateTime"],"recordTimestampsUsedForLatency":false,"clockAssumption":"matching and observer wall clocks share local host; negative intervals fail; wall steps reported","maxObservedWallStepMs":3.362418,"windowStartEpochMs":1790921876226,"windowDurationMs":60000,"verifiedObservedWithinFixedWindow":132443,"observationsBeforeStartCommand":0,"elapsedMs":100881,"activeMs":97785,"finishElapsedMs":61111,"drainAfterFinishMs":39257,"drainAfterMarkMs":null}}
