SLF4J(W): No SLF4J providers were found.
SLF4J(W): Defaulting to no-operation (NOP) logger implementation
SLF4J(W): See https://www.slf4j.org/codes.html#noProviders for further details.
OBSERVER_READY
{"window":{"elapsedMs":1016,"records":0,"rate":0.0}}
{"window":{"elapsedMs":2048,"records":155,"rate":150.24594893495745}}
{"window":{"elapsedMs":3092,"records":2855,"rate":2585.7360003421445}}
{"window":{"elapsedMs":4097,"records":9580,"rate":6687.243542097091}}
{"window":{"elapsedMs":5172,"records":13826,"rate":3950.0462416358923}}
{"window":{"elapsedMs":6184,"records":21347,"rate":7436.224865159521}}
{"window":{"elapsedMs":7250,"records":29184,"rate":7348.939179363532}}
{"window":{"elapsedMs":8254,"records":37600,"rate":8384.145838040718}}
{"window":{"elapsedMs":9257,"records":47946,"rate":10313.955386358924}}
{"window":{"elapsedMs":10335,"records":56600,"rate":8024.824656908957}}
{"window":{"elapsedMs":11367,"records":69386,"rate":12393.792247433832}}
{"window":{"elapsedMs":12384,"records":82526,"rate":12919.06990043086}}
{"window":{"elapsedMs":13416,"records":97394,"rate":14415.844625863732}}
{"window":{"elapsedMs":14497,"records":108928,"rate":10661.87423277189}}
{"window":{"elapsedMs":15512,"records":125250,"rate":16089.622917950845}}
{"window":{"elapsedMs":16554,"records":141901,"rate":15974.336422193997}}
{"window":{"elapsedMs":17557,"records":158292,"rate":16348.113438181761}}
{"window":{"elapsedMs":18577,"records":172692,"rate":14115.111763337316}}
{"window":{"elapsedMs":19584,"records":185966,"rate":13176.272129840134}}
{"window":{"elapsedMs":20660,"records":196560,"rate":9847.954645076628}}
{"window":{"elapsedMs":21671,"records":206795,"rate":10128.950726595456}}
{"window":{"elapsedMs":22769,"records":218477,"rate":10636.317881126168}}
{"window":{"elapsedMs":23780,"records":230560,"rate":11951.439545453135}}
{"window":{"elapsedMs":24847,"records":240400,"rate":9224.916756657418}}
{"window":{"elapsedMs":25854,"records":252259,"rate":11774.989360211359}}
{"window":{"elapsedMs":26905,"records":263711,"rate":10894.405708208918}}
{"window":{"elapsedMs":27986,"records":273792,"rate":9329.274636459217}}
{"window":{"elapsedMs":29000,"records":283383,"rate":9454.907638422128}}
{"window":{"elapsedMs":30003,"records":294699,"rate":11277.840007327366}}
{"window":{"elapsedMs":31083,"records":303644,"rate":8282.55599492815}}
{"window":{"elapsedMs":32137,"records":314076,"rate":9904.126554898738}}
{"window":{"elapsedMs":33140,"records":322380,"rate":8272.977022821513}}
{"window":{"elapsedMs":34224,"records":334023,"rate":10745.481418697662}}
{"window":{"elapsedMs":35230,"records":344632,"rate":10543.606789906666}}
{"window":{"elapsedMs":36253,"records":356984,"rate":12080.756299708279}}
{"window":{"elapsedMs":37269,"records":366464,"rate":9328.120704701145}}
{"window":{"elapsedMs":38342,"records":379842,"rate":12467.696580726944}}
{"window":{"elapsedMs":39348,"records":393445,"rate":13516.884483150114}}
{"window":{"elapsedMs":40395,"records":404581,"rate":10637.645803546262}}
{"window":{"elapsedMs":41424,"records":414122,"rate":9272.792579071083}}
{"window":{"elapsedMs":42440,"records":424400,"rate":10114.299227515821}}
{"window":{"elapsedMs":43444,"records":434080,"rate":9639.73681475031}}
{"window":{"elapsedMs":44457,"records":445926,"rate":11702.876257568203}}
{"window":{"elapsedMs":45487,"records":457477,"rate":11211.161662117076}}
{"window":{"elapsedMs":46580,"records":468442,"rate":10027.523480605361}}
{"window":{"elapsedMs":47679,"records":481047,"rate":11469.142037686534}}
{"window":{"elapsedMs":48688,"records":490198,"rate":9073.126111653148}}
{"window":{"elapsedMs":49786,"records":502381,"rate":11099.586469203769}}
{"window":{"elapsedMs":50844,"records":513423,"rate":10432.571340319331}}
{"window":{"elapsedMs":51868,"records":523141,"rate":9493.475738725734}}
{"window":{"elapsedMs":52930,"records":533986,"rate":10213.052477133782}}
{"window":{"elapsedMs":53965,"records":543724,"rate":9401.339971113151}}
{"window":{"elapsedMs":55031,"records":557962,"rate":13360.014364858598}}
{"window":{"elapsedMs":56079,"records":570132,"rate":11612.632806319742}}
{"window":{"elapsedMs":57134,"records":579082,"rate":8482.685995301706}}
{"window":{"elapsedMs":58136,"records":589606,"rate":10508.901336005494}}
{"window":{"elapsedMs":59162,"records":601269,"rate":11357.558344063515}}
{"window":{"elapsedMs":60191,"records":612147,"rate":10571.171298500652}}
{"finish":{"records":616137,"expected":625780,"elapsedMs":60761}}
{"window":{"elapsedMs":61243,"records":624621,"rate":11865.826462404038}}
{"result":{"startedEpochMs":1790923922799,"expected":625780,"offeredExpected":630000,"records":625780,"unique":625780,"duplicates":0,"identityChecks":true,"outputBytes":891911571,"elapsedMs":62049,"activeMs":60270,"durableRate":10382.876624764662,"finishReceived":true,"finishError":null,"finishElapsedMs":60761,"drainAfterFinishMs":1287,"drainAfterMarkMs":null,"pass":true,"windows":[{"elapsedMs":1016,"records":0,"rate":0.0},{"elapsedMs":2048,"records":155,"rate":150.24594893495745},{"elapsedMs":3092,"records":2855,"rate":2585.7360003421445},{"elapsedMs":4097,"records":9580,"rate":6687.243542097091},{"elapsedMs":5172,"records":13826,"rate":3950.0462416358923},{"elapsedMs":6184,"records":21347,"rate":7436.224865159521},{"elapsedMs":7250,"records":29184,"rate":7348.939179363532},{"elapsedMs":8254,"records":37600,"rate":8384.145838040718},{"elapsedMs":9257,"records":47946,"rate":10313.955386358924},{"elapsedMs":10335,"records":56600,"rate":8024.824656908957},{"elapsedMs":11367,"records":69386,"rate":12393.792247433832},{"elapsedMs":12384,"records":82526,"rate":12919.06990043086},{"elapsedMs":13416,"records":97394,"rate":14415.844625863732},{"elapsedMs":14497,"records":108928,"rate":10661.87423277189},{"elapsedMs":15512,"records":125250,"rate":16089.622917950845},{"elapsedMs":16554,"records":141901,"rate":15974.336422193997},{"elapsedMs":17557,"records":158292,"rate":16348.113438181761},{"elapsedMs":18577,"records":172692,"rate":14115.111763337316},{"elapsedMs":19584,"records":185966,"rate":13176.272129840134},{"elapsedMs":20660,"records":196560,"rate":9847.954645076628},{"elapsedMs":21671,"records":206795,"rate":10128.950726595456},{"elapsedMs":22769,"records":218477,"rate":10636.317881126168},{"elapsedMs":23780,"records":230560,"rate":11951.439545453135},{"elapsedMs":24847,"records":240400,"rate":9224.916756657418},{"elapsedMs":25854,"records":252259,"rate":11774.989360211359},{"elapsedMs":26905,"records":263711,"rate":10894.405708208918},{"elapsedMs":27986,"records":273792,"rate":9329.274636459217},{"elapsedMs":29000,"records":283383,"rate":9454.907638422128},{"elapsedMs":30003,"records":294699,"rate":11277.840007327366},{"elapsedMs":31083,"records":303644,"rate":8282.55599492815},{"elapsedMs":32137,"records":314076,"rate":9904.126554898738},{"elapsedMs":33140,"records":322380,"rate":8272.977022821513},{"elapsedMs":34224,"records":334023,"rate":10745.481418697662},{"elapsedMs":35230,"records":344632,"rate":10543.606789906666},{"elapsedMs":36253,"records":356984,"rate":12080.756299708279},{"elapsedMs":37269,"records":366464,"rate":9328.120704701145},{"elapsedMs":38342,"records":379842,"rate":12467.696580726944},{"elapsedMs":39348,"records":393445,"rate":13516.884483150114},{"elapsedMs":40395,"records":404581,"rate":10637.645803546262},{"elapsedMs":41424,"records":414122,"rate":9272.792579071083},{"elapsedMs":42440,"records":424400,"rate":10114.299227515821},{"elapsedMs":43444,"records":434080,"rate":9639.73681475031},{"elapsedMs":44457,"records":445926,"rate":11702.876257568203},{"elapsedMs":45487,"records":457477,"rate":11211.161662117076},{"elapsedMs":46580,"records":468442,"rate":10027.523480605361},{"elapsedMs":47679,"records":481047,"rate":11469.142037686534},{"elapsedMs":48688,"records":490198,"rate":9073.126111653148},{"elapsedMs":49786,"records":502381,"rate":11099.586469203769},{"elapsedMs":50844,"records":513423,"rate":10432.571340319331},{"elapsedMs":51868,"records":523141,"rate":9493.475738725734},{"elapsedMs":52930,"records":533986,"rate":10213.052477133782},{"elapsedMs":53965,"records":543724,"rate":9401.339971113151},{"elapsedMs":55031,"records":557962,"rate":13360.014364858598},{"elapsedMs":56079,"records":570132,"rate":11612.632806319742},{"elapsedMs":57134,"records":579082,"rate":8482.685995301706},{"elapsedMs":58136,"records":589606,"rate":10508.901336005494},{"elapsedMs":59162,"records":601269,"rate":11357.558344063515},{"elapsedMs":60191,"records":612147,"rate":10571.171298500652},{"elapsedMs":61243,"records":624621,"rate":11865.826462404038}]}}
