SLF4J(W): No SLF4J providers were found.
SLF4J(W): Defaulting to no-operation (NOP) logger implementation
SLF4J(W): See https://www.slf4j.org/codes.html#noProviders for further details.
{"ready":{"verifiedRecords":0,"resolvedRecords":0,"sourceTrades":0,"sourceAcceptedOrders":64,"sourceCommands":64,"preflightAcceptedOrders":64,"preflightContexts":0,"sourceTopicId":"63Q3KUXpTUqSZaj83ZiFqA","verifiedTopicId":"XBeJwCpXRkOR0rOyyykSpA","resolvedTopicId":"UKdFkPPpSva3XJqRGPKSOg","sourceCommittedEnds":{"0":9,"2":6,"1":12,"4":6,"3":6,"6":9,"5":6,"8":9,"7":6,"10":9,"9":6,"12":9,"11":6,"14":9,"13":6,"15":9},"verifiedCommittedEnds":{"3":0,"2":0,"1":0,"0":0,"7":0,"6":0,"5":0,"4":0,"11":0,"10":0,"9":0,"8":0,"15":0,"14":0,"13":0,"12":0},"resolvedCommittedEnds":{"7":0,"6":0,"5":0,"4":0,"11":0,"10":0,"9":0,"8":0,"3":0,"2":0,"1":0,"0":0,"15":0,"14":0,"13":0,"12":0}}}
OBSERVER_READY
{"window":{"records":0,"verifiedRecords":0,"elapsedMs":1333,"rate":0.0}}
{"window":{"records":1207,"verifiedRecords":1207,"elapsedMs":2396,"rate":1135.0039547129925}}
{"window":{"records":8868,"verifiedRecords":8868,"elapsedMs":3424,"rate":7449.792787139991}}
{"window":{"records":17941,"verifiedRecords":17941,"elapsedMs":4457,"rate":8787.24465608893}}
{"window":{"records":25745,"verifiedRecords":25745,"elapsedMs":5462,"rate":7765.590094538865}}
{"window":{"records":38417,"verifiedRecords":38417,"elapsedMs":6511,"rate":12074.343148586444}}
{"window":{"records":49493,"verifiedRecords":49493,"elapsedMs":7577,"rate":10391.461594574623}}
{"window":{"records":64706,"verifiedRecords":64706,"elapsedMs":8597,"rate":14926.304865091857}}
{"window":{"records":75393,"verifiedRecords":75393,"elapsedMs":9600,"rate":10647.766080493311}}
{"window":{"records":84132,"verifiedRecords":84132,"elapsedMs":10609,"rate":8665.120455129449}}
{"window":{"records":98175,"verifiedRecords":98175,"elapsedMs":11683,"rate":13076.652789997364}}
{"window":{"records":108397,"verifiedRecords":108397,"elapsedMs":12734,"rate":9722.245388353194}}
{"window":{"records":120070,"verifiedRecords":120070,"elapsedMs":13744,"rate":11561.321484380935}}
{"window":{"records":130043,"verifiedRecords":130043,"elapsedMs":14816,"rate":9301.555583276693}}
{"window":{"records":141259,"verifiedRecords":141259,"elapsedMs":15828,"rate":11078.14813314082}}
{"window":{"records":152865,"verifiedRecords":152865,"elapsedMs":16833,"rate":11554.847165347739}}
{"window":{"records":163450,"verifiedRecords":163450,"elapsedMs":17840,"rate":10505.599112636259}}
{"window":{"records":174179,"verifiedRecords":174179,"elapsedMs":18861,"rate":10515.739921583865}}
{"window":{"records":184977,"verifiedRecords":184977,"elapsedMs":19898,"rate":10411.359405180969}}
{"window":{"records":195221,"verifiedRecords":195221,"elapsedMs":20906,"rate":10159.403913537462}}
{"window":{"records":206303,"verifiedRecords":206303,"elapsedMs":21922,"rate":10910.635733099767}}
{"window":{"records":217456,"verifiedRecords":217456,"elapsedMs":22959,"rate":10749.933044967816}}
{"window":{"records":227702,"verifiedRecords":227702,"elapsedMs":23988,"rate":9957.31704599519}}
{"window":{"records":238616,"verifiedRecords":238616,"elapsedMs":25056,"rate":10220.233110107516}}
{"window":{"records":250605,"verifiedRecords":250605,"elapsedMs":26085,"rate":11657.15479524282}}
{"window":{"records":259639,"verifiedRecords":259639,"elapsedMs":27101,"rate":8884.32248743328}}
{"window":{"records":270469,"verifiedRecords":270469,"elapsedMs":28142,"rate":10408.074849331031}}
{"window":{"records":282702,"verifiedRecords":282702,"elapsedMs":29183,"rate":11747.655876654895}}
{"window":{"records":293468,"verifiedRecords":293468,"elapsedMs":30204,"rate":10552.31904275415}}
{"window":{"records":301985,"verifiedRecords":301985,"elapsedMs":31205,"rate":8506.668650923453}}
{"window":{"records":313881,"verifiedRecords":313881,"elapsedMs":32245,"rate":11430.74302815167}}
{"window":{"records":323836,"verifiedRecords":323836,"elapsedMs":33275,"rate":9669.69641000753}}
{"window":{"records":335921,"verifiedRecords":335921,"elapsedMs":34296,"rate":11840.10518441809}}
{"window":{"records":345642,"verifiedRecords":345642,"elapsedMs":35325,"rate":9441.926159308172}}
{"window":{"records":357500,"verifiedRecords":357500,"elapsedMs":36328,"rate":11820.878988280136}}
{"window":{"records":366780,"verifiedRecords":366780,"elapsedMs":37364,"rate":8957.117552623915}}
{"window":{"records":378474,"verifiedRecords":378474,"elapsedMs":38371,"rate":11619.627609059125}}
{"window":{"records":389595,"verifiedRecords":389595,"elapsedMs":39443,"rate":10375.451599787579}}
{"window":{"records":401116,"verifiedRecords":401116,"elapsedMs":40481,"rate":11091.82938059933}}
{"window":{"records":410953,"verifiedRecords":410953,"elapsedMs":41502,"rate":9640.231235092431}}
{"window":{"records":422832,"verifiedRecords":422832,"elapsedMs":42548,"rate":11357.280601030463}}
{"window":{"records":433328,"verifiedRecords":433328,"elapsedMs":43573,"rate":10237.279620220646}}
{"window":{"records":443935,"verifiedRecords":443935,"elapsedMs":44615,"rate":10181.5043251255}}
{"window":{"records":455625,"verifiedRecords":455625,"elapsedMs":45673,"rate":11043.583174129311}}
{"window":{"records":466881,"verifiedRecords":466881,"elapsedMs":46696,"rate":11001.50896896406}}
{"window":{"records":477049,"verifiedRecords":477049,"elapsedMs":47725,"rate":9887.167763997242}}
{"window":{"records":487243,"verifiedRecords":487243,"elapsedMs":48730,"rate":10137.961152484499}}
{"window":{"records":498330,"verifiedRecords":498330,"elapsedMs":49736,"rate":11020.345720123398}}
{"window":{"records":508488,"verifiedRecords":508488,"elapsedMs":50740,"rate":10120.837973142561}}
{"window":{"records":519524,"verifiedRecords":519524,"elapsedMs":51833,"rate":10097.833808958141}}
{"window":{"records":530234,"verifiedRecords":530234,"elapsedMs":52874,"rate":10291.407299500132}}
{"window":{"records":540731,"verifiedRecords":540731,"elapsedMs":53879,"rate":10440.486938820544}}
{"window":{"records":552523,"verifiedRecords":552523,"elapsedMs":54915,"rate":11379.856225051279}}
{"window":{"records":563883,"verifiedRecords":563883,"elapsedMs":55922,"rate":11287.140088548767}}
{"window":{"records":574201,"verifiedRecords":574201,"elapsedMs":56954,"rate":9994.929718813111}}
{"window":{"records":584113,"verifiedRecords":584113,"elapsedMs":58018,"rate":9315.261979464733}}
{"window":{"records":595985,"verifiedRecords":595985,"elapsedMs":59060,"rate":11399.15862552859}}
{"window":{"records":607123,"verifiedRecords":607123,"elapsedMs":60088,"rate":10828.537096556092}}
{"window":{"records":617766,"verifiedRecords":617766,"elapsedMs":61142,"rate":10098.542149291996}}
{"window":{"records":625190,"verifiedRecords":625190,"elapsedMs":62217,"rate":6908.312862385047}}
{"result":{"pass":true,"records":625780,"verifiedRecords":625780,"expected":625780,"unique":625780,"duplicates":0,"orderedExactSourceLinks":true,"initialVerifiedRecords":0,"initialResolvedRecords":0,"sourceTrades":625780,"sourceBatches":6475,"sourceAcceptedOrders":625844,"sourceCommands":625844,"initialSourceAcceptedOrders":64,"sourceCommittedEnds":{"0":1224,"2":1188,"1":1257,"4":1191,"3":1188,"6":1191,"5":1254,"8":1191,"7":1248,"10":1224,"9":1260,"12":1185,"11":1182,"14":1191,"13":1179,"15":1272},"verifiedCommittedEnds":{"3":39928,"2":39911,"1":39956,"0":39916,"7":39965,"6":39903,"5":39952,"4":39923,"11":39909,"10":39934,"9":39950,"8":39913,"15":39961,"14":39903,"13":39919,"12":39897},"latency":{"samples":625780,"p50MsUpper":236,"p95MsUpper":414,"p99MsUpper":502,"maxMs":661.364208,"histogramCeilingMs":600000,"overflowSamples":0,"resolution":"1ms ceiling buckets; overflow percentile upper is observed maximum"},"batchEntryTiming":{"matchingWork":{"samples":625780,"p50MsUpper":6,"p95MsUpper":39,"p99MsUpper":63,"maxMs":145.699709,"histogramCeilingMs":600000,"overflowSamples":0,"resolution":"1ms ceiling buckets; overflow percentile upper is observed maximum"},"entryToVerifiedVisibilityUpper":{"samples":625780,"p50MsUpper":246,"p95MsUpper":433,"p99MsUpper":523,"maxMs":663.601167,"histogramCeilingMs":600000,"overflowSamples":0,"resolution":"1ms ceiling buckets; overflow percentile upper is observed maximum"},"semantics":"trade-weighted batch createdAt before matching execution to workFinishedAt, and createdAt to read_committed verified poll-return visibility upper bound; conservative whole-batch path bound, not individual command matching acceptance latency; createdAt is metadata excluded from payload and timing checksums; workFinishedAt timing integrity checked"},"timestampDiagnostics":{"producerCreateTimeMinusWorkFinished":{"samples":625780,"p50MsUpper":174,"p95MsUpper":329,"p99MsUpper":402,"maxMs":508.58674,"histogramCeilingMs":600000,"overflowSamples":0,"resolution":"1ms ceiling buckets; overflow percentile upper is observed maximum"},"visibilityMinusProducerCreateTime":{"samples":625780,"p50MsUpper":53,"p95MsUpper":138,"p99MsUpper":192,"maxMs":512.272593,"histogramCeilingMs":600000,"overflowSamples":0,"resolution":"1ms ceiling buckets; overflow percentile upper is observed maximum"},"applicableCreateTimeSamples":625780,"producerMillisecondRoundingAdjustedSamples":0,"unknownOrLogAppendTimeOmittedSamples":0,"semantics":"CreateTime only: producer creation minus matching work is processing/publication diagnostic, not durable latency; visibility minus producer creation includes transaction commit and observer delivery/processing, not pure observer lag; producer timestamp truncation permits negative work delta up to999999ns, clamped0 and counted"},"observerCost":"all verified records plus full source checksum validation once per source batch; four bounded source readers; live CPU/fetch overhead included","latencySemantics":"batch matching workFinishedAt to observer poll-return read_committed verified visibility upper bound; includes checksum/source publication/extractor/verifier transaction/fetch/scheduling; not semantic acceptedAt, individual matching acceptance or producer timestamp","recordTimestampTypes":["CreateTime"],"recordTimestampsUsedForLatency":false,"clockAssumption":"matching and observer wall clocks share local host; negative intervals fail; wall steps reported","maxObservedWallStepMs":0.627264,"windowStartEpochMs":1790923923200,"windowDurationMs":60000,"verifiedObservedWithinFixedWindow":618926,"observationsBeforeStartCommand":0,"elapsedMs":62734,"activeMs":60140,"finishElapsedMs":61594,"drainAfterFinishMs":634,"drainAfterMarkMs":null}}
