#0 building with "desktop-linux" instance using docker driver

#1 [internal] load build definition from runtime.Dockerfile
#1 transferring dockerfile: 215B done
#1 DONE 0.0s

#2 [internal] load metadata for docker.io/library/reef-platform-runtime:calcify-p2-local
#2 DONE 0.0s

#3 [internal] load .dockerignore
#3 transferring context: 2B done
#3 DONE 0.0s

#4 [1/3] FROM docker.io/library/reef-platform-runtime:calcify-p2-local
#4 DONE 0.0s

#5 [internal] load build context
#5 transferring context: 133.07MB 1.2s done
#5 DONE 1.2s

#6 [2/3] RUN rm -rf /app/platform-runtime
#6 CACHED

#7 [3/3] COPY --chown=10001:10001 platform-runtime /app/platform-runtime
#7 DONE 0.2s

#8 exporting to image
#8 exporting layers
#8 exporting layers 0.2s done
#8 writing image sha256:8effbfbf21c21749cfd333650aacc3ca38c2d4056f402c7b02c02a2a74b8810c done
#8 naming to docker.io/library/reef-platform-runtime:calcify-10k-master461 done
#8 DONE 0.2s
