#0 building with "desktop-linux" instance using docker driver

#1 [internal] load build definition from runtime.Dockerfile
#1 transferring dockerfile: 255B done
#1 WARN: CopyIgnoredFile: Attempting to Copy file "services/platform-runtime/build/install/platform-runtime" that is excluded by .dockerignore (line 4)
#1 DONE 0.0s

#2 [internal] load metadata for docker.io/library/reef-platform-runtime:calcify-p2-local
#2 DONE 0.0s

#3 [internal] load .dockerignore
#3 transferring context: 101B done
#3 DONE 0.0s

#4 [internal] load build context
#4 transferring context: 2B done
#4 DONE 0.0s

#5 [2/3] RUN rm -rf /app/platform-runtime
#5 CACHED

#6 [3/3] COPY --chown=10001:10001 services/platform-runtime/build/install/platform-runtime /app/platform-runtime
#6 ERROR: failed to calculate checksum of ref 2950183e-ce45-40d5-ab40-fef83000890f::urwkuxy94sdiekzscb15cedsq: "/services/platform-runtime/build/install/platform-runtime": not found

#7 [1/3] FROM docker.io/library/reef-platform-runtime:calcify-p2-local
#7 DONE 0.0s
------
 > [3/3] COPY --chown=10001:10001 services/platform-runtime/build/install/platform-runtime /app/platform-runtime:
------

 [33m1 warning found (use docker --debug to expand):
[0m - CopyIgnoredFile: Attempting to Copy file "services/platform-runtime/build/install/platform-runtime" that is excluded by .dockerignore (line 4)
runtime.Dockerfile:4
--------------------
   2 |     USER root
   3 |     RUN rm -rf /app/platform-runtime
   4 | >>> COPY --chown=10001:10001 services/platform-runtime/build/install/platform-runtime /app/platform-runtime
   5 |     USER 10001:10001
   6 |     
--------------------
ERROR: failed to build: failed to solve: failed to compute cache key: failed to calculate checksum of ref 2950183e-ce45-40d5-ab40-fef83000890f::urwkuxy94sdiekzscb15cedsq: "/services/platform-runtime/build/install/platform-runtime": not found
