#0 building with "desktop-linux" instance using docker driver

#1 [internal] load build definition from runtime.Dockerfile
#1 transferring dockerfile: 215B done
#1 DONE 0.0s

#2 [internal] load metadata for docker.io/library/reef-platform-runtime:calcify-p2-local
#2 DONE 0.0s

#3 [internal] load .dockerignore
#3 transferring context: 2B done
#3 DONE 0.0s

#4 [1/3] FROM docker.io/library/reef-platform-runtime:calcify-p2-local
#4 CACHED

#5 [internal] load build context
#5 ...

#6 [2/3] RUN rm -rf /app/platform-runtime
#6 DONE 0.2s

#5 [internal] load build context
#5 transferring context: 133.06MB 1.3s done
#5 DONE 1.3s

#7 [3/3] COPY --chown=10001:10001 platform-runtime /app/platform-runtime
#7 DONE 0.2s

#8 exporting to image
#8 exporting layers
#8 exporting layers 0.2s done
#8 writing image sha256:63152f673939635e3d156ad564d4418fc971f15dd15aa0940e55105c62608269 done
#8 naming to docker.io/library/reef-platform-runtime:calcify-10k-poll1000 done
#8 DONE 0.2s
