Exact two oldest task-owned completed/audited test cohorts; preserve best q2 and all PG volumes. Cleanup after ENOSPC, no old artifact rewrite.
SUMMARY
=======
NAME        REEF_CALC10K-CONTROL-20261001_COMMANDS
PARTITIONS  4
REPLICAS    1

CONFIGS
=======
KEY                                   VALUE          SOURCE
cleanup.policy                        delete         DEFAULT_CONFIG
compression.type                      producer       DEFAULT_CONFIG
delete.retention.ms                   -1             DEFAULT_CONFIG
flush.bytes                           262144         DEFAULT_CONFIG
flush.ms                              100            DEFAULT_CONFIG
initial.retention.local.target.bytes  -1             DEFAULT_CONFIG
initial.retention.local.target.ms     -1             DEFAULT_CONFIG
max.compaction.lag.ms                 9223372036854  DEFAULT_CONFIG
max.message.bytes                     1048576        DEFAULT_CONFIG
message.timestamp.after.max.ms        3600000        DEFAULT_CONFIG
message.timestamp.before.max.ms       9223372036854  DEFAULT_CONFIG
message.timestamp.type                CreateTime     DEFAULT_CONFIG
min.cleanable.dirty.ratio             0.5            DEFAULT_CONFIG
min.compaction.lag.ms                 0              DEFAULT_CONFIG
redpanda.iceberg.mode                 disabled       DEFAULT_CONFIG
redpanda.leaders.preference           none           DEFAULT_CONFIG
redpanda.remote.allowgaps             false          DEFAULT_CONFIG
redpanda.remote.delete                true           DEFAULT_CONFIG
redpanda.remote.read                  false          DEFAULT_CONFIG
redpanda.remote.write                 false          DEFAULT_CONFIG
redpanda.schema.registry.context      .              DEFAULT_CONFIG
redpanda.storage.mode                 unset          DEFAULT_CONFIG
redpanda.storage.mode.impl            unset          DEFAULT_CONFIG
retention.bytes                       -1             DEFAULT_CONFIG
retention.local.target.bytes          -1             DEFAULT_CONFIG
retention.local.target.ms             86400000       DEFAULT_CONFIG
retention.ms                          604800000      DEFAULT_CONFIG
segment.bytes                         134217728      DEFAULT_CONFIG
segment.ms                            1209600000     DEFAULT_CONFIG
write.caching                         true           DEFAULT_CONFIG
SUMMARY
=======
NAME        REEF_CALC10K-CONTROL-20261001_EVENTS
PARTITIONS  4
REPLICAS    1

CONFIGS
=======
KEY                                   VALUE          SOURCE
cleanup.policy                        delete         DEFAULT_CONFIG
compression.type                      producer       DEFAULT_CONFIG
delete.retention.ms                   -1             DEFAULT_CONFIG
flush.bytes                           262144         DEFAULT_CONFIG
flush.ms                              100            DEFAULT_CONFIG
initial.retention.local.target.bytes  -1             DEFAULT_CONFIG
initial.retention.local.target.ms     -1             DEFAULT_CONFIG
max.compaction.lag.ms                 9223372036854  DEFAULT_CONFIG
max.message.bytes                     1048576        DEFAULT_CONFIG
message.timestamp.after.max.ms        3600000        DEFAULT_CONFIG
message.timestamp.before.max.ms       9223372036854  DEFAULT_CONFIG
message.timestamp.type                CreateTime     DEFAULT_CONFIG
min.cleanable.dirty.ratio             0.5            DEFAULT_CONFIG
min.compaction.lag.ms                 0              DEFAULT_CONFIG
redpanda.iceberg.mode                 disabled       DEFAULT_CONFIG
redpanda.leaders.preference           none           DEFAULT_CONFIG
redpanda.remote.allowgaps             false          DEFAULT_CONFIG
redpanda.remote.delete                true           DEFAULT_CONFIG
redpanda.remote.read                  false          DEFAULT_CONFIG
redpanda.remote.write                 false          DEFAULT_CONFIG
redpanda.schema.registry.context      .              DEFAULT_CONFIG
redpanda.storage.mode                 unset          DEFAULT_CONFIG
redpanda.storage.mode.impl            unset          DEFAULT_CONFIG
retention.bytes                       -1             DEFAULT_CONFIG
retention.local.target.bytes          -1             DEFAULT_CONFIG
retention.local.target.ms             86400000       DEFAULT_CONFIG
retention.ms                          604800000      DEFAULT_CONFIG
segment.bytes                         134217728      DEFAULT_CONFIG
segment.ms                            1209600000     DEFAULT_CONFIG
write.caching                         true           DEFAULT_CONFIG
SUMMARY
=======
NAME        REEF_CALC10K-CONTROL-20261001_COMMITMENTS
PARTITIONS  4
REPLICAS    1

CONFIGS
=======
KEY                                   VALUE          SOURCE
cleanup.policy                        delete         DEFAULT_CONFIG
compression.type                      producer       DEFAULT_CONFIG
delete.retention.ms                   -1             DEFAULT_CONFIG
flush.bytes                           262144         DEFAULT_CONFIG
flush.ms                              100            DEFAULT_CONFIG
initial.retention.local.target.bytes  -1             DEFAULT_CONFIG
initial.retention.local.target.ms     -1             DEFAULT_CONFIG
max.compaction.lag.ms                 9223372036854  DEFAULT_CONFIG
max.message.bytes                     1048576        DEFAULT_CONFIG
message.timestamp.after.max.ms        3600000        DEFAULT_CONFIG
message.timestamp.before.max.ms       9223372036854  DEFAULT_CONFIG
message.timestamp.type                CreateTime     DEFAULT_CONFIG
min.cleanable.dirty.ratio             0.5            DEFAULT_CONFIG
min.compaction.lag.ms                 0              DEFAULT_CONFIG
redpanda.iceberg.mode                 disabled       DEFAULT_CONFIG
redpanda.leaders.preference           none           DEFAULT_CONFIG
redpanda.remote.allowgaps             false          DEFAULT_CONFIG
redpanda.remote.delete                true           DEFAULT_CONFIG
redpanda.remote.read                  false          DEFAULT_CONFIG
redpanda.remote.write                 false          DEFAULT_CONFIG
redpanda.schema.registry.context      .              DEFAULT_CONFIG
redpanda.storage.mode                 unset          DEFAULT_CONFIG
redpanda.storage.mode.impl            unset          DEFAULT_CONFIG
retention.bytes                       -1             DEFAULT_CONFIG
retention.local.target.bytes          -1             DEFAULT_CONFIG
retention.local.target.ms             86400000       DEFAULT_CONFIG
retention.ms                          604800000      DEFAULT_CONFIG
segment.bytes                         134217728      DEFAULT_CONFIG
segment.ms                            1209600000     DEFAULT_CONFIG
write.caching                         true           DEFAULT_CONFIG
SUMMARY
=======
NAME        REEF_CALC10K-CONTROL-20261001_VERIFIED
PARTITIONS  4
REPLICAS    1

CONFIGS
=======
KEY                                   VALUE          SOURCE
cleanup.policy                        delete         DEFAULT_CONFIG
compression.type                      producer       DEFAULT_CONFIG
delete.retention.ms                   -1             DEFAULT_CONFIG
flush.bytes                           262144         DEFAULT_CONFIG
flush.ms                              100            DEFAULT_CONFIG
initial.retention.local.target.bytes  -1             DEFAULT_CONFIG
initial.retention.local.target.ms     -1             DEFAULT_CONFIG
max.compaction.lag.ms                 9223372036854  DEFAULT_CONFIG
max.message.bytes                     1048576        DEFAULT_CONFIG
message.timestamp.after.max.ms        3600000        DEFAULT_CONFIG
message.timestamp.before.max.ms       9223372036854  DEFAULT_CONFIG
message.timestamp.type                CreateTime     DEFAULT_CONFIG
min.cleanable.dirty.ratio             0.5            DEFAULT_CONFIG
min.compaction.lag.ms                 0              DEFAULT_CONFIG
redpanda.iceberg.mode                 disabled       DEFAULT_CONFIG
redpanda.leaders.preference           none           DEFAULT_CONFIG
redpanda.remote.allowgaps             false          DEFAULT_CONFIG
redpanda.remote.delete                true           DEFAULT_CONFIG
redpanda.remote.read                  false          DEFAULT_CONFIG
redpanda.remote.write                 false          DEFAULT_CONFIG
redpanda.schema.registry.context      .              DEFAULT_CONFIG
redpanda.storage.mode                 unset          DEFAULT_CONFIG
redpanda.storage.mode.impl            unset          DEFAULT_CONFIG
retention.bytes                       -1             DEFAULT_CONFIG
retention.local.target.bytes          -1             DEFAULT_CONFIG
retention.local.target.ms             86400000       DEFAULT_CONFIG
retention.ms                          604800000      DEFAULT_CONFIG
segment.bytes                         134217728      DEFAULT_CONFIG
segment.ms                            1209600000     DEFAULT_CONFIG
write.caching                         true           DEFAULT_CONFIG
SUMMARY
=======
NAME        REEF_CALC10K-CONTROL-20261001_RESOLVED
PARTITIONS  4
REPLICAS    1

CONFIGS
=======
KEY                                   VALUE          SOURCE
cleanup.policy                        delete         DYNAMIC_TOPIC_CONFIG
compression.type                      producer       DEFAULT_CONFIG
delete.retention.ms                   -1             DEFAULT_CONFIG
flush.bytes                           262144         DEFAULT_CONFIG
flush.ms                              100            DEFAULT_CONFIG
initial.retention.local.target.bytes  -1             DEFAULT_CONFIG
initial.retention.local.target.ms     -1             DEFAULT_CONFIG
max.compaction.lag.ms                 9223372036854  DEFAULT_CONFIG
max.message.bytes                     16778240       DYNAMIC_TOPIC_CONFIG
message.timestamp.after.max.ms        3600000        DEFAULT_CONFIG
message.timestamp.before.max.ms       9223372036854  DEFAULT_CONFIG
message.timestamp.type                CreateTime     DEFAULT_CONFIG
min.cleanable.dirty.ratio             0.5            DEFAULT_CONFIG
min.compaction.lag.ms                 0              DEFAULT_CONFIG
redpanda.iceberg.mode                 disabled       DEFAULT_CONFIG
redpanda.leaders.preference           none           DEFAULT_CONFIG
redpanda.remote.allowgaps             false          DEFAULT_CONFIG
redpanda.remote.delete                true           DEFAULT_CONFIG
redpanda.remote.read                  false          DEFAULT_CONFIG
redpanda.remote.write                 false          DEFAULT_CONFIG
redpanda.schema.registry.context      .              DEFAULT_CONFIG
redpanda.storage.mode                 unset          DEFAULT_CONFIG
redpanda.storage.mode.impl            unset          DEFAULT_CONFIG
retention.bytes                       -1             DEFAULT_CONFIG
retention.local.target.bytes          -1             DEFAULT_CONFIG
retention.local.target.ms             86400000       DEFAULT_CONFIG
retention.ms                          604800000      DEFAULT_CONFIG
segment.bytes                         134217728      DEFAULT_CONFIG
segment.ms                            1209600000     DEFAULT_CONFIG
write.caching                         false          DYNAMIC_TOPIC_CONFIG
SUMMARY
=======
NAME        REEF_CALC10K-HTTP128-20261001_COMMANDS
PARTITIONS  4
REPLICAS    1

CONFIGS
=======
KEY                                   VALUE          SOURCE
cleanup.policy                        delete         DEFAULT_CONFIG
compression.type                      producer       DEFAULT_CONFIG
delete.retention.ms                   -1             DEFAULT_CONFIG
flush.bytes                           262144         DEFAULT_CONFIG
flush.ms                              100            DEFAULT_CONFIG
initial.retention.local.target.bytes  -1             DEFAULT_CONFIG
initial.retention.local.target.ms     -1             DEFAULT_CONFIG
max.compaction.lag.ms                 9223372036854  DEFAULT_CONFIG
max.message.bytes                     1048576        DEFAULT_CONFIG
message.timestamp.after.max.ms        3600000        DEFAULT_CONFIG
message.timestamp.before.max.ms       9223372036854  DEFAULT_CONFIG
message.timestamp.type                CreateTime     DEFAULT_CONFIG
min.cleanable.dirty.ratio             0.5            DEFAULT_CONFIG
min.compaction.lag.ms                 0              DEFAULT_CONFIG
redpanda.iceberg.mode                 disabled       DEFAULT_CONFIG
redpanda.leaders.preference           none           DEFAULT_CONFIG
redpanda.remote.allowgaps             false          DEFAULT_CONFIG
redpanda.remote.delete                true           DEFAULT_CONFIG
redpanda.remote.read                  false          DEFAULT_CONFIG
redpanda.remote.write                 false          DEFAULT_CONFIG
redpanda.schema.registry.context      .              DEFAULT_CONFIG
redpanda.storage.mode                 unset          DEFAULT_CONFIG
redpanda.storage.mode.impl            unset          DEFAULT_CONFIG
retention.bytes                       -1             DEFAULT_CONFIG
retention.local.target.bytes          -1             DEFAULT_CONFIG
retention.local.target.ms             86400000       DEFAULT_CONFIG
retention.ms                          604800000      DEFAULT_CONFIG
segment.bytes                         134217728      DEFAULT_CONFIG
segment.ms                            1209600000     DEFAULT_CONFIG
write.caching                         true           DEFAULT_CONFIG
SUMMARY
=======
NAME        REEF_CALC10K-HTTP128-20261001_EVENTS
PARTITIONS  4
REPLICAS    1

CONFIGS
=======
KEY                                   VALUE          SOURCE
cleanup.policy                        delete         DEFAULT_CONFIG
compression.type                      producer       DEFAULT_CONFIG
delete.retention.ms                   -1             DEFAULT_CONFIG
flush.bytes                           262144         DEFAULT_CONFIG
flush.ms                              100            DEFAULT_CONFIG
initial.retention.local.target.bytes  -1             DEFAULT_CONFIG
initial.retention.local.target.ms     -1             DEFAULT_CONFIG
max.compaction.lag.ms                 9223372036854  DEFAULT_CONFIG
max.message.bytes                     1048576        DEFAULT_CONFIG
message.timestamp.after.max.ms        3600000        DEFAULT_CONFIG
message.timestamp.before.max.ms       9223372036854  DEFAULT_CONFIG
message.timestamp.type                CreateTime     DEFAULT_CONFIG
min.cleanable.dirty.ratio             0.5            DEFAULT_CONFIG
min.compaction.lag.ms                 0              DEFAULT_CONFIG
redpanda.iceberg.mode                 disabled       DEFAULT_CONFIG
redpanda.leaders.preference           none           DEFAULT_CONFIG
redpanda.remote.allowgaps             false          DEFAULT_CONFIG
redpanda.remote.delete                true           DEFAULT_CONFIG
redpanda.remote.read                  false          DEFAULT_CONFIG
redpanda.remote.write                 false          DEFAULT_CONFIG
redpanda.schema.registry.context      .              DEFAULT_CONFIG
redpanda.storage.mode                 unset          DEFAULT_CONFIG
redpanda.storage.mode.impl            unset          DEFAULT_CONFIG
retention.bytes                       -1             DEFAULT_CONFIG
retention.local.target.bytes          -1             DEFAULT_CONFIG
retention.local.target.ms             86400000       DEFAULT_CONFIG
retention.ms                          604800000      DEFAULT_CONFIG
segment.bytes                         134217728      DEFAULT_CONFIG
segment.ms                            1209600000     DEFAULT_CONFIG
write.caching                         true           DEFAULT_CONFIG
SUMMARY
=======
NAME        REEF_CALC10K-HTTP128-20261001_COMMITMENTS
PARTITIONS  4
REPLICAS    1

CONFIGS
=======
KEY                                   VALUE          SOURCE
cleanup.policy                        delete         DEFAULT_CONFIG
compression.type                      producer       DEFAULT_CONFIG
delete.retention.ms                   -1             DEFAULT_CONFIG
flush.bytes                           262144         DEFAULT_CONFIG
flush.ms                              100            DEFAULT_CONFIG
initial.retention.local.target.bytes  -1             DEFAULT_CONFIG
initial.retention.local.target.ms     -1             DEFAULT_CONFIG
max.compaction.lag.ms                 9223372036854  DEFAULT_CONFIG
max.message.bytes                     1048576        DEFAULT_CONFIG
message.timestamp.after.max.ms        3600000        DEFAULT_CONFIG
message.timestamp.before.max.ms       9223372036854  DEFAULT_CONFIG
message.timestamp.type                CreateTime     DEFAULT_CONFIG
min.cleanable.dirty.ratio             0.5            DEFAULT_CONFIG
min.compaction.lag.ms                 0              DEFAULT_CONFIG
redpanda.iceberg.mode                 disabled       DEFAULT_CONFIG
redpanda.leaders.preference           none           DEFAULT_CONFIG
redpanda.remote.allowgaps             false          DEFAULT_CONFIG
redpanda.remote.delete                true           DEFAULT_CONFIG
redpanda.remote.read                  false          DEFAULT_CONFIG
redpanda.remote.write                 false          DEFAULT_CONFIG
redpanda.schema.registry.context      .              DEFAULT_CONFIG
redpanda.storage.mode                 unset          DEFAULT_CONFIG
redpanda.storage.mode.impl            unset          DEFAULT_CONFIG
retention.bytes                       -1             DEFAULT_CONFIG
retention.local.target.bytes          -1             DEFAULT_CONFIG
retention.local.target.ms             86400000       DEFAULT_CONFIG
retention.ms                          604800000      DEFAULT_CONFIG
segment.bytes                         134217728      DEFAULT_CONFIG
segment.ms                            1209600000     DEFAULT_CONFIG
write.caching                         true           DEFAULT_CONFIG
SUMMARY
=======
NAME        REEF_CALC10K-HTTP128-20261001_VERIFIED
PARTITIONS  4
REPLICAS    1

CONFIGS
=======
KEY                                   VALUE          SOURCE
cleanup.policy                        delete         DEFAULT_CONFIG
compression.type                      producer       DEFAULT_CONFIG
delete.retention.ms                   -1             DEFAULT_CONFIG
flush.bytes                           262144         DEFAULT_CONFIG
flush.ms                              100            DEFAULT_CONFIG
initial.retention.local.target.bytes  -1             DEFAULT_CONFIG
initial.retention.local.target.ms     -1             DEFAULT_CONFIG
max.compaction.lag.ms                 9223372036854  DEFAULT_CONFIG
max.message.bytes                     1048576        DEFAULT_CONFIG
message.timestamp.after.max.ms        3600000        DEFAULT_CONFIG
message.timestamp.before.max.ms       9223372036854  DEFAULT_CONFIG
message.timestamp.type                CreateTime     DEFAULT_CONFIG
min.cleanable.dirty.ratio             0.5            DEFAULT_CONFIG
min.compaction.lag.ms                 0              DEFAULT_CONFIG
redpanda.iceberg.mode                 disabled       DEFAULT_CONFIG
redpanda.leaders.preference           none           DEFAULT_CONFIG
redpanda.remote.allowgaps             false          DEFAULT_CONFIG
redpanda.remote.delete                true           DEFAULT_CONFIG
redpanda.remote.read                  false          DEFAULT_CONFIG
redpanda.remote.write                 false          DEFAULT_CONFIG
redpanda.schema.registry.context      .              DEFAULT_CONFIG
redpanda.storage.mode                 unset          DEFAULT_CONFIG
redpanda.storage.mode.impl            unset          DEFAULT_CONFIG
retention.bytes                       -1             DEFAULT_CONFIG
retention.local.target.bytes          -1             DEFAULT_CONFIG
retention.local.target.ms             86400000       DEFAULT_CONFIG
retention.ms                          604800000      DEFAULT_CONFIG
segment.bytes                         134217728      DEFAULT_CONFIG
segment.ms                            1209600000     DEFAULT_CONFIG
write.caching                         true           DEFAULT_CONFIG
SUMMARY
=======
NAME        REEF_CALC10K-HTTP128-20261001_RESOLVED
PARTITIONS  4
REPLICAS    1

CONFIGS
=======
KEY                                   VALUE          SOURCE
cleanup.policy                        delete         DYNAMIC_TOPIC_CONFIG
compression.type                      producer       DEFAULT_CONFIG
delete.retention.ms                   -1             DEFAULT_CONFIG
flush.bytes                           262144         DEFAULT_CONFIG
flush.ms                              100            DEFAULT_CONFIG
initial.retention.local.target.bytes  -1             DEFAULT_CONFIG
initial.retention.local.target.ms     -1             DEFAULT_CONFIG
max.compaction.lag.ms                 9223372036854  DEFAULT_CONFIG
max.message.bytes                     16778240       DYNAMIC_TOPIC_CONFIG
message.timestamp.after.max.ms        3600000        DEFAULT_CONFIG
message.timestamp.before.max.ms       9223372036854  DEFAULT_CONFIG
message.timestamp.type                CreateTime     DEFAULT_CONFIG
min.cleanable.dirty.ratio             0.5            DEFAULT_CONFIG
min.compaction.lag.ms                 0              DEFAULT_CONFIG
redpanda.iceberg.mode                 disabled       DEFAULT_CONFIG
redpanda.leaders.preference           none           DEFAULT_CONFIG
redpanda.remote.allowgaps             false          DEFAULT_CONFIG
redpanda.remote.delete                true           DEFAULT_CONFIG
redpanda.remote.read                  false          DEFAULT_CONFIG
redpanda.remote.write                 false          DEFAULT_CONFIG
redpanda.schema.registry.context      .              DEFAULT_CONFIG
redpanda.storage.mode                 unset          DEFAULT_CONFIG
redpanda.storage.mode.impl            unset          DEFAULT_CONFIG
retention.bytes                       -1             DEFAULT_CONFIG
retention.local.target.bytes          -1             DEFAULT_CONFIG
retention.local.target.ms             86400000       DEFAULT_CONFIG
retention.ms                          604800000      DEFAULT_CONFIG
segment.bytes                         134217728      DEFAULT_CONFIG
segment.ms                            1209600000     DEFAULT_CONFIG
write.caching                         false          DYNAMIC_TOPIC_CONFIG
TOPIC                                      STATUS
REEF_CALC10K-CONTROL-20261001_COMMANDS     OK
REEF_CALC10K-CONTROL-20261001_COMMITMENTS  OK
REEF_CALC10K-CONTROL-20261001_EVENTS       OK
REEF_CALC10K-CONTROL-20261001_RESOLVED     OK
REEF_CALC10K-CONTROL-20261001_VERIFIED     OK
REEF_CALC10K-HTTP128-20261001_COMMANDS     OK
REEF_CALC10K-HTTP128-20261001_COMMITMENTS  OK
REEF_CALC10K-HTTP128-20261001_EVENTS       OK
REEF_CALC10K-HTTP128-20261001_RESOLVED     OK
REEF_CALC10K-HTTP128-20261001_VERIFIED     OK
{"topics": ["REEF_CALC10K-CONTROL-20261001_COMMANDS", "REEF_CALC10K-CONTROL-20261001_EVENTS", "REEF_CALC10K-CONTROL-20261001_COMMITMENTS", "REEF_CALC10K-CONTROL-20261001_VERIFIED", "REEF_CALC10K-CONTROL-20261001_RESOLVED", "REEF_CALC10K-HTTP128-20261001_COMMANDS", "REEF_CALC10K-HTTP128-20261001_EVENTS", "REEF_CALC10K-HTTP128-20261001_COMMITMENTS", "REEF_CALC10K-HTTP128-20261001_VERIFIED", "REEF_CALC10K-HTTP128-20261001_RESOLVED"], "proofs": ["control-full-facts.log", "http128-full-facts.log"]}
