{"mode":"init","args":[],"code":0}
SLF4J(W): No SLF4J providers were found.
SLF4J(W): Defaulting to no-operation (NOP) logger implementation
SLF4J(W): See https://www.slf4j.org/codes.html#noProviders for further details.

{"mode":"paired-seed","args":[5000,"aged"],"code":0}
{"waves":5000,"trades":500000,"bytes":1879510678,"elapsedMs":54832}
SLF4J(W): No SLF4J providers were found.
SLF4J(W): Defaulting to no-operation (NOP) logger implementation
SLF4J(W): See https://www.slf4j.org/codes.html#noProviders for further details.

{"mode":"measure","args":[500000,240000],"code":0}
{"window":{"elapsedMs":5069,"records":26317,"rate":5191.080462536177}}
{"window":{"elapsedMs":10101,"records":55469,"rate":5793.59622747247}}
{"window":{"elapsedMs":15138,"records":74716,"rate":3820.818400053276}}
{"window":{"elapsedMs":20228,"records":93524,"rate":3695.052504929904}}
{"window":{"elapsedMs":25248,"records":116407,"rate":4558.9604701489}}
{"window":{"elapsedMs":30257,"records":141916,"rate":5092.464535771233}}
{"window":{"elapsedMs":35277,"records":169716,"rate":5537.668153711237}}
{"window":{"elapsedMs":40281,"records":194716,"rate":4995.815380142209}}
{"window":{"elapsedMs":45312,"records":212511,"rate":3537.025843533447}}
{"window":{"elapsedMs":50365,"records":226554,"rate":2779.384614799809}}
{"window":{"elapsedMs":55370,"records":241116,"rate":2909.3196123943967}}
{"window":{"elapsedMs":60401,"records":261813,"rate":4114.409623983287}}
{"window":{"elapsedMs":65465,"records":281211,"rate":3830.058764391412}}
{"window":{"elapsedMs":70466,"records":303033,"rate":4364.0087666140735}}
{"window":{"elapsedMs":75524,"records":326606,"rate":4659.889748922074}}
{"window":{"elapsedMs":80607,"records":351113,"rate":4822.113602617364}}
{"window":{"elapsedMs":85622,"records":373916,"rate":4546.445249212374}}
{"window":{"elapsedMs":90643,"records":398416,"rate":4879.480078452081}}
{"window":{"elapsedMs":95700,"records":419510,"rate":4171.338132632336}}
{"window":{"elapsedMs":100759,"records":442512,"rate":4546.679877855938}}
{"window":{"elapsedMs":105850,"records":459360,"rate":3309.1839798903434}}
{"window":{"elapsedMs":110878,"records":478175,"rate":3742.203484012805}}
{"window":{"elapsedMs":115931,"records":495016,"rate":3332.9388949933145}}
{"result":{"expected":500000,"records":500000,"unique":500000,"duplicates":0,"identityChecks":true,"outputBytes":1056471000,"elapsedMs":117653,"activeMs":117613,"durableRate":4251.210189955691,"pass":true,"windows":[{"elapsedMs":5069,"records":26317,"rate":5191.080462536177},{"elapsedMs":10101,"records":55469,"rate":5793.59622747247},{"elapsedMs":15138,"records":74716,"rate":3820.818400053276},{"elapsedMs":20228,"records":93524,"rate":3695.052504929904},{"elapsedMs":25248,"records":116407,"rate":4558.9604701489},{"elapsedMs":30257,"records":141916,"rate":5092.464535771233},{"elapsedMs":35277,"records":169716,"rate":5537.668153711237},{"elapsedMs":40281,"records":194716,"rate":4995.815380142209},{"elapsedMs":45312,"records":212511,"rate":3537.025843533447},{"elapsedMs":50365,"records":226554,"rate":2779.384614799809},{"elapsedMs":55370,"records":241116,"rate":2909.3196123943967},{"elapsedMs":60401,"records":261813,"rate":4114.409623983287},{"elapsedMs":65465,"records":281211,"rate":3830.058764391412},{"elapsedMs":70466,"records":303033,"rate":4364.0087666140735},{"elapsedMs":75524,"records":326606,"rate":4659.889748922074},{"elapsedMs":80607,"records":351113,"rate":4822.113602617364},{"elapsedMs":85622,"records":373916,"rate":4546.445249212374},{"elapsedMs":90643,"records":398416,"rate":4879.480078452081},{"elapsedMs":95700,"records":419510,"rate":4171.338132632336},{"elapsedMs":100759,"records":442512,"rate":4546.679877855938},{"elapsedMs":105850,"records":459360,"rate":3309.1839798903434},{"elapsedMs":110878,"records":478175,"rate":3742.203484012805},{"elapsedMs":115931,"records":495016,"rate":3332.9388949933145}]}}
SLF4J(W): No SLF4J providers were found.
SLF4J(W): Defaulting to no-operation (NOP) logger implementation
SLF4J(W): See https://www.slf4j.org/codes.html#noProviders for further details.

{"mode":"paired-oracle","args":[500000],"code":0}
{"result":{"records":500000,"expected":500000,"fullFactParity":true,"orderedUnique":true,"pass":true}}
SLF4J(W): No SLF4J providers were found.
SLF4J(W): Defaulting to no-operation (NOP) logger implementation
SLF4J(W): See https://www.slf4j.org/codes.html#noProviders for further details.

{"mode":"paired-seed","args":[1,"aged",5000],"code":0}
{"waves":1,"trades":100,"bytes":376815,"elapsedMs":671}
SLF4J(W): No SLF4J providers were found.
SLF4J(W): Defaulting to no-operation (NOP) logger implementation
SLF4J(W): See https://www.slf4j.org/codes.html#noProviders for further details.

{"mode":"measure","args":[500100,30000],"code":0}
{"window":{"elapsedMs":5007,"records":218114,"rate":43559.29309453089}}
{"window":{"elapsedMs":10010,"records":445796,"rate":45508.727280658815}}
{"result":{"expected":500100,"records":500100,"unique":500100,"duplicates":0,"identityChecks":true,"outputBytes":1056682904,"elapsedMs":11007,"activeMs":10951,"durableRate":45665.542578944136,"pass":true,"windows":[{"elapsedMs":5007,"records":218114,"rate":43559.29309453089},{"elapsedMs":10010,"records":445796,"rate":45508.727280658815}]}}
SLF4J(W): No SLF4J providers were found.
SLF4J(W): Defaulting to no-operation (NOP) logger implementation
SLF4J(W): See https://www.slf4j.org/codes.html#noProviders for further details.

{"mode":"paired-oracle","args":[500100],"code":0}
{"result":{"records":500100,"expected":500100,"fullFactParity":true,"orderedUnique":true,"pass":true}}
SLF4J(W): No SLF4J providers were found.
SLF4J(W): Defaulting to no-operation (NOP) logger implementation
SLF4J(W): See https://www.slf4j.org/codes.html#noProviders for further details.

