SLF4J(W): No SLF4J providers were found.
SLF4J(W): Defaulting to no-operation (NOP) logger implementation
SLF4J(W): See https://www.slf4j.org/codes.html#noProviders for further details.
OBSERVER_READY
{"window":{"elapsedMs":1016,"records":0,"rate":0.0}}
{"window":{"elapsedMs":2084,"records":5719,"rate":5358.093758843952}}
{"window":{"elapsedMs":3179,"records":17748,"rate":10985.5954696818}}
{"window":{"elapsedMs":4273,"records":30816,"rate":11938.341862705185}}
{"window":{"elapsedMs":5341,"records":42990,"rate":11407.283668687}}
{"window":{"elapsedMs":6410,"records":54616,"rate":10875.906835679856}}
{"window":{"elapsedMs":7484,"records":65650,"rate":10269.596691000805}}
{"window":{"elapsedMs":8548,"records":76915,"rate":10591.76574110944}}
{"window":{"elapsedMs":9611,"records":88416,"rate":10810.38148164075}}
{"window":{"elapsedMs":10659,"records":99749,"rate":10813.844879817874}}
{"window":{"elapsedMs":11729,"records":111416,"rate":10909.64175941935}}
{"window":{"elapsedMs":12734,"records":121616,"rate":10144.034933223937}}
{"window":{"elapsedMs":13801,"records":133317,"rate":10972.984967709242}}
{"window":{"elapsedMs":14878,"records":145016,"rate":10862.71026535721}}
{"window":{"elapsedMs":15950,"records":156816,"rate":11008.5246908563}}
{"window":{"elapsedMs":17010,"records":168312,"rate":10837.935031834411}}
{"window":{"elapsedMs":18102,"records":179816,"rate":10541.991049538032}}
{"window":{"elapsedMs":19158,"records":191371,"rate":10933.567025089305}}
{"window":{"elapsedMs":20220,"records":202925,"rate":10883.65654687878}}
{"window":{"elapsedMs":21300,"records":214431,"rate":10649.088684475872}}
{"window":{"elapsedMs":22392,"records":222758,"rate":7631.994930720266}}
{"window":{"elapsedMs":23457,"records":235775,"rate":12213.392368951974}}
{"window":{"elapsedMs":24526,"records":248516,"rate":11920.942465276388}}
{"window":{"elapsedMs":25626,"records":260616,"rate":10997.114507113985}}
{"window":{"elapsedMs":26723,"records":271579,"rate":9993.59125751047}}
{"window":{"elapsedMs":27756,"records":280517,"rate":8652.75891243026}}
{"window":{"elapsedMs":28838,"records":292210,"rate":10807.949199033957}}
{"window":{"elapsedMs":29839,"records":303260,"rate":11047.054126264366}}
{"window":{"elapsedMs":30889,"records":312993,"rate":9261.551518899492}}
{"window":{"elapsedMs":31948,"records":324416,"rate":10786.793567065293}}
{"window":{"elapsedMs":32965,"records":333716,"rate":9147.24595043504}}
{"window":{"elapsedMs":34016,"records":343921,"rate":9709.931842558284}}
{"window":{"elapsedMs":35090,"records":355454,"rate":10736.763827778801}}
{"window":{"elapsedMs":36154,"records":366722,"rate":10588.049162541127}}
{"window":{"elapsedMs":37157,"records":376318,"rate":9568.421016651075}}
{"window":{"elapsedMs":38241,"records":385916,"rate":8853.459815224216}}
{"window":{"elapsedMs":39319,"records":397116,"rate":10391.530287488653}}
{"window":{"elapsedMs":40403,"records":408609,"rate":10602.709073812817}}
{"window":{"elapsedMs":41451,"records":420117,"rate":10984.824395416452}}
{"window":{"elapsedMs":42462,"records":429311,"rate":9090.898600788392}}
{"window":{"elapsedMs":43521,"records":440512,"rate":10576.126737897288}}
{"window":{"elapsedMs":44595,"records":452317,"rate":10991.01888048489}}
{"window":{"elapsedMs":45644,"records":463911,"rate":11053.0565064157}}
{"window":{"elapsedMs":46700,"records":475594,"rate":11061.972123883272}}
{"window":{"elapsedMs":47764,"records":486716,"rate":10456.4135579291}}
{"window":{"elapsedMs":48837,"records":498521,"rate":10999.979338115896}}
{"window":{"elapsedMs":49913,"records":509200,"rate":9923.182220229553}}
{"window":{"elapsedMs":50953,"records":521043,"rate":11390.900391869962}}
{"window":{"elapsedMs":52005,"records":532593,"rate":10982.059143391742}}
{"window":{"elapsedMs":53014,"records":543316,"rate":10630.390693872654}}
{"window":{"elapsedMs":54091,"records":554438,"rate":10319.52453680503}}
{"window":{"elapsedMs":55164,"records":565821,"rate":10608.82539097387}}
{"window":{"elapsedMs":56215,"records":577516,"rate":11126.89901320266}}
{"window":{"elapsedMs":57283,"records":589316,"rate":11048.608963745815}}
{"window":{"elapsedMs":58287,"records":600117,"rate":10762.078051474366}}
{"window":{"elapsedMs":59335,"records":611615,"rate":10967.816213900514}}
{"window":{"elapsedMs":60407,"records":623616,"rate":11193.269861122915}}
{"window":{"elapsedMs":61441,"records":634716,"rate":10744.242030022897}}
{"window":{"elapsedMs":62448,"records":645416,"rate":10616.911614412234}}
{"window":{"elapsedMs":63487,"records":656016,"rate":10205.398480764112}}
{"window":{"elapsedMs":64566,"records":667534,"rate":10672.82066559418}}
{"window":{"elapsedMs":65633,"records":678719,"rate":10489.314567604148}}
{"window":{"elapsedMs":66642,"records":689016,"rate":10197.268167999919}}
{"window":{"elapsedMs":67727,"records":696421,"rate":6827.772701350033}}
{"window":{"elapsedMs":68812,"records":707233,"rate":9961.979183222744}}
{"window":{"elapsedMs":69817,"records":717651,"rate":10372.988573666198}}
{"window":{"elapsedMs":70882,"records":728522,"rate":10200.91028265344}}
{"window":{"elapsedMs":71906,"records":738216,"rate":9468.47088955741}}
{"window":{"elapsedMs":72994,"records":746216,"rate":7352.186023172711}}
{"window":{"elapsedMs":74072,"records":757171,"rate":10165.06437013326}}
{"window":{"elapsedMs":75135,"records":768315,"rate":10482.541583788132}}
{"window":{"elapsedMs":76210,"records":778666,"rate":9630.312734464993}}
{"window":{"elapsedMs":77306,"records":788816,"rate":9263.535967283768}}
{"window":{"elapsedMs":78353,"records":797619,"rate":8401.338644848654}}
{"window":{"elapsedMs":79438,"records":808417,"rate":9953.019352116953}}
{"window":{"elapsedMs":80508,"records":819266,"rate":10140.674712974716}}
{"window":{"elapsedMs":81588,"records":830419,"rate":10324.105926456135}}
{"window":{"elapsedMs":82681,"records":840911,"rate":9600.960096009601}}
{"window":{"elapsedMs":83697,"records":851316,"rate":10239.248751170591}}
{"window":{"elapsedMs":84723,"records":860522,"rate":8971.887198619948}}
{"window":{"elapsedMs":85747,"records":869717,"rate":8985.969869551462}}
{"window":{"elapsedMs":86753,"records":879643,"rate":9861.366954134322}}
{"window":{"elapsedMs":87766,"records":887215,"rate":7474.3876145733075}}
{"window":{"elapsedMs":88827,"records":898716,"rate":10840.20929681553}}
{"window":{"elapsedMs":89926,"records":909916,"rate":10191.173215594952}}
{"window":{"elapsedMs":91012,"records":921449,"rate":10617.96582262867}}
{"window":{"elapsedMs":92056,"records":933554,"rate":11601.944523473074}}
{"window":{"elapsedMs":93144,"records":944000,"rate":9599.756284188536}}
{"window":{"elapsedMs":94220,"records":954816,"rate":10049.706521159602}}
{"window":{"elapsedMs":95295,"records":966612,"rate":10976.115293859442}}
{"window":{"elapsedMs":96366,"records":978016,"rate":10651.742023102437}}
{"window":{"elapsedMs":97406,"records":988116,"rate":9702.644364651222}}
{"window":{"elapsedMs":98491,"records":998133,"rate":9235.187866156886}}
{"window":{"elapsedMs":99545,"records":1010021,"rate":11281.36838785113}}
{"window":{"elapsedMs":100610,"records":1021767,"rate":11025.49363805973}}
{"window":{"elapsedMs":101676,"records":1033615,"rate":11114.22844623226}}
{"window":{"elapsedMs":102758,"records":1045116,"rate":10629.981122064853}}
{"window":{"elapsedMs":103840,"records":1056115,"rate":10166.128092176921}}
{"window":{"elapsedMs":104888,"records":1067516,"rate":10883.618619426677}}
{"window":{"elapsedMs":105948,"records":1079300,"rate":11112.869716247158}}
{"window":{"elapsedMs":107031,"records":1090616,"rate":10454.266973503652}}
{"window":{"elapsedMs":108109,"records":1101716,"rate":10289.244016038474}}
{"window":{"elapsedMs":109164,"records":1109615,"rate":7491.355102821789}}
{"window":{"elapsedMs":110221,"records":1121316,"rate":11065.05400195064}}
{"window":{"elapsedMs":111287,"records":1132621,"rate":10604.183638695411}}
{"window":{"elapsedMs":112310,"records":1142215,"rate":9378.34610364006}}
{"window":{"elapsedMs":113403,"records":1153014,"rate":9887.19315962612}}
{"window":{"elapsedMs":114481,"records":1164693,"rate":10824.767108296248}}
{"window":{"elapsedMs":115566,"records":1175985,"rate":10408.450493753773}}
{"window":{"elapsedMs":116632,"records":1187516,"rate":10822.125103193694}}
{"window":{"elapsedMs":117705,"records":1198414,"rate":10152.44701287173}}
{"window":{"elapsedMs":118761,"records":1210698,"rate":11636.965339916393}}
{"window":{"elapsedMs":119824,"records":1221921,"rate":10553.262680654874}}
{"window":{"elapsedMs":120917,"records":1233716,"rate":10798.294888905746}}
{"window":{"elapsedMs":121988,"records":1245442,"rate":10942.6567013076}}
{"window":{"elapsedMs":122989,"records":1257200,"rate":11747.789209296323}}
{"window":{"elapsedMs":124051,"records":1267316,"rate":9523.855476246319}}
{"window":{"elapsedMs":125133,"records":1278217,"rate":10075.123255860972}}
{"window":{"elapsedMs":126198,"records":1289633,"rate":10725.378989665767}}
{"window":{"elapsedMs":127271,"records":1300910,"rate":10507.52395459692}}
{"window":{"elapsedMs":128283,"records":1310616,"rate":9590.479083015423}}
{"window":{"elapsedMs":129287,"records":1320816,"rate":10156.488334414327}}
{"window":{"elapsedMs":130384,"records":1332216,"rate":10391.570397472153}}
{"window":{"elapsedMs":131390,"records":1342779,"rate":10499.354227094631}}
{"window":{"elapsedMs":132460,"records":1352622,"rate":9198.863389448923}}
{"window":{"elapsedMs":133463,"records":1361716,"rate":9068.752221995124}}
{"window":{"elapsedMs":134539,"records":1373124,"rate":10599.000378803703}}
{"window":{"elapsedMs":135559,"records":1380816,"rate":7542.254813378627}}
{"window":{"elapsedMs":136628,"records":1392021,"rate":10481.764781200176}}
{"window":{"elapsedMs":137637,"records":1401716,"rate":9610.265091405938}}
{"window":{"elapsedMs":138736,"records":1411716,"rate":9103.453583740551}}
{"window":{"elapsedMs":139799,"records":1423179,"rate":10776.738205540454}}
{"window":{"elapsedMs":140862,"records":1434433,"rate":10593.46273536418}}
{"window":{"elapsedMs":141933,"records":1445800,"rate":10609.176774390206}}
{"window":{"elapsedMs":142996,"records":1455619,"rate":9237.192363029528}}
{"window":{"elapsedMs":144063,"records":1466816,"rate":10494.899120043434}}
{"window":{"elapsedMs":145142,"records":1478216,"rate":10562.205422291232}}
{"window":{"elapsedMs":146197,"records":1486344,"rate":7705.73564259618}}
{"window":{"elapsedMs":147217,"records":1493912,"rate":7421.222744860788}}
{"window":{"elapsedMs":148270,"records":1504916,"rate":10445.136868763153}}
{"window":{"elapsedMs":149285,"records":1515010,"rate":9952.707218053602}}
{"window":{"elapsedMs":150285,"records":1524816,"rate":9804.22135737823}}
{"window":{"elapsedMs":151350,"records":1533822,"rate":8453.855119013722}}
{"window":{"elapsedMs":152357,"records":1539916,"rate":6049.391532762961}}
{"window":{"elapsedMs":153426,"records":1549316,"rate":8796.63204958314}}
{"window":{"elapsedMs":154461,"records":1558116,"rate":8499.473146635117}}
{"window":{"elapsedMs":155480,"records":1567116,"rate":8837.197827669488}}
{"window":{"elapsedMs":156543,"records":1577616,"rate":9877.573357738778}}
{"window":{"elapsedMs":157576,"records":1585214,"rate":7353.697605432038}}
{"window":{"elapsedMs":158578,"records":1595512,"rate":10280.273375090037}}
{"window":{"elapsedMs":159624,"records":1606416,"rate":10418.285217994902}}
{"window":{"elapsedMs":160689,"records":1617914,"rate":10796.142343600683}}
{"window":{"elapsedMs":161771,"records":1629411,"rate":10626.485806299866}}
{"window":{"elapsedMs":162856,"records":1639716,"rate":9497.672506642788}}
{"window":{"elapsedMs":163912,"records":1651117,"rate":10796.45860551596}}
{"window":{"elapsedMs":164981,"records":1662616,"rate":10756.645775026112}}
{"window":{"elapsedMs":166057,"records":1674217,"rate":10787.210168114872}}
{"window":{"elapsedMs":167125,"records":1685316,"rate":10386.293009885934}}
{"window":{"elapsedMs":168194,"records":1695917,"rate":9922.28045539765}}
{"window":{"elapsedMs":169273,"records":1707616,"rate":10836.218896901351}}
{"window":{"elapsedMs":170360,"records":1718816,"rate":10308.398284295961}}
{"window":{"elapsedMs":171447,"records":1730422,"rate":10678.676219144629}}
{"window":{"elapsedMs":172459,"records":1740151,"rate":9606.618482024889}}
{"window":{"elapsedMs":173535,"records":1751181,"rate":10259.356475902903}}
{"window":{"elapsedMs":174603,"records":1762511,"rate":10606.44386380629}}
{"window":{"elapsedMs":175678,"records":1773922,"rate":10608.885180924486}}
{"window":{"elapsedMs":176763,"records":1785696,"rate":10855.865200654634}}
{"window":{"elapsedMs":177809,"records":1794916,"rate":8815.310051879582}}
{"window":{"elapsedMs":178901,"records":1806193,"rate":10323.48506333102}}
{"window":{"elapsedMs":179902,"records":1817843,"rate":11643.343884531561}}
{"window":{"elapsedMs":180998,"records":1828050,"rate":9312.135946244172}}
{"window":{"elapsedMs":182058,"records":1839600,"rate":10891.514889603293}}
{"window":{"elapsedMs":183100,"records":1849616,"rate":9618.142717973358}}
{"window":{"elapsedMs":184193,"records":1859717,"rate":9236.16443712384}}
{"window":{"elapsedMs":185268,"records":1871516,"rate":10980.5862490607}}
{"window":{"elapsedMs":186307,"records":1882916,"rate":10968.30224440703}}
{"window":{"elapsedMs":187367,"records":1893216,"rate":9717.892954637147}}
{"window":{"elapsedMs":188387,"records":1903519,"rate":10103.777087937813}}
{"window":{"elapsedMs":189446,"records":1915116,"rate":10952.126472175996}}
{"window":{"elapsedMs":190509,"records":1926717,"rate":10910.999745364861}}
{"window":{"elapsedMs":191564,"records":1938216,"rate":10901.426066083319}}
{"window":{"elapsedMs":192628,"records":1948416,"rate":9580.466362337329}}
{"window":{"elapsedMs":193674,"records":1960016,"rate":11091.748360739992}}
{"window":{"elapsedMs":194737,"records":1971317,"rate":10637.843906321785}}
{"window":{"elapsedMs":195813,"records":1982922,"rate":10781.567656901676}}
{"window":{"elapsedMs":196871,"records":1994451,"rate":10899.617913038463}}
{"window":{"elapsedMs":197949,"records":2005016,"rate":9799.783494259815}}
{"window":{"elapsedMs":199036,"records":2016416,"rate":10483.598513582065}}
{"window":{"elapsedMs":200108,"records":2028016,"rate":10826.768862703315}}
{"window":{"elapsedMs":201174,"records":2039016,"rate":10311.46200312212}}
{"window":{"elapsedMs":202259,"records":2050480,"rate":10572.317115080406}}
{"window":{"elapsedMs":203268,"records":2060119,"rate":9554.934103637139}}
{"window":{"elapsedMs":204338,"records":2071211,"rate":10359.05095399654}}
{"window":{"elapsedMs":205406,"records":2082548,"rate":10615.24640434488}}
{"window":{"elapsedMs":206502,"records":2094211,"rate":10640.06705006615}}
{"window":{"elapsedMs":207595,"records":2104000,"rate":8957.669663143057}}
{"window":{"elapsedMs":208656,"records":2115114,"rate":10472.925601740579}}
{"window":{"elapsedMs":209730,"records":2126719,"rate":10805.905120895903}}
{"window":{"elapsedMs":210732,"records":2138022,"rate":11290.084143739561}}
{"window":{"elapsedMs":211791,"records":2148538,"rate":9929.066010291828}}
{"window":{"elapsedMs":212791,"records":2157421,"rate":8876.230400865094}}
{"window":{"elapsedMs":213857,"records":2169323,"rate":11170.629119479796}}
{"window":{"elapsedMs":214867,"records":2180070,"rate":10637.162868747193}}
{"window":{"elapsedMs":215935,"records":2191851,"rate":11037.425653438224}}
{"window":{"elapsedMs":217010,"records":2203616,"rate":10937.429431675093}}
{"window":{"elapsedMs":218058,"records":2213516,"rate":9451.209695126516}}
{"window":{"elapsedMs":219143,"records":2224221,"rate":9866.701980703694}}
{"window":{"elapsedMs":220208,"records":2236016,"rate":11068.965780167946}}
{"window":{"elapsedMs":221271,"records":2247216,"rate":10536.668839033005}}
{"window":{"elapsedMs":222329,"records":2258111,"rate":10296.309500731762}}
{"window":{"elapsedMs":223358,"records":2267580,"rate":9203.730091308313}}
{"window":{"elapsedMs":224367,"records":2275809,"rate":8160.930697171232}}
{"window":{"elapsedMs":225447,"records":2286915,"rate":10277.379038626388}}
{"window":{"elapsedMs":226514,"records":2298016,"rate":10405.272689203255}}
{"window":{"elapsedMs":227595,"records":2308416,"rate":9618.046411507485}}
{"window":{"elapsedMs":228666,"records":2319933,"rate":10754.502623667227}}
{"window":{"elapsedMs":229744,"records":2331421,"rate":10657.208023473131}}
{"window":{"elapsedMs":230762,"records":2340781,"rate":9194.381983495341}}
{"window":{"elapsedMs":231824,"records":2351624,"rate":10213.494263414756}}
{"window":{"elapsedMs":232831,"records":2361716,"rate":10020.20066297766}}
{"window":{"elapsedMs":233917,"records":2372714,"rate":10127.871132326778}}
{"window":{"elapsedMs":234932,"records":2383222,"rate":10348.097319679813}}
{"window":{"elapsedMs":235996,"records":2393866,"rate":10012.097320705096}}
{"window":{"elapsedMs":237010,"records":2403400,"rate":9395.170311693832}}
{"window":{"elapsedMs":238012,"records":2413312,"rate":9899.258001775628}}
{"window":{"elapsedMs":239014,"records":2423516,"rate":10178.341246519847}}
{"window":{"elapsedMs":240110,"records":2435517,"rate":10946.804899609631}}
{"window":{"elapsedMs":241127,"records":2447312,"rate":11600.894802637435}}
{"window":{"elapsedMs":242227,"records":2459416,"rate":11002.364840336066}}
{"window":{"elapsedMs":243270,"records":2470391,"rate":10523.63220648565}}
{"window":{"elapsedMs":244286,"records":2481017,"rate":10465.063028220511}}
{"window":{"elapsedMs":245362,"records":2492317,"rate":10493.094983095563}}
{"window":{"elapsedMs":246452,"records":2503616,"rate":10368.061284754125}}
{"window":{"elapsedMs":247540,"records":2513816,"rate":9379.014597546135}}
{"window":{"elapsedMs":248628,"records":2524800,"rate":10091.287686500242}}
{"window":{"elapsedMs":249697,"records":2535919,"rate":10406.023904704263}}
{"window":{"elapsedMs":250757,"records":2547316,"rate":10746.646109370833}}
{"window":{"elapsedMs":251820,"records":2558714,"rate":10727.701479048099}}
{"window":{"elapsedMs":252831,"records":2567216,"rate":8405.131905431392}}
{"window":{"elapsedMs":253903,"records":2577724,"rate":9806.393030069758}}
{"window":{"elapsedMs":254970,"records":2588715,"rate":10300.720399076768}}
{"window":{"elapsedMs":256027,"records":2599816,"rate":10502.363117794202}}
{"window":{"elapsedMs":257110,"records":2611216,"rate":10523.779179718715}}
{"window":{"elapsedMs":258182,"records":2620111,"rate":8295.991075397571}}
{"window":{"elapsedMs":259236,"records":2631117,"rate":10441.647239583197}}
{"window":{"elapsedMs":260308,"records":2642551,"rate":10671.180450937225}}
{"window":{"elapsedMs":261382,"records":2653816,"rate":10489.660255287305}}
{"window":{"elapsedMs":262437,"records":2663116,"rate":8809.743642399479}}
{"window":{"elapsedMs":263451,"records":2672719,"rate":9474.163222872956}}
{"window":{"elapsedMs":264507,"records":2683771,"rate":10463.300697056344}}
{"window":{"elapsedMs":265583,"records":2695154,"rate":10582.438112339143}}
{"window":{"elapsedMs":266676,"records":2706616,"rate":10483.147459241978}}
{"window":{"elapsedMs":267745,"records":2717248,"rate":9946.079023929075}}
{"window":{"elapsedMs":268819,"records":2728617,"rate":10585.3875749486}}
{"window":{"elapsedMs":269877,"records":2740216,"rate":10963.356900675357}}
{"window":{"elapsedMs":270957,"records":2750400,"rate":9432.204202167746}}
{"window":{"elapsedMs":272020,"records":2761916,"rate":10834.900962983718}}
{"window":{"elapsedMs":273092,"records":2773214,"rate":10533.072889541241}}
{"window":{"elapsedMs":274162,"records":2784611,"rate":10659.209491064132}}
{"window":{"elapsedMs":275237,"records":2795616,"rate":10231.308055154293}}
{"window":{"elapsedMs":276302,"records":2806811,"rate":10511.323387200848}}
{"window":{"elapsedMs":277366,"records":2817231,"rate":9793.596274174612}}
{"window":{"elapsedMs":278464,"records":2829121,"rate":10831.807750494969}}
{"window":{"elapsedMs":279521,"records":2840421,"rate":10685.603194617104}}
{"window":{"elapsedMs":280590,"records":2851616,"rate":10474.539364073527}}
{"window":{"elapsedMs":281689,"records":2863116,"rate":10463.968181791572}}
{"window":{"elapsedMs":282719,"records":2872291,"rate":8905.848912536248}}
{"window":{"elapsedMs":283813,"records":2883246,"rate":10015.171700661303}}
{"window":{"elapsedMs":284869,"records":2894417,"rate":10579.245912658243}}
{"window":{"elapsedMs":285870,"records":2905455,"rate":11034.300750673337}}
{"window":{"elapsedMs":286939,"records":2914622,"rate":8568.854336370065}}
{"window":{"elapsedMs":288027,"records":2924012,"rate":8636.335437210866}}
{"window":{"elapsedMs":289109,"records":2933814,"rate":9058.036647417186}}
{"window":{"elapsedMs":290124,"records":2943010,"rate":9057.663438511543}}
{"window":{"elapsedMs":291177,"records":2952416,"rate":8932.111300982047}}
{"window":{"elapsedMs":292272,"records":2962516,"rate":9222.421291686062}}
{"window":{"elapsedMs":293323,"records":2969716,"rate":6850.885441071261}}
{"window":{"elapsedMs":294332,"records":2979416,"rate":9611.322335883266}}
{"window":{"elapsedMs":295341,"records":2988841,"rate":9341.603229515833}}
{"window":{"elapsedMs":296414,"records":2998616,"rate":9109.083841661757}}
{"window":{"elapsedMs":297472,"records":3007970,"rate":8845.679347639601}}
{"window":{"elapsedMs":298568,"records":3018516,"rate":9618.476306067461}}
{"window":{"elapsedMs":299637,"records":3030116,"rate":10851.88379530038}}
{"window":{"elapsedMs":300695,"records":3041616,"rate":10871.09878212971}}
{"window":{"elapsedMs":301756,"records":3052816,"rate":10557.765825926008}}
{"window":{"elapsedMs":302856,"records":3064216,"rate":10361.330967496096}}
{"window":{"elapsedMs":303945,"records":3076019,"rate":10837.693420586727}}
{"window":{"elapsedMs":305005,"records":3087416,"rate":10752.703805204883}}
{"window":{"elapsedMs":306063,"records":3098711,"rate":10673.77096734259}}
{"window":{"elapsedMs":307133,"records":3110115,"rate":10659.481410976261}}
{"window":{"elapsedMs":308168,"records":3118416,"rate":8019.57894070743}}
{"window":{"elapsedMs":309249,"records":3129815,"rate":10545.945502452285}}
{"window":{"elapsedMs":310305,"records":3141216,"rate":10796.485014103324}}
{"mark":{"records":3148816,"elapsedMs":311015}}
{"window":{"elapsedMs":311317,"records":3148816,"rate":7510.128477951738}}
{"result":{"startedEpochMs":1790821002829,"expected":3150000,"records":3150000,"unique":3150000,"duplicates":0,"identityChecks":true,"outputBytes":6754923400,"elapsedMs":311421,"activeMs":310024,"durableRate":10160.501900408986,"pass":true,"windows":[{"elapsedMs":1016,"records":0,"rate":0.0},{"elapsedMs":2084,"records":5719,"rate":5358.093758843952},{"elapsedMs":3179,"records":17748,"rate":10985.5954696818},{"elapsedMs":4273,"records":30816,"rate":11938.341862705185},{"elapsedMs":5341,"records":42990,"rate":11407.283668687},{"elapsedMs":6410,"records":54616,"rate":10875.906835679856},{"elapsedMs":7484,"records":65650,"rate":10269.596691000805},{"elapsedMs":8548,"records":76915,"rate":10591.76574110944},{"elapsedMs":9611,"records":88416,"rate":10810.38148164075},{"elapsedMs":10659,"records":99749,"rate":10813.844879817874},{"elapsedMs":11729,"records":111416,"rate":10909.64175941935},{"elapsedMs":12734,"records":121616,"rate":10144.034933223937},{"elapsedMs":13801,"records":133317,"rate":10972.984967709242},{"elapsedMs":14878,"records":145016,"rate":10862.71026535721},{"elapsedMs":15950,"records":156816,"rate":11008.5246908563},{"elapsedMs":17010,"records":168312,"rate":10837.935031834411},{"elapsedMs":18102,"records":179816,"rate":10541.991049538032},{"elapsedMs":19158,"records":191371,"rate":10933.567025089305},{"elapsedMs":20220,"records":202925,"rate":10883.65654687878},{"elapsedMs":21300,"records":214431,"rate":10649.088684475872},{"elapsedMs":22392,"records":222758,"rate":7631.994930720266},{"elapsedMs":23457,"records":235775,"rate":12213.392368951974},{"elapsedMs":24526,"records":248516,"rate":11920.942465276388},{"elapsedMs":25626,"records":260616,"rate":10997.114507113985},{"elapsedMs":26723,"records":271579,"rate":9993.59125751047},{"elapsedMs":27756,"records":280517,"rate":8652.75891243026},{"elapsedMs":28838,"records":292210,"rate":10807.949199033957},{"elapsedMs":29839,"records":303260,"rate":11047.054126264366},{"elapsedMs":30889,"records":312993,"rate":9261.551518899492},{"elapsedMs":31948,"records":324416,"rate":10786.793567065293},{"elapsedMs":32965,"records":333716,"rate":9147.24595043504},{"elapsedMs":34016,"records":343921,"rate":9709.931842558284},{"elapsedMs":35090,"records":355454,"rate":10736.763827778801},{"elapsedMs":36154,"records":366722,"rate":10588.049162541127},{"elapsedMs":37157,"records":376318,"rate":9568.421016651075},{"elapsedMs":38241,"records":385916,"rate":8853.459815224216},{"elapsedMs":39319,"records":397116,"rate":10391.530287488653},{"elapsedMs":40403,"records":408609,"rate":10602.709073812817},{"elapsedMs":41451,"records":420117,"rate":10984.824395416452},{"elapsedMs":42462,"records":429311,"rate":9090.898600788392},{"elapsedMs":43521,"records":440512,"rate":10576.126737897288},{"elapsedMs":44595,"records":452317,"rate":10991.01888048489},{"elapsedMs":45644,"records":463911,"rate":11053.0565064157},{"elapsedMs":46700,"records":475594,"rate":11061.972123883272},{"elapsedMs":47764,"records":486716,"rate":10456.4135579291},{"elapsedMs":48837,"records":498521,"rate":10999.979338115896},{"elapsedMs":49913,"records":509200,"rate":9923.182220229553},{"elapsedMs":50953,"records":521043,"rate":11390.900391869962},{"elapsedMs":52005,"records":532593,"rate":10982.059143391742},{"elapsedMs":53014,"records":543316,"rate":10630.390693872654},{"elapsedMs":54091,"records":554438,"rate":10319.52453680503},{"elapsedMs":55164,"records":565821,"rate":10608.82539097387},{"elapsedMs":56215,"records":577516,"rate":11126.89901320266},{"elapsedMs":57283,"records":589316,"rate":11048.608963745815},{"elapsedMs":58287,"records":600117,"rate":10762.078051474366},{"elapsedMs":59335,"records":611615,"rate":10967.816213900514},{"elapsedMs":60407,"records":623616,"rate":11193.269861122915},{"elapsedMs":61441,"records":634716,"rate":10744.242030022897},{"elapsedMs":62448,"records":645416,"rate":10616.911614412234},{"elapsedMs":63487,"records":656016,"rate":10205.398480764112},{"elapsedMs":64566,"records":667534,"rate":10672.82066559418},{"elapsedMs":65633,"records":678719,"rate":10489.314567604148},{"elapsedMs":66642,"records":689016,"rate":10197.268167999919},{"elapsedMs":67727,"records":696421,"rate":6827.772701350033},{"elapsedMs":68812,"records":707233,"rate":9961.979183222744},{"elapsedMs":69817,"records":717651,"rate":10372.988573666198},{"elapsedMs":70882,"records":728522,"rate":10200.91028265344},{"elapsedMs":71906,"records":738216,"rate":9468.47088955741},{"elapsedMs":72994,"records":746216,"rate":7352.186023172711},{"elapsedMs":74072,"records":757171,"rate":10165.06437013326},{"elapsedMs":75135,"records":768315,"rate":10482.541583788132},{"elapsedMs":76210,"records":778666,"rate":9630.312734464993},{"elapsedMs":77306,"records":788816,"rate":9263.535967283768},{"elapsedMs":78353,"records":797619,"rate":8401.338644848654},{"elapsedMs":79438,"records":808417,"rate":9953.019352116953},{"elapsedMs":80508,"records":819266,"rate":10140.674712974716},{"elapsedMs":81588,"records":830419,"rate":10324.105926456135},{"elapsedMs":82681,"records":840911,"rate":9600.960096009601},{"elapsedMs":83697,"records":851316,"rate":10239.248751170591},{"elapsedMs":84723,"records":860522,"rate":8971.887198619948},{"elapsedMs":85747,"records":869717,"rate":8985.969869551462},{"elapsedMs":86753,"records":879643,"rate":9861.366954134322},{"elapsedMs":87766,"records":887215,"rate":7474.3876145733075},{"elapsedMs":88827,"records":898716,"rate":10840.20929681553},{"elapsedMs":89926,"records":909916,"rate":10191.173215594952},{"elapsedMs":91012,"records":921449,"rate":10617.96582262867},{"elapsedMs":92056,"records":933554,"rate":11601.944523473074},{"elapsedMs":93144,"records":944000,"rate":9599.756284188536},{"elapsedMs":94220,"records":954816,"rate":10049.706521159602},{"elapsedMs":95295,"records":966612,"rate":10976.115293859442},{"elapsedMs":96366,"records":978016,"rate":10651.742023102437},{"elapsedMs":97406,"records":988116,"rate":9702.644364651222},{"elapsedMs":98491,"records":998133,"rate":9235.187866156886},{"elapsedMs":99545,"records":1010021,"rate":11281.36838785113},{"elapsedMs":100610,"records":1021767,"rate":11025.49363805973},{"elapsedMs":101676,"records":1033615,"rate":11114.22844623226},{"elapsedMs":102758,"records":1045116,"rate":10629.981122064853},{"elapsedMs":103840,"records":1056115,"rate":10166.128092176921},{"elapsedMs":104888,"records":1067516,"rate":10883.618619426677},{"elapsedMs":105948,"records":1079300,"rate":11112.869716247158},{"elapsedMs":107031,"records":1090616,"rate":10454.266973503652},{"elapsedMs":108109,"records":1101716,"rate":10289.244016038474},{"elapsedMs":109164,"records":1109615,"rate":7491.355102821789},{"elapsedMs":110221,"records":1121316,"rate":11065.05400195064},{"elapsedMs":111287,"records":1132621,"rate":10604.183638695411},{"elapsedMs":112310,"records":1142215,"rate":9378.34610364006},{"elapsedMs":113403,"records":1153014,"rate":9887.19315962612},{"elapsedMs":114481,"records":1164693,"rate":10824.767108296248},{"elapsedMs":115566,"records":1175985,"rate":10408.450493753773},{"elapsedMs":116632,"records":1187516,"rate":10822.125103193694},{"elapsedMs":117705,"records":1198414,"rate":10152.44701287173},{"elapsedMs":118761,"records":1210698,"rate":11636.965339916393},{"elapsedMs":119824,"records":1221921,"rate":10553.262680654874},{"elapsedMs":120917,"records":1233716,"rate":10798.294888905746},{"elapsedMs":121988,"records":1245442,"rate":10942.6567013076},{"elapsedMs":122989,"records":1257200,"rate":11747.789209296323},{"elapsedMs":124051,"records":1267316,"rate":9523.855476246319},{"elapsedMs":125133,"records":1278217,"rate":10075.123255860972},{"elapsedMs":126198,"records":1289633,"rate":10725.378989665767},{"elapsedMs":127271,"records":1300910,"rate":10507.52395459692},{"elapsedMs":128283,"records":1310616,"rate":9590.479083015423},{"elapsedMs":129287,"records":1320816,"rate":10156.488334414327},{"elapsedMs":130384,"records":1332216,"rate":10391.570397472153},{"elapsedMs":131390,"records":1342779,"rate":10499.354227094631},{"elapsedMs":132460,"records":1352622,"rate":9198.863389448923},{"elapsedMs":133463,"records":1361716,"rate":9068.752221995124},{"elapsedMs":134539,"records":1373124,"rate":10599.000378803703},{"elapsedMs":135559,"records":1380816,"rate":7542.254813378627},{"elapsedMs":136628,"records":1392021,"rate":10481.764781200176},{"elapsedMs":137637,"records":1401716,"rate":9610.265091405938},{"elapsedMs":138736,"records":1411716,"rate":9103.453583740551},{"elapsedMs":139799,"records":1423179,"rate":10776.738205540454},{"elapsedMs":140862,"records":1434433,"rate":10593.46273536418},{"elapsedMs":141933,"records":1445800,"rate":10609.176774390206},{"elapsedMs":142996,"records":1455619,"rate":9237.192363029528},{"elapsedMs":144063,"records":1466816,"rate":10494.899120043434},{"elapsedMs":145142,"records":1478216,"rate":10562.205422291232},{"elapsedMs":146197,"records":1486344,"rate":7705.73564259618},{"elapsedMs":147217,"records":1493912,"rate":7421.222744860788},{"elapsedMs":148270,"records":1504916,"rate":10445.136868763153},{"elapsedMs":149285,"records":1515010,"rate":9952.707218053602},{"elapsedMs":150285,"records":1524816,"rate":9804.22135737823},{"elapsedMs":151350,"records":1533822,"rate":8453.855119013722},{"elapsedMs":152357,"records":1539916,"rate":6049.391532762961},{"elapsedMs":153426,"records":1549316,"rate":8796.63204958314},{"elapsedMs":154461,"records":1558116,"rate":8499.473146635117},{"elapsedMs":155480,"records":1567116,"rate":8837.197827669488},{"elapsedMs":156543,"records":1577616,"rate":9877.573357738778},{"elapsedMs":157576,"records":1585214,"rate":7353.697605432038},{"elapsedMs":158578,"records":1595512,"rate":10280.273375090037},{"elapsedMs":159624,"records":1606416,"rate":10418.285217994902},{"elapsedMs":160689,"records":1617914,"rate":10796.142343600683},{"elapsedMs":161771,"records":1629411,"rate":10626.485806299866},{"elapsedMs":162856,"records":1639716,"rate":9497.672506642788},{"elapsedMs":163912,"records":1651117,"rate":10796.45860551596},{"elapsedMs":164981,"records":1662616,"rate":10756.645775026112},{"elapsedMs":166057,"records":1674217,"rate":10787.210168114872},{"elapsedMs":167125,"records":1685316,"rate":10386.293009885934},{"elapsedMs":168194,"records":1695917,"rate":9922.28045539765},{"elapsedMs":169273,"records":1707616,"rate":10836.218896901351},{"elapsedMs":170360,"records":1718816,"rate":10308.398284295961},{"elapsedMs":171447,"records":1730422,"rate":10678.676219144629},{"elapsedMs":172459,"records":1740151,"rate":9606.618482024889},{"elapsedMs":173535,"records":1751181,"rate":10259.356475902903},{"elapsedMs":174603,"records":1762511,"rate":10606.44386380629},{"elapsedMs":175678,"records":1773922,"rate":10608.885180924486},{"elapsedMs":176763,"records":1785696,"rate":10855.865200654634},{"elapsedMs":177809,"records":1794916,"rate":8815.310051879582},{"elapsedMs":178901,"records":1806193,"rate":10323.48506333102},{"elapsedMs":179902,"records":1817843,"rate":11643.343884531561},{"elapsedMs":180998,"records":1828050,"rate":9312.135946244172},{"elapsedMs":182058,"records":1839600,"rate":10891.514889603293},{"elapsedMs":183100,"records":1849616,"rate":9618.142717973358},{"elapsedMs":184193,"records":1859717,"rate":9236.16443712384},{"elapsedMs":185268,"records":1871516,"rate":10980.5862490607},{"elapsedMs":186307,"records":1882916,"rate":10968.30224440703},{"elapsedMs":187367,"records":1893216,"rate":9717.892954637147},{"elapsedMs":188387,"records":1903519,"rate":10103.777087937813},{"elapsedMs":189446,"records":1915116,"rate":10952.126472175996},{"elapsedMs":190509,"records":1926717,"rate":10910.999745364861},{"elapsedMs":191564,"records":1938216,"rate":10901.426066083319},{"elapsedMs":192628,"records":1948416,"rate":9580.466362337329},{"elapsedMs":193674,"records":1960016,"rate":11091.748360739992},{"elapsedMs":194737,"records":1971317,"rate":10637.843906321785},{"elapsedMs":195813,"records":1982922,"rate":10781.567656901676},{"elapsedMs":196871,"records":1994451,"rate":10899.617913038463},{"elapsedMs":197949,"records":2005016,"rate":9799.783494259815},{"elapsedMs":199036,"records":2016416,"rate":10483.598513582065},{"elapsedMs":200108,"records":2028016,"rate":10826.768862703315},{"elapsedMs":201174,"records":2039016,"rate":10311.46200312212},{"elapsedMs":202259,"records":2050480,"rate":10572.317115080406},{"elapsedMs":203268,"records":2060119,"rate":9554.934103637139},{"elapsedMs":204338,"records":2071211,"rate":10359.05095399654},{"elapsedMs":205406,"records":2082548,"rate":10615.24640434488},{"elapsedMs":206502,"records":2094211,"rate":10640.06705006615},{"elapsedMs":207595,"records":2104000,"rate":8957.669663143057},{"elapsedMs":208656,"records":2115114,"rate":10472.925601740579},{"elapsedMs":209730,"records":2126719,"rate":10805.905120895903},{"elapsedMs":210732,"records":2138022,"rate":11290.084143739561},{"elapsedMs":211791,"records":2148538,"rate":9929.066010291828},{"elapsedMs":212791,"records":2157421,"rate":8876.230400865094},{"elapsedMs":213857,"records":2169323,"rate":11170.629119479796},{"elapsedMs":214867,"records":2180070,"rate":10637.162868747193},{"elapsedMs":215935,"records":2191851,"rate":11037.425653438224},{"elapsedMs":217010,"records":2203616,"rate":10937.429431675093},{"elapsedMs":218058,"records":2213516,"rate":9451.209695126516},{"elapsedMs":219143,"records":2224221,"rate":9866.701980703694},{"elapsedMs":220208,"records":2236016,"rate":11068.965780167946},{"elapsedMs":221271,"records":2247216,"rate":10536.668839033005},{"elapsedMs":222329,"records":2258111,"rate":10296.309500731762},{"elapsedMs":223358,"records":2267580,"rate":9203.730091308313},{"elapsedMs":224367,"records":2275809,"rate":8160.930697171232},{"elapsedMs":225447,"records":2286915,"rate":10277.379038626388},{"elapsedMs":226514,"records":2298016,"rate":10405.272689203255},{"elapsedMs":227595,"records":2308416,"rate":9618.046411507485},{"elapsedMs":228666,"records":2319933,"rate":10754.502623667227},{"elapsedMs":229744,"records":2331421,"rate":10657.208023473131},{"elapsedMs":230762,"records":2340781,"rate":9194.381983495341},{"elapsedMs":231824,"records":2351624,"rate":10213.494263414756},{"elapsedMs":232831,"records":2361716,"rate":10020.20066297766},{"elapsedMs":233917,"records":2372714,"rate":10127.871132326778},{"elapsedMs":234932,"records":2383222,"rate":10348.097319679813},{"elapsedMs":235996,"records":2393866,"rate":10012.097320705096},{"elapsedMs":237010,"records":2403400,"rate":9395.170311693832},{"elapsedMs":238012,"records":2413312,"rate":9899.258001775628},{"elapsedMs":239014,"records":2423516,"rate":10178.341246519847},{"elapsedMs":240110,"records":2435517,"rate":10946.804899609631},{"elapsedMs":241127,"records":2447312,"rate":11600.894802637435},{"elapsedMs":242227,"records":2459416,"rate":11002.364840336066},{"elapsedMs":243270,"records":2470391,"rate":10523.63220648565},{"elapsedMs":244286,"records":2481017,"rate":10465.063028220511},{"elapsedMs":245362,"records":2492317,"rate":10493.094983095563},{"elapsedMs":246452,"records":2503616,"rate":10368.061284754125},{"elapsedMs":247540,"records":2513816,"rate":9379.014597546135},{"elapsedMs":248628,"records":2524800,"rate":10091.287686500242},{"elapsedMs":249697,"records":2535919,"rate":10406.023904704263},{"elapsedMs":250757,"records":2547316,"rate":10746.646109370833},{"elapsedMs":251820,"records":2558714,"rate":10727.701479048099},{"elapsedMs":252831,"records":2567216,"rate":8405.131905431392},{"elapsedMs":253903,"records":2577724,"rate":9806.393030069758},{"elapsedMs":254970,"records":2588715,"rate":10300.720399076768},{"elapsedMs":256027,"records":2599816,"rate":10502.363117794202},{"elapsedMs":257110,"records":2611216,"rate":10523.779179718715},{"elapsedMs":258182,"records":2620111,"rate":8295.991075397571},{"elapsedMs":259236,"records":2631117,"rate":10441.647239583197},{"elapsedMs":260308,"records":2642551,"rate":10671.180450937225},{"elapsedMs":261382,"records":2653816,"rate":10489.660255287305},{"elapsedMs":262437,"records":2663116,"rate":8809.743642399479},{"elapsedMs":263451,"records":2672719,"rate":9474.163222872956},{"elapsedMs":264507,"records":2683771,"rate":10463.300697056344},{"elapsedMs":265583,"records":2695154,"rate":10582.438112339143},{"elapsedMs":266676,"records":2706616,"rate":10483.147459241978},{"elapsedMs":267745,"records":2717248,"rate":9946.079023929075},{"elapsedMs":268819,"records":2728617,"rate":10585.3875749486},{"elapsedMs":269877,"records":2740216,"rate":10963.356900675357},{"elapsedMs":270957,"records":2750400,"rate":9432.204202167746},{"elapsedMs":272020,"records":2761916,"rate":10834.900962983718},{"elapsedMs":273092,"records":2773214,"rate":10533.072889541241},{"elapsedMs":274162,"records":2784611,"rate":10659.209491064132},{"elapsedMs":275237,"records":2795616,"rate":10231.308055154293},{"elapsedMs":276302,"records":2806811,"rate":10511.323387200848},{"elapsedMs":277366,"records":2817231,"rate":9793.596274174612},{"elapsedMs":278464,"records":2829121,"rate":10831.807750494969},{"elapsedMs":279521,"records":2840421,"rate":10685.603194617104},{"elapsedMs":280590,"records":2851616,"rate":10474.539364073527},{"elapsedMs":281689,"records":2863116,"rate":10463.968181791572},{"elapsedMs":282719,"records":2872291,"rate":8905.848912536248},{"elapsedMs":283813,"records":2883246,"rate":10015.171700661303},{"elapsedMs":284869,"records":2894417,"rate":10579.245912658243},{"elapsedMs":285870,"records":2905455,"rate":11034.300750673337},{"elapsedMs":286939,"records":2914622,"rate":8568.854336370065},{"elapsedMs":288027,"records":2924012,"rate":8636.335437210866},{"elapsedMs":289109,"records":2933814,"rate":9058.036647417186},{"elapsedMs":290124,"records":2943010,"rate":9057.663438511543},{"elapsedMs":291177,"records":2952416,"rate":8932.111300982047},{"elapsedMs":292272,"records":2962516,"rate":9222.421291686062},{"elapsedMs":293323,"records":2969716,"rate":6850.885441071261},{"elapsedMs":294332,"records":2979416,"rate":9611.322335883266},{"elapsedMs":295341,"records":2988841,"rate":9341.603229515833},{"elapsedMs":296414,"records":2998616,"rate":9109.083841661757},{"elapsedMs":297472,"records":3007970,"rate":8845.679347639601},{"elapsedMs":298568,"records":3018516,"rate":9618.476306067461},{"elapsedMs":299637,"records":3030116,"rate":10851.88379530038},{"elapsedMs":300695,"records":3041616,"rate":10871.09878212971},{"elapsedMs":301756,"records":3052816,"rate":10557.765825926008},{"elapsedMs":302856,"records":3064216,"rate":10361.330967496096},{"elapsedMs":303945,"records":3076019,"rate":10837.693420586727},{"elapsedMs":305005,"records":3087416,"rate":10752.703805204883},{"elapsedMs":306063,"records":3098711,"rate":10673.77096734259},{"elapsedMs":307133,"records":3110115,"rate":10659.481410976261},{"elapsedMs":308168,"records":3118416,"rate":8019.57894070743},{"elapsedMs":309249,"records":3129815,"rate":10545.945502452285},{"elapsedMs":310305,"records":3141216,"rate":10796.485014103324},{"elapsedMs":311317,"records":3148816,"rate":7510.128477951738}]}}
