SLF4J(W): No SLF4J providers were found.
SLF4J(W): Defaulting to no-operation (NOP) logger implementation
SLF4J(W): See https://www.slf4j.org/codes.html#noProviders for further details.
STATE CREATED -> REBALANCING
STATE REBALANCING -> RUNNING
{"partition":0,"stats":{"generation":1,"partition":0,"sourceCursor":346,"stagedInputOffset":34616,"resolvedCount":34617,"pendingCount":0,"indexedCount":69400,"decodedCount":347,"outputBytes":72278829,"acceptedCacheRows":256,"acceptedCacheBytes":181630,"faultSuffixCount":0,"faultInputOffset":-1,"fault":""}}
{"partition":1,"stats":{"generation":1,"partition":1,"sourceCursor":-1,"stagedInputOffset":-1,"resolvedCount":0,"pendingCount":0,"indexedCount":0,"decodedCount":0,"outputBytes":0,"acceptedCacheRows":0,"acceptedCacheBytes":0,"faultSuffixCount":0,"faultInputOffset":-1,"fault":""}}
{"partition":0,"stats":{"generation":1,"partition":0,"sourceCursor":882,"stagedInputOffset":88221,"resolvedCount":88222,"pendingCount":0,"indexedCount":176600,"decodedCount":883,"outputBytes":184744258,"acceptedCacheRows":256,"acceptedCacheBytes":181630,"faultSuffixCount":0,"faultInputOffset":-1,"fault":""}}
{"partition":1,"stats":{"generation":1,"partition":1,"sourceCursor":-1,"stagedInputOffset":-1,"resolvedCount":0,"pendingCount":0,"indexedCount":0,"decodedCount":0,"outputBytes":0,"acceptedCacheRows":0,"acceptedCacheBytes":0,"faultSuffixCount":0,"faultInputOffset":-1,"fault":""}}
{"partition":1,"stats":{"generation":1,"partition":1,"sourceCursor":-1,"stagedInputOffset":-1,"resolvedCount":0,"pendingCount":0,"indexedCount":0,"decodedCount":0,"outputBytes":0,"acceptedCacheRows":0,"acceptedCacheBytes":0,"faultSuffixCount":0,"faultInputOffset":-1,"fault":""}}
{"partition":0,"stats":{"generation":1,"partition":0,"sourceCursor":1419,"stagedInputOffset":141915,"resolvedCount":141916,"pendingCount":0,"indexedCount":284000,"decodedCount":1420,"outputBytes":298528156,"acceptedCacheRows":256,"acceptedCacheBytes":184190,"faultSuffixCount":0,"faultInputOffset":-1,"fault":""}}
{"partition":0,"stats":{"generation":1,"partition":0,"sourceCursor":1959,"stagedInputOffset":195919,"resolvedCount":195920,"pendingCount":0,"indexedCount":392000,"decodedCount":1960,"outputBytes":413288812,"acceptedCacheRows":256,"acceptedCacheBytes":184190,"faultSuffixCount":0,"faultInputOffset":-1,"fault":""}}
{"partition":1,"stats":{"generation":1,"partition":1,"sourceCursor":-1,"stagedInputOffset":-1,"resolvedCount":0,"pendingCount":0,"indexedCount":0,"decodedCount":0,"outputBytes":0,"acceptedCacheRows":0,"acceptedCacheBytes":0,"faultSuffixCount":0,"faultInputOffset":-1,"fault":""}}
{"partition":0,"stats":{"generation":1,"partition":0,"sourceCursor":2491,"stagedInputOffset":249169,"resolvedCount":249170,"pendingCount":0,"indexedCount":498400,"decodedCount":2492,"outputBytes":526447158,"acceptedCacheRows":256,"acceptedCacheBytes":184190,"faultSuffixCount":0,"faultInputOffset":-1,"fault":""}}
{"partition":1,"stats":{"generation":1,"partition":1,"sourceCursor":-1,"stagedInputOffset":-1,"resolvedCount":0,"pendingCount":0,"indexedCount":0,"decodedCount":0,"outputBytes":0,"acceptedCacheRows":0,"acceptedCacheBytes":0,"faultSuffixCount":0,"faultInputOffset":-1,"fault":""}}
{"partition":0,"stats":{"generation":1,"partition":0,"sourceCursor":3002,"stagedInputOffset":300215,"resolvedCount":300216,"pendingCount":0,"indexedCount":600600,"decodedCount":3003,"outputBytes":634921988,"acceptedCacheRows":256,"acceptedCacheBytes":184190,"faultSuffixCount":0,"faultInputOffset":-1,"fault":""}}
{"partition":1,"stats":{"generation":1,"partition":1,"sourceCursor":-1,"stagedInputOffset":-1,"resolvedCount":0,"pendingCount":0,"indexedCount":0,"decodedCount":0,"outputBytes":0,"acceptedCacheRows":0,"acceptedCacheBytes":0,"faultSuffixCount":0,"faultInputOffset":-1,"fault":""}}
{"partition":0,"stats":{"generation":1,"partition":0,"sourceCursor":3502,"stagedInputOffset":350217,"resolvedCount":350218,"pendingCount":0,"indexedCount":700600,"decodedCount":3503,"outputBytes":741178236,"acceptedCacheRows":256,"acceptedCacheBytes":184190,"faultSuffixCount":0,"faultInputOffset":-1,"fault":""}}
{"partition":1,"stats":{"generation":1,"partition":1,"sourceCursor":-1,"stagedInputOffset":-1,"resolvedCount":0,"pendingCount":0,"indexedCount":0,"decodedCount":0,"outputBytes":0,"acceptedCacheRows":0,"acceptedCacheBytes":0,"faultSuffixCount":0,"faultInputOffset":-1,"fault":""}}
{"partition":0,"stats":{"generation":1,"partition":0,"sourceCursor":4000,"stagedInputOffset":400089,"resolvedCount":400090,"pendingCount":0,"indexedCount":800200,"decodedCount":4001,"outputBytes":847158234,"acceptedCacheRows":256,"acceptedCacheBytes":184190,"faultSuffixCount":0,"faultInputOffset":-1,"fault":""}}
{"partition":1,"stats":{"generation":1,"partition":1,"sourceCursor":-1,"stagedInputOffset":-1,"resolvedCount":0,"pendingCount":0,"indexedCount":0,"decodedCount":0,"outputBytes":0,"acceptedCacheRows":0,"acceptedCacheBytes":0,"faultSuffixCount":0,"faultInputOffset":-1,"fault":""}}
{"partition":0,"stats":{"generation":1,"partition":0,"sourceCursor":4523,"stagedInputOffset":452316,"resolvedCount":452317,"pendingCount":0,"indexedCount":904800,"decodedCount":4524,"outputBytes":958142696,"acceptedCacheRows":256,"acceptedCacheBytes":184190,"faultSuffixCount":0,"faultInputOffset":-1,"fault":""}}
{"partition":1,"stats":{"generation":1,"partition":1,"sourceCursor":-1,"stagedInputOffset":-1,"resolvedCount":0,"pendingCount":0,"indexedCount":0,"decodedCount":0,"outputBytes":0,"acceptedCacheRows":0,"acceptedCacheBytes":0,"faultSuffixCount":0,"faultInputOffset":-1,"fault":""}}
{"partition":0,"stats":{"generation":1,"partition":0,"sourceCursor":5055,"stagedInputOffset":505515,"resolvedCount":505516,"pendingCount":0,"indexedCount":1011200,"decodedCount":5056,"outputBytes":1071192700,"acceptedCacheRows":256,"acceptedCacheBytes":184190,"faultSuffixCount":0,"faultInputOffset":-1,"fault":""}}
{"partition":1,"stats":{"generation":1,"partition":1,"sourceCursor":-1,"stagedInputOffset":-1,"resolvedCount":0,"pendingCount":0,"indexedCount":0,"decodedCount":0,"outputBytes":0,"acceptedCacheRows":0,"acceptedCacheBytes":0,"faultSuffixCount":0,"faultInputOffset":-1,"fault":""}}
{"partition":0,"stats":{"generation":1,"partition":0,"sourceCursor":5595,"stagedInputOffset":559515,"resolvedCount":559516,"pendingCount":0,"indexedCount":1119200,"decodedCount":5596,"outputBytes":1185944860,"acceptedCacheRows":256,"acceptedCacheBytes":184190,"faultSuffixCount":0,"faultInputOffset":-1,"fault":""}}
{"partition":1,"stats":{"generation":1,"partition":1,"sourceCursor":-1,"stagedInputOffset":-1,"resolvedCount":0,"pendingCount":0,"indexedCount":0,"decodedCount":0,"outputBytes":0,"acceptedCacheRows":0,"acceptedCacheBytes":0,"faultSuffixCount":0,"faultInputOffset":-1,"fault":""}}
{"partition":0,"stats":{"generation":1,"partition":0,"sourceCursor":6143,"stagedInputOffset":614313,"resolvedCount":614314,"pendingCount":0,"indexedCount":1228800,"decodedCount":6144,"outputBytes":1302392804,"acceptedCacheRows":256,"acceptedCacheBytes":184190,"faultSuffixCount":0,"faultInputOffset":-1,"fault":""}}
{"partition":1,"stats":{"generation":1,"partition":1,"sourceCursor":-1,"stagedInputOffset":-1,"resolvedCount":0,"pendingCount":0,"indexedCount":0,"decodedCount":0,"outputBytes":0,"acceptedCacheRows":0,"acceptedCacheBytes":0,"faultSuffixCount":0,"faultInputOffset":-1,"fault":""}}
{"partition":0,"stats":{"generation":1,"partition":0,"sourceCursor":6676,"stagedInputOffset":667686,"resolvedCount":667687,"pendingCount":0,"indexedCount":1335400,"decodedCount":6677,"outputBytes":1415812557,"acceptedCacheRows":256,"acceptedCacheBytes":184190,"faultSuffixCount":0,"faultInputOffset":-1,"fault":""}}
{"partition":1,"stats":{"generation":1,"partition":1,"sourceCursor":-1,"stagedInputOffset":-1,"resolvedCount":0,"pendingCount":0,"indexedCount":0,"decodedCount":0,"outputBytes":0,"acceptedCacheRows":0,"acceptedCacheBytes":0,"faultSuffixCount":0,"faultInputOffset":-1,"fault":""}}
{"partition":0,"stats":{"generation":1,"partition":0,"sourceCursor":7148,"stagedInputOffset":714850,"resolvedCount":714851,"pendingCount":0,"indexedCount":1429800,"decodedCount":7149,"outputBytes":1516037912,"acceptedCacheRows":256,"acceptedCacheBytes":184190,"faultSuffixCount":0,"faultInputOffset":-1,"fault":""}}
{"partition":1,"stats":{"generation":1,"partition":1,"sourceCursor":-1,"stagedInputOffset":-1,"resolvedCount":0,"pendingCount":0,"indexedCount":0,"decodedCount":0,"outputBytes":0,"acceptedCacheRows":0,"acceptedCacheBytes":0,"faultSuffixCount":0,"faultInputOffset":-1,"fault":""}}
{"partition":0,"stats":{"generation":1,"partition":0,"sourceCursor":7625,"stagedInputOffset":762518,"resolvedCount":762519,"pendingCount":0,"indexedCount":1525200,"decodedCount":7626,"outputBytes":1617334352,"acceptedCacheRows":256,"acceptedCacheBytes":184190,"faultSuffixCount":0,"faultInputOffset":-1,"fault":""}}
{"partition":1,"stats":{"generation":1,"partition":1,"sourceCursor":-1,"stagedInputOffset":-1,"resolvedCount":0,"pendingCount":0,"indexedCount":0,"decodedCount":0,"outputBytes":0,"acceptedCacheRows":0,"acceptedCacheBytes":0,"faultSuffixCount":0,"faultInputOffset":-1,"fault":""}}
{"partition":0,"stats":{"generation":1,"partition":0,"sourceCursor":8099,"stagedInputOffset":809916,"resolvedCount":809917,"pendingCount":0,"indexedCount":1620000,"decodedCount":8100,"outputBytes":1718057000,"acceptedCacheRows":256,"acceptedCacheBytes":184190,"faultSuffixCount":0,"faultInputOffset":-1,"fault":""}}
{"partition":1,"stats":{"generation":1,"partition":1,"sourceCursor":-1,"stagedInputOffset":-1,"resolvedCount":0,"pendingCount":0,"indexedCount":0,"decodedCount":0,"outputBytes":0,"acceptedCacheRows":0,"acceptedCacheBytes":0,"faultSuffixCount":0,"faultInputOffset":-1,"fault":""}}
{"partition":0,"stats":{"generation":1,"partition":0,"sourceCursor":8593,"stagedInputOffset":859332,"resolvedCount":859333,"pendingCount":0,"indexedCount":1718800,"decodedCount":8594,"outputBytes":1823067960,"acceptedCacheRows":256,"acceptedCacheBytes":184190,"faultSuffixCount":0,"faultInputOffset":-1,"fault":""}}
{"partition":1,"stats":{"generation":1,"partition":1,"sourceCursor":-1,"stagedInputOffset":-1,"resolvedCount":0,"pendingCount":0,"indexedCount":0,"decodedCount":0,"outputBytes":0,"acceptedCacheRows":0,"acceptedCacheBytes":0,"faultSuffixCount":0,"faultInputOffset":-1,"fault":""}}
{"partition":0,"stats":{"generation":1,"partition":0,"sourceCursor":9062,"stagedInputOffset":906299,"resolvedCount":906300,"pendingCount":0,"indexedCount":1812600,"decodedCount":9063,"outputBytes":1922874752,"acceptedCacheRows":256,"acceptedCacheBytes":184190,"faultSuffixCount":0,"faultInputOffset":-1,"fault":""}}
{"partition":1,"stats":{"generation":1,"partition":1,"sourceCursor":-1,"stagedInputOffset":-1,"resolvedCount":0,"pendingCount":0,"indexedCount":0,"decodedCount":0,"outputBytes":0,"acceptedCacheRows":0,"acceptedCacheBytes":0,"faultSuffixCount":0,"faultInputOffset":-1,"fault":""}}
{"partition":0,"stats":{"generation":1,"partition":0,"sourceCursor":9588,"stagedInputOffset":958823,"resolvedCount":958824,"pendingCount":0,"indexedCount":1917800,"decodedCount":9589,"outputBytes":2034490324,"acceptedCacheRows":256,"acceptedCacheBytes":184190,"faultSuffixCount":0,"faultInputOffset":-1,"fault":""}}
{"partition":1,"stats":{"generation":1,"partition":1,"sourceCursor":-1,"stagedInputOffset":-1,"resolvedCount":0,"pendingCount":0,"indexedCount":0,"decodedCount":0,"outputBytes":0,"acceptedCacheRows":0,"acceptedCacheBytes":0,"faultSuffixCount":0,"faultInputOffset":-1,"fault":""}}
{"partition":0,"stats":{"generation":1,"partition":0,"sourceCursor":10103,"stagedInputOffset":1010379,"resolvedCount":1010380,"pendingCount":0,"indexedCount":2020800,"decodedCount":10104,"outputBytes":2144329136,"acceptedCacheRows":256,"acceptedCacheBytes":186750,"faultSuffixCount":0,"faultInputOffset":-1,"fault":""}}
{"partition":1,"stats":{"generation":1,"partition":1,"sourceCursor":-1,"stagedInputOffset":-1,"resolvedCount":0,"pendingCount":0,"indexedCount":0,"decodedCount":0,"outputBytes":0,"acceptedCacheRows":0,"acceptedCacheBytes":0,"faultSuffixCount":0,"faultInputOffset":-1,"fault":""}}
{"partition":0,"stats":{"generation":1,"partition":0,"sourceCursor":10642,"stagedInputOffset":1064215,"resolvedCount":1064216,"pendingCount":0,"indexedCount":2128600,"decodedCount":10643,"outputBytes":2260186380,"acceptedCacheRows":256,"acceptedCacheBytes":186750,"faultSuffixCount":0,"faultInputOffset":-1,"fault":""}}
{"partition":1,"stats":{"generation":1,"partition":1,"sourceCursor":-1,"stagedInputOffset":-1,"resolvedCount":0,"pendingCount":0,"indexedCount":0,"decodedCount":0,"outputBytes":0,"acceptedCacheRows":0,"acceptedCacheBytes":0,"faultSuffixCount":0,"faultInputOffset":-1,"fault":""}}
{"partition":0,"stats":{"generation":1,"partition":0,"sourceCursor":11142,"stagedInputOffset":1114218,"resolvedCount":1114219,"pendingCount":0,"indexedCount":2228600,"decodedCount":11143,"outputBytes":2367794833,"acceptedCacheRows":256,"acceptedCacheBytes":186750,"faultSuffixCount":0,"faultInputOffset":-1,"fault":""}}
{"partition":1,"stats":{"generation":1,"partition":1,"sourceCursor":-1,"stagedInputOffset":-1,"resolvedCount":0,"pendingCount":0,"indexedCount":0,"decodedCount":0,"outputBytes":0,"acceptedCacheRows":0,"acceptedCacheBytes":0,"faultSuffixCount":0,"faultInputOffset":-1,"fault":""}}
{"partition":0,"stats":{"generation":1,"partition":0,"sourceCursor":11657,"stagedInputOffset":1165715,"resolvedCount":1165716,"pendingCount":0,"indexedCount":2331600,"decodedCount":11658,"outputBytes":2478618440,"acceptedCacheRows":256,"acceptedCacheBytes":186750,"faultSuffixCount":0,"faultInputOffset":-1,"fault":""}}
{"partition":1,"stats":{"generation":1,"partition":1,"sourceCursor":-1,"stagedInputOffset":-1,"resolvedCount":0,"pendingCount":0,"indexedCount":0,"decodedCount":0,"outputBytes":0,"acceptedCacheRows":0,"acceptedCacheBytes":0,"faultSuffixCount":0,"faultInputOffset":-1,"fault":""}}
{"partition":0,"stats":{"generation":1,"partition":0,"sourceCursor":12192,"stagedInputOffset":1219217,"resolvedCount":1219218,"pendingCount":0,"indexedCount":2438600,"decodedCount":12193,"outputBytes":2593756882,"acceptedCacheRows":256,"acceptedCacheBytes":186750,"faultSuffixCount":0,"faultInputOffset":-1,"fault":""}}
{"partition":1,"stats":{"generation":1,"partition":1,"sourceCursor":-1,"stagedInputOffset":-1,"resolvedCount":0,"pendingCount":0,"indexedCount":0,"decodedCount":0,"outputBytes":0,"acceptedCacheRows":0,"acceptedCacheBytes":0,"faultSuffixCount":0,"faultInputOffset":-1,"fault":""}}
{"partition":0,"stats":{"generation":1,"partition":0,"sourceCursor":12724,"stagedInputOffset":1272432,"resolvedCount":1272433,"pendingCount":0,"indexedCount":2545000,"decodedCount":12725,"outputBytes":2708277675,"acceptedCacheRows":256,"acceptedCacheBytes":186750,"faultSuffixCount":0,"faultInputOffset":-1,"fault":""}}
{"partition":1,"stats":{"generation":1,"partition":1,"sourceCursor":-1,"stagedInputOffset":-1,"resolvedCount":0,"pendingCount":0,"indexedCount":0,"decodedCount":0,"outputBytes":0,"acceptedCacheRows":0,"acceptedCacheBytes":0,"faultSuffixCount":0,"faultInputOffset":-1,"fault":""}}
{"partition":0,"stats":{"generation":1,"partition":0,"sourceCursor":13237,"stagedInputOffset":1323799,"resolvedCount":1323800,"pendingCount":0,"indexedCount":2647600,"decodedCount":13238,"outputBytes":2818821552,"acceptedCacheRows":256,"acceptedCacheBytes":186750,"faultSuffixCount":0,"faultInputOffset":-1,"fault":""}}
{"partition":1,"stats":{"generation":1,"partition":1,"sourceCursor":-1,"stagedInputOffset":-1,"resolvedCount":0,"pendingCount":0,"indexedCount":0,"decodedCount":0,"outputBytes":0,"acceptedCacheRows":0,"acceptedCacheBytes":0,"faultSuffixCount":0,"faultInputOffset":-1,"fault":""}}
{"partition":0,"stats":{"generation":1,"partition":0,"sourceCursor":13735,"stagedInputOffset":1373515,"resolvedCount":1373516,"pendingCount":0,"indexedCount":2747200,"decodedCount":13736,"outputBytes":2925812352,"acceptedCacheRows":256,"acceptedCacheBytes":186750,"faultSuffixCount":0,"faultInputOffset":-1,"fault":""}}
{"partition":1,"stats":{"generation":1,"partition":1,"sourceCursor":-1,"stagedInputOffset":-1,"resolvedCount":0,"pendingCount":0,"indexedCount":0,"decodedCount":0,"outputBytes":0,"acceptedCacheRows":0,"acceptedCacheBytes":0,"faultSuffixCount":0,"faultInputOffset":-1,"fault":""}}
{"partition":0,"stats":{"generation":1,"partition":0,"sourceCursor":14209,"stagedInputOffset":1420915,"resolvedCount":1420916,"pendingCount":0,"indexedCount":2842000,"decodedCount":14210,"outputBytes":3027819048,"acceptedCacheRows":256,"acceptedCacheBytes":186750,"faultSuffixCount":0,"faultInputOffset":-1,"fault":""}}
{"partition":1,"stats":{"generation":1,"partition":1,"sourceCursor":-1,"stagedInputOffset":-1,"resolvedCount":0,"pendingCount":0,"indexedCount":0,"decodedCount":0,"outputBytes":0,"acceptedCacheRows":0,"acceptedCacheBytes":0,"faultSuffixCount":0,"faultInputOffset":-1,"fault":""}}
{"partition":0,"stats":{"generation":1,"partition":0,"sourceCursor":14722,"stagedInputOffset":1472216,"resolvedCount":1472217,"pendingCount":0,"indexedCount":2944600,"decodedCount":14723,"outputBytes":3138220851,"acceptedCacheRows":256,"acceptedCacheBytes":186750,"faultSuffixCount":0,"faultInputOffset":-1,"fault":""}}
{"partition":1,"stats":{"generation":1,"partition":1,"sourceCursor":-1,"stagedInputOffset":-1,"resolvedCount":0,"pendingCount":0,"indexedCount":0,"decodedCount":0,"outputBytes":0,"acceptedCacheRows":0,"acceptedCacheBytes":0,"faultSuffixCount":0,"faultInputOffset":-1,"fault":""}}
{"partition":0,"stats":{"generation":1,"partition":0,"sourceCursor":15181,"stagedInputOffset":1518115,"resolvedCount":1518116,"pendingCount":0,"indexedCount":3036400,"decodedCount":15182,"outputBytes":3236997336,"acceptedCacheRows":256,"acceptedCacheBytes":186750,"faultSuffixCount":0,"faultInputOffset":-1,"fault":""}}
{"partition":1,"stats":{"generation":1,"partition":1,"sourceCursor":-1,"stagedInputOffset":-1,"resolvedCount":0,"pendingCount":0,"indexedCount":0,"decodedCount":0,"outputBytes":0,"acceptedCacheRows":0,"acceptedCacheBytes":0,"faultSuffixCount":0,"faultInputOffset":-1,"fault":""}}
{"partition":1,"stats":{"generation":1,"partition":1,"sourceCursor":-1,"stagedInputOffset":-1,"resolvedCount":0,"pendingCount":0,"indexedCount":0,"decodedCount":0,"outputBytes":0,"acceptedCacheRows":0,"acceptedCacheBytes":0,"faultSuffixCount":0,"faultInputOffset":-1,"fault":""}}
{"partition":0,"stats":{"generation":1,"partition":0,"sourceCursor":15591,"stagedInputOffset":1559118,"resolvedCount":1559119,"pendingCount":0,"indexedCount":3118400,"decodedCount":15592,"outputBytes":3325237429,"acceptedCacheRows":256,"acceptedCacheBytes":186750,"faultSuffixCount":0,"faultInputOffset":-1,"fault":""}}
{"partition":0,"stats":{"generation":1,"partition":0,"sourceCursor":16060,"stagedInputOffset":1606018,"resolvedCount":1606019,"pendingCount":0,"indexedCount":3212200,"decodedCount":16061,"outputBytes":3426168105,"acceptedCacheRows":256,"acceptedCacheBytes":186750,"faultSuffixCount":0,"faultInputOffset":-1,"fault":""}}
{"partition":1,"stats":{"generation":1,"partition":1,"sourceCursor":-1,"stagedInputOffset":-1,"resolvedCount":0,"pendingCount":0,"indexedCount":0,"decodedCount":0,"outputBytes":0,"acceptedCacheRows":0,"acceptedCacheBytes":0,"faultSuffixCount":0,"faultInputOffset":-1,"fault":""}}
{"partition":0,"stats":{"generation":1,"partition":0,"sourceCursor":16583,"stagedInputOffset":1658318,"resolvedCount":1658319,"pendingCount":0,"indexedCount":3316800,"decodedCount":16584,"outputBytes":3538799473,"acceptedCacheRows":256,"acceptedCacheBytes":187006,"faultSuffixCount":0,"faultInputOffset":-1,"fault":""}}
{"partition":1,"stats":{"generation":1,"partition":1,"sourceCursor":-1,"stagedInputOffset":-1,"resolvedCount":0,"pendingCount":0,"indexedCount":0,"decodedCount":0,"outputBytes":0,"acceptedCacheRows":0,"acceptedCacheBytes":0,"faultSuffixCount":0,"faultInputOffset":-1,"fault":""}}
{"partition":0,"stats":{"generation":1,"partition":0,"sourceCursor":17110,"stagedInputOffset":1711015,"resolvedCount":1711016,"pendingCount":0,"indexedCount":3422200,"decodedCount":17111,"outputBytes":3652416316,"acceptedCacheRows":256,"acceptedCacheBytes":187006,"faultSuffixCount":0,"faultInputOffset":-1,"fault":""}}
{"partition":1,"stats":{"generation":1,"partition":1,"sourceCursor":-1,"stagedInputOffset":-1,"resolvedCount":0,"pendingCount":0,"indexedCount":0,"decodedCount":0,"outputBytes":0,"acceptedCacheRows":0,"acceptedCacheBytes":0,"faultSuffixCount":0,"faultInputOffset":-1,"fault":""}}
{"partition":0,"stats":{"generation":1,"partition":0,"sourceCursor":17623,"stagedInputOffset":1762315,"resolvedCount":1762316,"pendingCount":0,"indexedCount":3524800,"decodedCount":17624,"outputBytes":3763021168,"acceptedCacheRows":256,"acceptedCacheBytes":187006,"faultSuffixCount":0,"faultInputOffset":-1,"fault":""}}
{"partition":1,"stats":{"generation":1,"partition":1,"sourceCursor":-1,"stagedInputOffset":-1,"resolvedCount":0,"pendingCount":0,"indexedCount":0,"decodedCount":0,"outputBytes":0,"acceptedCacheRows":0,"acceptedCacheBytes":0,"faultSuffixCount":0,"faultInputOffset":-1,"fault":""}}
{"partition":0,"stats":{"generation":1,"partition":0,"sourceCursor":18130,"stagedInputOffset":1813015,"resolvedCount":1813016,"pendingCount":0,"indexedCount":3626200,"decodedCount":18131,"outputBytes":3872332396,"acceptedCacheRows":256,"acceptedCacheBytes":187006,"faultSuffixCount":0,"faultInputOffset":-1,"fault":""}}
{"partition":1,"stats":{"generation":1,"partition":1,"sourceCursor":-1,"stagedInputOffset":-1,"resolvedCount":0,"pendingCount":0,"indexedCount":0,"decodedCount":0,"outputBytes":0,"acceptedCacheRows":0,"acceptedCacheBytes":0,"faultSuffixCount":0,"faultInputOffset":-1,"fault":""}}
{"partition":0,"stats":{"generation":1,"partition":0,"sourceCursor":18638,"stagedInputOffset":1863869,"resolvedCount":1863870,"pendingCount":0,"indexedCount":3727800,"decodedCount":18639,"outputBytes":3981975616,"acceptedCacheRows":256,"acceptedCacheBytes":187006,"faultSuffixCount":0,"faultInputOffset":-1,"fault":""}}
{"partition":1,"stats":{"generation":1,"partition":1,"sourceCursor":-1,"stagedInputOffset":-1,"resolvedCount":0,"pendingCount":0,"indexedCount":0,"decodedCount":0,"outputBytes":0,"acceptedCacheRows":0,"acceptedCacheBytes":0,"faultSuffixCount":0,"faultInputOffset":-1,"fault":""}}
{"partition":0,"stats":{"generation":1,"partition":0,"sourceCursor":19165,"stagedInputOffset":1916515,"resolvedCount":1916516,"pendingCount":0,"indexedCount":3833200,"decodedCount":19166,"outputBytes":4095482536,"acceptedCacheRows":256,"acceptedCacheBytes":187006,"faultSuffixCount":0,"faultInputOffset":-1,"fault":""}}
{"partition":1,"stats":{"generation":1,"partition":1,"sourceCursor":-1,"stagedInputOffset":-1,"resolvedCount":0,"pendingCount":0,"indexedCount":0,"decodedCount":0,"outputBytes":0,"acceptedCacheRows":0,"acceptedCacheBytes":0,"faultSuffixCount":0,"faultInputOffset":-1,"fault":""}}
{"partition":0,"stats":{"generation":1,"partition":0,"sourceCursor":19697,"stagedInputOffset":1969715,"resolvedCount":1969716,"pendingCount":0,"indexedCount":3939600,"decodedCount":19698,"outputBytes":4210183864,"acceptedCacheRows":256,"acceptedCacheBytes":187006,"faultSuffixCount":0,"faultInputOffset":-1,"fault":""}}
{"partition":1,"stats":{"generation":1,"partition":1,"sourceCursor":-1,"stagedInputOffset":-1,"resolvedCount":0,"pendingCount":0,"indexedCount":0,"decodedCount":0,"outputBytes":0,"acceptedCacheRows":0,"acceptedCacheBytes":0,"faultSuffixCount":0,"faultInputOffset":-1,"fault":""}}
{"partition":0,"stats":{"generation":1,"partition":0,"sourceCursor":20223,"stagedInputOffset":2022350,"resolvedCount":2022351,"pendingCount":0,"indexedCount":4044800,"decodedCount":20224,"outputBytes":4323666993,"acceptedCacheRows":256,"acceptedCacheBytes":187006,"faultSuffixCount":0,"faultInputOffset":-1,"fault":""}}
{"partition":1,"stats":{"generation":1,"partition":1,"sourceCursor":-1,"stagedInputOffset":-1,"resolvedCount":0,"pendingCount":0,"indexedCount":0,"decodedCount":0,"outputBytes":0,"acceptedCacheRows":0,"acceptedCacheBytes":0,"faultSuffixCount":0,"faultInputOffset":-1,"fault":""}}
{"partition":0,"stats":{"generation":1,"partition":0,"sourceCursor":20737,"stagedInputOffset":2073720,"resolvedCount":2073721,"pendingCount":0,"indexedCount":4147600,"decodedCount":20738,"outputBytes":4434422799,"acceptedCacheRows":256,"acceptedCacheBytes":187006,"faultSuffixCount":0,"faultInputOffset":-1,"fault":""}}
{"partition":1,"stats":{"generation":1,"partition":1,"sourceCursor":-1,"stagedInputOffset":-1,"resolvedCount":0,"pendingCount":0,"indexedCount":0,"decodedCount":0,"outputBytes":0,"acceptedCacheRows":0,"acceptedCacheBytes":0,"faultSuffixCount":0,"faultInputOffset":-1,"fault":""}}
{"partition":0,"stats":{"generation":1,"partition":0,"sourceCursor":21253,"stagedInputOffset":2125315,"resolvedCount":2125316,"pendingCount":0,"indexedCount":4250800,"decodedCount":21254,"outputBytes":4545663688,"acceptedCacheRows":256,"acceptedCacheBytes":187006,"faultSuffixCount":0,"faultInputOffset":-1,"fault":""}}
{"partition":1,"stats":{"generation":1,"partition":1,"sourceCursor":-1,"stagedInputOffset":-1,"resolvedCount":0,"pendingCount":0,"indexedCount":0,"decodedCount":0,"outputBytes":0,"acceptedCacheRows":0,"acceptedCacheBytes":0,"faultSuffixCount":0,"faultInputOffset":-1,"fault":""}}
{"partition":0,"stats":{"generation":1,"partition":0,"sourceCursor":21769,"stagedInputOffset":2176918,"resolvedCount":2176919,"pendingCount":0,"indexedCount":4354000,"decodedCount":21770,"outputBytes":4656921817,"acceptedCacheRows":256,"acceptedCacheBytes":187006,"faultSuffixCount":0,"faultInputOffset":-1,"fault":""}}
{"partition":1,"stats":{"generation":1,"partition":1,"sourceCursor":-1,"stagedInputOffset":-1,"resolvedCount":0,"pendingCount":0,"indexedCount":0,"decodedCount":0,"outputBytes":0,"acceptedCacheRows":0,"acceptedCacheBytes":0,"faultSuffixCount":0,"faultInputOffset":-1,"fault":""}}
{"partition":0,"stats":{"generation":1,"partition":0,"sourceCursor":22291,"stagedInputOffset":2229115,"resolvedCount":2229116,"pendingCount":0,"indexedCount":4458400,"decodedCount":22292,"outputBytes":4769460640,"acceptedCacheRows":256,"acceptedCacheBytes":187006,"faultSuffixCount":0,"faultInputOffset":-1,"fault":""}}
{"partition":1,"stats":{"generation":1,"partition":1,"sourceCursor":-1,"stagedInputOffset":-1,"resolvedCount":0,"pendingCount":0,"indexedCount":0,"decodedCount":0,"outputBytes":0,"acceptedCacheRows":0,"acceptedCacheBytes":0,"faultSuffixCount":0,"faultInputOffset":-1,"fault":""}}
{"partition":0,"stats":{"generation":1,"partition":0,"sourceCursor":22780,"stagedInputOffset":2278015,"resolvedCount":2278016,"pendingCount":0,"indexedCount":4556200,"decodedCount":22781,"outputBytes":4874890996,"acceptedCacheRows":256,"acceptedCacheBytes":187006,"faultSuffixCount":0,"faultInputOffset":-1,"fault":""}}
{"partition":1,"stats":{"generation":1,"partition":1,"sourceCursor":-1,"stagedInputOffset":-1,"resolvedCount":0,"pendingCount":0,"indexedCount":0,"decodedCount":0,"outputBytes":0,"acceptedCacheRows":0,"acceptedCacheBytes":0,"faultSuffixCount":0,"faultInputOffset":-1,"fault":""}}
{"partition":0,"stats":{"generation":1,"partition":0,"sourceCursor":23299,"stagedInputOffset":2329918,"resolvedCount":2329919,"pendingCount":0,"indexedCount":4660000,"decodedCount":23300,"outputBytes":4986795937,"acceptedCacheRows":256,"acceptedCacheBytes":187006,"faultSuffixCount":0,"faultInputOffset":-1,"fault":""}}
{"partition":1,"stats":{"generation":1,"partition":1,"sourceCursor":-1,"stagedInputOffset":-1,"resolvedCount":0,"pendingCount":0,"indexedCount":0,"decodedCount":0,"outputBytes":0,"acceptedCacheRows":0,"acceptedCacheBytes":0,"faultSuffixCount":0,"faultInputOffset":-1,"fault":""}}
{"partition":0,"stats":{"generation":1,"partition":0,"sourceCursor":23792,"stagedInputOffset":2379215,"resolvedCount":2379216,"pendingCount":0,"indexedCount":4758600,"decodedCount":23793,"outputBytes":5093082244,"acceptedCacheRows":256,"acceptedCacheBytes":187006,"faultSuffixCount":0,"faultInputOffset":-1,"fault":""}}
{"partition":1,"stats":{"generation":1,"partition":1,"sourceCursor":-1,"stagedInputOffset":-1,"resolvedCount":0,"pendingCount":0,"indexedCount":0,"decodedCount":0,"outputBytes":0,"acceptedCacheRows":0,"acceptedCacheBytes":0,"faultSuffixCount":0,"faultInputOffset":-1,"fault":""}}
{"partition":0,"stats":{"generation":1,"partition":0,"sourceCursor":24297,"stagedInputOffset":2429715,"resolvedCount":2429716,"pendingCount":0,"indexedCount":4859600,"decodedCount":24298,"outputBytes":5201962264,"acceptedCacheRows":256,"acceptedCacheBytes":187006,"faultSuffixCount":0,"faultInputOffset":-1,"fault":""}}
{"partition":1,"stats":{"generation":1,"partition":1,"sourceCursor":-1,"stagedInputOffset":-1,"resolvedCount":0,"pendingCount":0,"indexedCount":0,"decodedCount":0,"outputBytes":0,"acceptedCacheRows":0,"acceptedCacheBytes":0,"faultSuffixCount":0,"faultInputOffset":-1,"fault":""}}
{"partition":0,"stats":{"generation":1,"partition":0,"sourceCursor":24838,"stagedInputOffset":2483889,"resolvedCount":2483890,"pendingCount":0,"indexedCount":4967800,"decodedCount":24839,"outputBytes":5318763576,"acceptedCacheRows":256,"acceptedCacheBytes":187006,"faultSuffixCount":0,"faultInputOffset":-1,"fault":""}}
{"partition":1,"stats":{"generation":1,"partition":1,"sourceCursor":-1,"stagedInputOffset":-1,"resolvedCount":0,"pendingCount":0,"indexedCount":0,"decodedCount":0,"outputBytes":0,"acceptedCacheRows":0,"acceptedCacheBytes":0,"faultSuffixCount":0,"faultInputOffset":-1,"fault":""}}
{"partition":0,"stats":{"generation":1,"partition":0,"sourceCursor":25346,"stagedInputOffset":2534659,"resolvedCount":2534660,"pendingCount":0,"indexedCount":5069400,"decodedCount":25347,"outputBytes":5428225680,"acceptedCacheRows":256,"acceptedCacheBytes":187006,"faultSuffixCount":0,"faultInputOffset":-1,"fault":""}}
{"partition":1,"stats":{"generation":1,"partition":1,"sourceCursor":-1,"stagedInputOffset":-1,"resolvedCount":0,"pendingCount":0,"indexedCount":0,"decodedCount":0,"outputBytes":0,"acceptedCacheRows":0,"acceptedCacheBytes":0,"faultSuffixCount":0,"faultInputOffset":-1,"fault":""}}
{"partition":0,"stats":{"generation":1,"partition":0,"sourceCursor":25846,"stagedInputOffset":2584669,"resolvedCount":2584670,"pendingCount":0,"indexedCount":5169400,"decodedCount":25847,"outputBytes":5536049248,"acceptedCacheRows":256,"acceptedCacheBytes":187006,"faultSuffixCount":0,"faultInputOffset":-1,"fault":""}}
{"partition":1,"stats":{"generation":1,"partition":1,"sourceCursor":-1,"stagedInputOffset":-1,"resolvedCount":0,"pendingCount":0,"indexedCount":0,"decodedCount":0,"outputBytes":0,"acceptedCacheRows":0,"acceptedCacheBytes":0,"faultSuffixCount":0,"faultInputOffset":-1,"fault":""}}
{"partition":0,"stats":{"generation":1,"partition":0,"sourceCursor":26349,"stagedInputOffset":2634915,"resolvedCount":2634916,"pendingCount":0,"indexedCount":5270000,"decodedCount":26350,"outputBytes":5644381672,"acceptedCacheRows":256,"acceptedCacheBytes":187006,"faultSuffixCount":0,"faultInputOffset":-1,"fault":""}}
{"partition":1,"stats":{"generation":1,"partition":1,"sourceCursor":-1,"stagedInputOffset":-1,"resolvedCount":0,"pendingCount":0,"indexedCount":0,"decodedCount":0,"outputBytes":0,"acceptedCacheRows":0,"acceptedCacheBytes":0,"faultSuffixCount":0,"faultInputOffset":-1,"fault":""}}
{"partition":0,"stats":{"generation":1,"partition":0,"sourceCursor":26845,"stagedInputOffset":2684599,"resolvedCount":2684600,"pendingCount":0,"indexedCount":5369200,"decodedCount":26846,"outputBytes":5751502384,"acceptedCacheRows":256,"acceptedCacheBytes":187006,"faultSuffixCount":0,"faultInputOffset":-1,"fault":""}}
{"partition":1,"stats":{"generation":1,"partition":1,"sourceCursor":-1,"stagedInputOffset":-1,"resolvedCount":0,"pendingCount":0,"indexedCount":0,"decodedCount":0,"outputBytes":0,"acceptedCacheRows":0,"acceptedCacheBytes":0,"faultSuffixCount":0,"faultInputOffset":-1,"fault":""}}
{"partition":0,"stats":{"generation":1,"partition":0,"sourceCursor":27370,"stagedInputOffset":2737016,"resolvedCount":2737017,"pendingCount":0,"indexedCount":5474200,"decodedCount":27371,"outputBytes":5864515511,"acceptedCacheRows":256,"acceptedCacheBytes":187006,"faultSuffixCount":0,"faultInputOffset":-1,"fault":""}}
{"partition":1,"stats":{"generation":1,"partition":1,"sourceCursor":-1,"stagedInputOffset":-1,"resolvedCount":0,"pendingCount":0,"indexedCount":0,"decodedCount":0,"outputBytes":0,"acceptedCacheRows":0,"acceptedCacheBytes":0,"faultSuffixCount":0,"faultInputOffset":-1,"fault":""}}
{"partition":0,"stats":{"generation":1,"partition":0,"sourceCursor":27888,"stagedInputOffset":2788815,"resolvedCount":2788816,"pendingCount":0,"indexedCount":5577800,"decodedCount":27889,"outputBytes":5976196228,"acceptedCacheRows":256,"acceptedCacheBytes":187006,"faultSuffixCount":0,"faultInputOffset":-1,"fault":""}}
{"partition":1,"stats":{"generation":1,"partition":1,"sourceCursor":-1,"stagedInputOffset":-1,"resolvedCount":0,"pendingCount":0,"indexedCount":0,"decodedCount":0,"outputBytes":0,"acceptedCacheRows":0,"acceptedCacheBytes":0,"faultSuffixCount":0,"faultInputOffset":-1,"fault":""}}
{"partition":0,"stats":{"generation":1,"partition":0,"sourceCursor":28410,"stagedInputOffset":2841018,"resolvedCount":2841019,"pendingCount":0,"indexedCount":5682200,"decodedCount":28411,"outputBytes":6088747981,"acceptedCacheRows":256,"acceptedCacheBytes":187006,"faultSuffixCount":0,"faultInputOffset":-1,"fault":""}}
{"partition":1,"stats":{"generation":1,"partition":1,"sourceCursor":-1,"stagedInputOffset":-1,"resolvedCount":0,"pendingCount":0,"indexedCount":0,"decodedCount":0,"outputBytes":0,"acceptedCacheRows":0,"acceptedCacheBytes":0,"faultSuffixCount":0,"faultInputOffset":-1,"fault":""}}
{"partition":0,"stats":{"generation":1,"partition":0,"sourceCursor":28913,"stagedInputOffset":2891315,"resolvedCount":2891316,"pendingCount":0,"indexedCount":5782800,"decodedCount":28914,"outputBytes":6197190328,"acceptedCacheRows":256,"acceptedCacheBytes":187006,"faultSuffixCount":0,"faultInputOffset":-1,"fault":""}}
{"partition":1,"stats":{"generation":1,"partition":1,"sourceCursor":-1,"stagedInputOffset":-1,"resolvedCount":0,"pendingCount":0,"indexedCount":0,"decodedCount":0,"outputBytes":0,"acceptedCacheRows":0,"acceptedCacheBytes":0,"faultSuffixCount":0,"faultInputOffset":-1,"fault":""}}
{"partition":0,"stats":{"generation":1,"partition":0,"sourceCursor":29383,"stagedInputOffset":2938315,"resolvedCount":2938316,"pendingCount":0,"indexedCount":5876800,"decodedCount":29384,"outputBytes":6298524208,"acceptedCacheRows":256,"acceptedCacheBytes":187006,"faultSuffixCount":0,"faultInputOffset":-1,"fault":""}}
{"partition":1,"stats":{"generation":1,"partition":1,"sourceCursor":-1,"stagedInputOffset":-1,"resolvedCount":0,"pendingCount":0,"indexedCount":0,"decodedCount":0,"outputBytes":0,"acceptedCacheRows":0,"acceptedCacheBytes":0,"faultSuffixCount":0,"faultInputOffset":-1,"fault":""}}
{"partition":0,"stats":{"generation":1,"partition":0,"sourceCursor":29813,"stagedInputOffset":2981323,"resolvedCount":2981324,"pendingCount":0,"indexedCount":5962800,"decodedCount":29814,"outputBytes":6391251168,"acceptedCacheRows":256,"acceptedCacheBytes":187006,"faultSuffixCount":0,"faultInputOffset":-1,"fault":""}}
{"partition":1,"stats":{"generation":1,"partition":1,"sourceCursor":-1,"stagedInputOffset":-1,"resolvedCount":0,"pendingCount":0,"indexedCount":0,"decodedCount":0,"outputBytes":0,"acceptedCacheRows":0,"acceptedCacheBytes":0,"faultSuffixCount":0,"faultInputOffset":-1,"fault":""}}
{"partition":0,"stats":{"generation":1,"partition":0,"sourceCursor":30295,"stagedInputOffset":3029532,"resolvedCount":3029533,"pendingCount":0,"indexedCount":6059200,"decodedCount":30296,"outputBytes":6495191691,"acceptedCacheRows":256,"acceptedCacheBytes":187006,"faultSuffixCount":0,"faultInputOffset":-1,"fault":""}}
{"partition":1,"stats":{"generation":1,"partition":1,"sourceCursor":-1,"stagedInputOffset":-1,"resolvedCount":0,"pendingCount":0,"indexedCount":0,"decodedCount":0,"outputBytes":0,"acceptedCacheRows":0,"acceptedCacheBytes":0,"faultSuffixCount":0,"faultInputOffset":-1,"fault":""}}
{"partition":0,"stats":{"generation":1,"partition":0,"sourceCursor":30827,"stagedInputOffset":3082715,"resolvedCount":3082716,"pendingCount":0,"indexedCount":6165600,"decodedCount":30828,"outputBytes":6609856384,"acceptedCacheRows":256,"acceptedCacheBytes":187006,"faultSuffixCount":0,"faultInputOffset":-1,"fault":""}}
{"partition":1,"stats":{"generation":1,"partition":1,"sourceCursor":-1,"stagedInputOffset":-1,"resolvedCount":0,"pendingCount":0,"indexedCount":0,"decodedCount":0,"outputBytes":0,"acceptedCacheRows":0,"acceptedCacheBytes":0,"faultSuffixCount":0,"faultInputOffset":-1,"fault":""}}
{"partition":0,"stats":{"generation":1,"partition":0,"sourceCursor":31333,"stagedInputOffset":3133369,"resolvedCount":3133370,"pendingCount":0,"indexedCount":6266800,"decodedCount":31334,"outputBytes":6719068396,"acceptedCacheRows":256,"acceptedCacheBytes":187006,"faultSuffixCount":0,"faultInputOffset":-1,"fault":""}}
{"partition":1,"stats":{"generation":1,"partition":1,"sourceCursor":-1,"stagedInputOffset":-1,"resolvedCount":0,"pendingCount":0,"indexedCount":0,"decodedCount":0,"outputBytes":0,"acceptedCacheRows":0,"acceptedCacheBytes":0,"faultSuffixCount":0,"faultInputOffset":-1,"fault":""}}
{"partition":0,"stats":{"generation":1,"partition":0,"sourceCursor":31499,"stagedInputOffset":3149999,"resolvedCount":3150000,"pendingCount":0,"indexedCount":6300000,"decodedCount":31500,"outputBytes":6754923400,"acceptedCacheRows":256,"acceptedCacheBytes":187006,"faultSuffixCount":0,"faultInputOffset":-1,"fault":""}}
{"partition":1,"stats":{"generation":1,"partition":1,"sourceCursor":-1,"stagedInputOffset":-1,"resolvedCount":0,"pendingCount":0,"indexedCount":0,"decodedCount":0,"outputBytes":0,"acceptedCacheRows":0,"acceptedCacheBytes":0,"faultSuffixCount":0,"faultInputOffset":-1,"fault":""}}
{"partition":1,"stats":{"generation":1,"partition":1,"sourceCursor":-1,"stagedInputOffset":-1,"resolvedCount":0,"pendingCount":0,"indexedCount":0,"decodedCount":0,"outputBytes":0,"acceptedCacheRows":0,"acceptedCacheBytes":0,"faultSuffixCount":0,"faultInputOffset":-1,"fault":""}}
{"partition":0,"stats":{"generation":1,"partition":0,"sourceCursor":31499,"stagedInputOffset":3149999,"resolvedCount":3150000,"pendingCount":0,"indexedCount":6300000,"decodedCount":31500,"outputBytes":6754923400,"acceptedCacheRows":256,"acceptedCacheBytes":187006,"faultSuffixCount":0,"faultInputOffset":-1,"fault":""}}
{"partition":0,"stats":{"generation":1,"partition":0,"sourceCursor":31499,"stagedInputOffset":3149999,"resolvedCount":3150000,"pendingCount":0,"indexedCount":6300000,"decodedCount":31500,"outputBytes":6754923400,"acceptedCacheRows":256,"acceptedCacheBytes":187006,"faultSuffixCount":0,"faultInputOffset":-1,"fault":""}}
{"partition":1,"stats":{"generation":1,"partition":1,"sourceCursor":-1,"stagedInputOffset":-1,"resolvedCount":0,"pendingCount":0,"indexedCount":0,"decodedCount":0,"outputBytes":0,"acceptedCacheRows":0,"acceptedCacheBytes":0,"faultSuffixCount":0,"faultInputOffset":-1,"fault":""}}
{"partition":1,"stats":{"generation":1,"partition":1,"sourceCursor":-1,"stagedInputOffset":-1,"resolvedCount":0,"pendingCount":0,"indexedCount":0,"decodedCount":0,"outputBytes":0,"acceptedCacheRows":0,"acceptedCacheBytes":0,"faultSuffixCount":0,"faultInputOffset":-1,"fault":""}}
{"partition":0,"stats":{"generation":1,"partition":0,"sourceCursor":31499,"stagedInputOffset":3149999,"resolvedCount":3150000,"pendingCount":0,"indexedCount":6300000,"decodedCount":31500,"outputBytes":6754923400,"acceptedCacheRows":256,"acceptedCacheBytes":187006,"faultSuffixCount":0,"faultInputOffset":-1,"fault":""}}
{"partition":0,"stats":{"generation":1,"partition":0,"sourceCursor":31499,"stagedInputOffset":3149999,"resolvedCount":3150000,"pendingCount":0,"indexedCount":6300000,"decodedCount":31500,"outputBytes":6754923400,"acceptedCacheRows":256,"acceptedCacheBytes":187006,"faultSuffixCount":0,"faultInputOffset":-1,"fault":""}}
{"partition":1,"stats":{"generation":1,"partition":1,"sourceCursor":-1,"stagedInputOffset":-1,"resolvedCount":0,"pendingCount":0,"indexedCount":0,"decodedCount":0,"outputBytes":0,"acceptedCacheRows":0,"acceptedCacheBytes":0,"faultSuffixCount":0,"faultInputOffset":-1,"fault":""}}
{"partition":1,"stats":{"generation":1,"partition":1,"sourceCursor":-1,"stagedInputOffset":-1,"resolvedCount":0,"pendingCount":0,"indexedCount":0,"decodedCount":0,"outputBytes":0,"acceptedCacheRows":0,"acceptedCacheBytes":0,"faultSuffixCount":0,"faultInputOffset":-1,"fault":""}}
{"partition":0,"stats":{"generation":1,"partition":0,"sourceCursor":31499,"stagedInputOffset":3149999,"resolvedCount":3150000,"pendingCount":0,"indexedCount":6300000,"decodedCount":31500,"outputBytes":6754923400,"acceptedCacheRows":256,"acceptedCacheBytes":187006,"faultSuffixCount":0,"faultInputOffset":-1,"fault":""}}
{"partition":0,"stats":{"generation":1,"partition":0,"sourceCursor":31499,"stagedInputOffset":3149999,"resolvedCount":3150000,"pendingCount":0,"indexedCount":6300000,"decodedCount":31500,"outputBytes":6754923400,"acceptedCacheRows":256,"acceptedCacheBytes":187006,"faultSuffixCount":0,"faultInputOffset":-1,"fault":""}}
{"partition":1,"stats":{"generation":1,"partition":1,"sourceCursor":-1,"stagedInputOffset":-1,"resolvedCount":0,"pendingCount":0,"indexedCount":0,"decodedCount":0,"outputBytes":0,"acceptedCacheRows":0,"acceptedCacheBytes":0,"faultSuffixCount":0,"faultInputOffset":-1,"fault":""}}
{"partition":1,"stats":{"generation":1,"partition":1,"sourceCursor":-1,"stagedInputOffset":-1,"resolvedCount":0,"pendingCount":0,"indexedCount":0,"decodedCount":0,"outputBytes":0,"acceptedCacheRows":0,"acceptedCacheBytes":0,"faultSuffixCount":0,"faultInputOffset":-1,"fault":""}}
{"partition":0,"stats":{"generation":1,"partition":0,"sourceCursor":31499,"stagedInputOffset":3149999,"resolvedCount":3150000,"pendingCount":0,"indexedCount":6300000,"decodedCount":31500,"outputBytes":6754923400,"acceptedCacheRows":256,"acceptedCacheBytes":187006,"faultSuffixCount":0,"faultInputOffset":-1,"fault":""}}
{"partition":1,"stats":{"generation":1,"partition":1,"sourceCursor":-1,"stagedInputOffset":-1,"resolvedCount":0,"pendingCount":0,"indexedCount":0,"decodedCount":0,"outputBytes":0,"acceptedCacheRows":0,"acceptedCacheBytes":0,"faultSuffixCount":0,"faultInputOffset":-1,"fault":""}}
{"partition":0,"stats":{"generation":1,"partition":0,"sourceCursor":31499,"stagedInputOffset":3149999,"resolvedCount":3150000,"pendingCount":0,"indexedCount":6300000,"decodedCount":31500,"outputBytes":6754923400,"acceptedCacheRows":256,"acceptedCacheBytes":187006,"faultSuffixCount":0,"faultInputOffset":-1,"fault":""}}
{"partition":0,"stats":{"generation":1,"partition":0,"sourceCursor":31499,"stagedInputOffset":3149999,"resolvedCount":3150000,"pendingCount":0,"indexedCount":6300000,"decodedCount":31500,"outputBytes":6754923400,"acceptedCacheRows":256,"acceptedCacheBytes":187006,"faultSuffixCount":0,"faultInputOffset":-1,"fault":""}}
{"partition":1,"stats":{"generation":1,"partition":1,"sourceCursor":-1,"stagedInputOffset":-1,"resolvedCount":0,"pendingCount":0,"indexedCount":0,"decodedCount":0,"outputBytes":0,"acceptedCacheRows":0,"acceptedCacheBytes":0,"faultSuffixCount":0,"faultInputOffset":-1,"fault":""}}
{"partition":1,"stats":{"generation":1,"partition":1,"sourceCursor":-1,"stagedInputOffset":-1,"resolvedCount":0,"pendingCount":0,"indexedCount":0,"decodedCount":0,"outputBytes":0,"acceptedCacheRows":0,"acceptedCacheBytes":0,"faultSuffixCount":0,"faultInputOffset":-1,"fault":""}}
{"partition":0,"stats":{"generation":1,"partition":0,"sourceCursor":31499,"stagedInputOffset":3149999,"resolvedCount":3150000,"pendingCount":0,"indexedCount":6300000,"decodedCount":31500,"outputBytes":6754923400,"acceptedCacheRows":256,"acceptedCacheBytes":187006,"faultSuffixCount":0,"faultInputOffset":-1,"fault":""}}
{"partition":0,"stats":{"generation":1,"partition":0,"sourceCursor":31499,"stagedInputOffset":3149999,"resolvedCount":3150000,"pendingCount":0,"indexedCount":6300000,"decodedCount":31500,"outputBytes":6754923400,"acceptedCacheRows":256,"acceptedCacheBytes":187006,"faultSuffixCount":0,"faultInputOffset":-1,"fault":""}}
{"partition":1,"stats":{"generation":1,"partition":1,"sourceCursor":-1,"stagedInputOffset":-1,"resolvedCount":0,"pendingCount":0,"indexedCount":0,"decodedCount":0,"outputBytes":0,"acceptedCacheRows":0,"acceptedCacheBytes":0,"faultSuffixCount":0,"faultInputOffset":-1,"fault":""}}
{"partition":1,"stats":{"generation":1,"partition":1,"sourceCursor":-1,"stagedInputOffset":-1,"resolvedCount":0,"pendingCount":0,"indexedCount":0,"decodedCount":0,"outputBytes":0,"acceptedCacheRows":0,"acceptedCacheBytes":0,"faultSuffixCount":0,"faultInputOffset":-1,"fault":""}}
{"partition":0,"stats":{"generation":1,"partition":0,"sourceCursor":31499,"stagedInputOffset":3149999,"resolvedCount":3150000,"pendingCount":0,"indexedCount":6300000,"decodedCount":31500,"outputBytes":6754923400,"acceptedCacheRows":256,"acceptedCacheBytes":187006,"faultSuffixCount":0,"faultInputOffset":-1,"fault":""}}
{"partition":0,"stats":{"generation":1,"partition":0,"sourceCursor":31499,"stagedInputOffset":3149999,"resolvedCount":3150000,"pendingCount":0,"indexedCount":6300000,"decodedCount":31500,"outputBytes":6754923400,"acceptedCacheRows":256,"acceptedCacheBytes":187006,"faultSuffixCount":0,"faultInputOffset":-1,"fault":""}}
{"partition":1,"stats":{"generation":1,"partition":1,"sourceCursor":-1,"stagedInputOffset":-1,"resolvedCount":0,"pendingCount":0,"indexedCount":0,"decodedCount":0,"outputBytes":0,"acceptedCacheRows":0,"acceptedCacheBytes":0,"faultSuffixCount":0,"faultInputOffset":-1,"fault":""}}
{"partition":1,"stats":{"generation":1,"partition":1,"sourceCursor":-1,"stagedInputOffset":-1,"resolvedCount":0,"pendingCount":0,"indexedCount":0,"decodedCount":0,"outputBytes":0,"acceptedCacheRows":0,"acceptedCacheBytes":0,"faultSuffixCount":0,"faultInputOffset":-1,"fault":""}}
{"partition":0,"stats":{"generation":1,"partition":0,"sourceCursor":31499,"stagedInputOffset":3149999,"resolvedCount":3150000,"pendingCount":0,"indexedCount":6300000,"decodedCount":31500,"outputBytes":6754923400,"acceptedCacheRows":256,"acceptedCacheBytes":187006,"faultSuffixCount":0,"faultInputOffset":-1,"fault":""}}
{"partition":0,"stats":{"generation":1,"partition":0,"sourceCursor":31499,"stagedInputOffset":3149999,"resolvedCount":3150000,"pendingCount":0,"indexedCount":6300000,"decodedCount":31500,"outputBytes":6754923400,"acceptedCacheRows":256,"acceptedCacheBytes":187006,"faultSuffixCount":0,"faultInputOffset":-1,"fault":""}}
{"partition":1,"stats":{"generation":1,"partition":1,"sourceCursor":-1,"stagedInputOffset":-1,"resolvedCount":0,"pendingCount":0,"indexedCount":0,"decodedCount":0,"outputBytes":0,"acceptedCacheRows":0,"acceptedCacheBytes":0,"faultSuffixCount":0,"faultInputOffset":-1,"fault":""}}
{"partition":1,"stats":{"generation":1,"partition":1,"sourceCursor":-1,"stagedInputOffset":-1,"resolvedCount":0,"pendingCount":0,"indexedCount":0,"decodedCount":0,"outputBytes":0,"acceptedCacheRows":0,"acceptedCacheBytes":0,"faultSuffixCount":0,"faultInputOffset":-1,"fault":""}}
{"partition":0,"stats":{"generation":1,"partition":0,"sourceCursor":31499,"stagedInputOffset":3149999,"resolvedCount":3150000,"pendingCount":0,"indexedCount":6300000,"decodedCount":31500,"outputBytes":6754923400,"acceptedCacheRows":256,"acceptedCacheBytes":187006,"faultSuffixCount":0,"faultInputOffset":-1,"fault":""}}
{"partition":0,"stats":{"generation":1,"partition":0,"sourceCursor":31499,"stagedInputOffset":3149999,"resolvedCount":3150000,"pendingCount":0,"indexedCount":6300000,"decodedCount":31500,"outputBytes":6754923400,"acceptedCacheRows":256,"acceptedCacheBytes":187006,"faultSuffixCount":0,"faultInputOffset":-1,"fault":""}}
{"partition":1,"stats":{"generation":1,"partition":1,"sourceCursor":-1,"stagedInputOffset":-1,"resolvedCount":0,"pendingCount":0,"indexedCount":0,"decodedCount":0,"outputBytes":0,"acceptedCacheRows":0,"acceptedCacheBytes":0,"faultSuffixCount":0,"faultInputOffset":-1,"fault":""}}
{"partition":1,"stats":{"generation":1,"partition":1,"sourceCursor":-1,"stagedInputOffset":-1,"resolvedCount":0,"pendingCount":0,"indexedCount":0,"decodedCount":0,"outputBytes":0,"acceptedCacheRows":0,"acceptedCacheBytes":0,"faultSuffixCount":0,"faultInputOffset":-1,"fault":""}}
{"partition":0,"stats":{"generation":1,"partition":0,"sourceCursor":31499,"stagedInputOffset":3149999,"resolvedCount":3150000,"pendingCount":0,"indexedCount":6300000,"decodedCount":31500,"outputBytes":6754923400,"acceptedCacheRows":256,"acceptedCacheBytes":187006,"faultSuffixCount":0,"faultInputOffset":-1,"fault":""}}
{"partition":0,"stats":{"generation":1,"partition":0,"sourceCursor":31499,"stagedInputOffset":3149999,"resolvedCount":3150000,"pendingCount":0,"indexedCount":6300000,"decodedCount":31500,"outputBytes":6754923400,"acceptedCacheRows":256,"acceptedCacheBytes":187006,"faultSuffixCount":0,"faultInputOffset":-1,"fault":""}}
{"partition":1,"stats":{"generation":1,"partition":1,"sourceCursor":-1,"stagedInputOffset":-1,"resolvedCount":0,"pendingCount":0,"indexedCount":0,"decodedCount":0,"outputBytes":0,"acceptedCacheRows":0,"acceptedCacheBytes":0,"faultSuffixCount":0,"faultInputOffset":-1,"fault":""}}
