SLF4J(W): No SLF4J providers were found.
SLF4J(W): Defaulting to no-operation (NOP) logger implementation
SLF4J(W): See https://www.slf4j.org/codes.html#noProviders for further details.
OBSERVER_READY
{"window":{"elapsedMs":1025,"records":1,"rate":0.9754530098396638}}
{"window":{"elapsedMs":2133,"records":98,"rate":87.5108124006816}}
{"window":{"elapsedMs":3231,"records":256,"rate":143.87848811129686}}
{"window":{"elapsedMs":4254,"records":912,"rate":641.2752248970054}}
{"window":{"elapsedMs":5321,"records":1312,"rate":374.95576693686917}}
{"window":{"elapsedMs":6337,"records":2224,"rate":897.4786818454271}}
{"window":{"elapsedMs":7386,"records":2666,"rate":421.2307109499156}}
{"window":{"elapsedMs":8440,"records":3955,"rate":1223.9823129029348}}
{"window":{"elapsedMs":9445,"records":5092,"rate":1131.1530697822952}}
{"window":{"elapsedMs":10485,"records":6449,"rate":1304.014937741921}}
{"window":{"elapsedMs":11596,"records":8132,"rate":1515.9633275842534}}
{"window":{"elapsedMs":12696,"records":9805,"rate":1520.5925878560702}}
{"window":{"elapsedMs":13714,"records":10726,"rate":904.9926039454878}}
{"window":{"elapsedMs":14757,"records":12183,"rate":1396.9314797937543}}
{"window":{"elapsedMs":15857,"records":13968,"rate":1622.4700124071328}}
{"window":{"elapsedMs":16950,"records":15293,"rate":1212.0123219959924}}
{"window":{"elapsedMs":18042,"records":17025,"rate":1586.1767560354062}}
{"window":{"elapsedMs":19049,"records":18357,"rate":1322.6636466614648}}
{"window":{"elapsedMs":20139,"records":19497,"rate":1046.004709315062}}
{"window":{"elapsedMs":21186,"records":20621,"rate":1073.6476679757502}}
{"window":{"elapsedMs":22193,"records":22594,"rate":1958.1525530356762}}
{"window":{"elapsedMs":23334,"records":24229,"rate":1433.496920231817}}
{"window":{"elapsedMs":24334,"records":25694,"rate":1464.5692950679986}}
{"window":{"elapsedMs":25371,"records":26679,"rate":949.62630064795}}
{"window":{"elapsedMs":26465,"records":27435,"rate":691.0198868905743}}
{"window":{"elapsedMs":27513,"records":29150,"rate":1636.2900830210367}}
{"window":{"elapsedMs":28584,"records":30734,"rate":1479.9490960670396}}
{"window":{"elapsedMs":29591,"records":32765,"rate":2016.555411570366}}
{"window":{"elapsedMs":30621,"records":33708,"rate":915.5702771661432}}
{"window":{"elapsedMs":31655,"records":34781,"rate":1037.1497099228068}}
{"window":{"elapsedMs":32657,"records":35686,"rate":903.2646398445489}}
{"window":{"elapsedMs":33663,"records":37932,"rate":2233.8122266711684}}
{"window":{"elapsedMs":34721,"records":39971,"rate":1926.6906328083}}
{"window":{"elapsedMs":35828,"records":41770,"rate":1624.967962433342}}
{"window":{"elapsedMs":36862,"records":44014,"rate":2171.4194010384012}}
{"window":{"elapsedMs":37885,"records":46951,"rate":2869.694071842169}}
{"window":{"elapsedMs":38886,"records":49178,"rate":2224.9279424066603}}
{"window":{"elapsedMs":39971,"records":51461,"rate":2104.513330716135}}
{"window":{"elapsedMs":40971,"records":54559,"rate":3096.8386823972623}}
{"window":{"elapsedMs":41994,"records":57290,"rate":2671.305341277964}}
{"window":{"elapsedMs":43045,"records":60910,"rate":3444.2210218016744}}
{"window":{"elapsedMs":44055,"records":64555,"rate":3606.817176571383}}
{"window":{"elapsedMs":45061,"records":67630,"rate":3057.0196285325082}}
{"window":{"elapsedMs":46087,"records":71312,"rate":3589.88344015063}}
{"window":{"elapsedMs":47140,"records":74564,"rate":3086.22216009455}}
{"window":{"elapsedMs":48167,"records":78859,"rate":4182.473173317622}}
{"window":{"elapsedMs":49198,"records":82481,"rate":3513.3671241779416}}
{"window":{"elapsedMs":50238,"records":85560,"rate":2961.350954725073}}
{"window":{"elapsedMs":51317,"records":89251,"rate":3421.5734697678477}}
{"window":{"elapsedMs":52373,"records":92629,"rate":3199.0539831050382}}
{"window":{"elapsedMs":53423,"records":96212,"rate":3410.0899662535953}}
{"window":{"elapsedMs":54431,"records":99803,"rate":3564.2970280397085}}
{"window":{"elapsedMs":55504,"records":103204,"rate":3169.22087869259}}
{"window":{"elapsedMs":56506,"records":106569,"rate":3358.8886398342556}}
{"window":{"elapsedMs":57555,"records":109725,"rate":3009.582312687037}}
{"window":{"elapsedMs":58595,"records":113819,"rate":3934.4884644209906}}
{"window":{"elapsedMs":59641,"records":116754,"rate":2806.531932555857}}
{"mark":{"records":117816,"elapsedMs":59885}}
{"finish":{"records":117816,"expected":143972,"elapsedMs":59887}}
{"window":{"elapsedMs":60715,"records":123234,"rate":6034.220685692354}}
{"window":{"elapsedMs":61722,"records":131828,"rate":8535.826914097332}}
{"window":{"elapsedMs":62760,"records":138279,"rate":6209.679186642185}}
{"window":{"elapsedMs":63778,"records":143254,"rate":4887.498301692582}}
{"window":{"elapsedMs":64869,"records":143692,"rate":401.46671298969255}}
{"result":{"startedEpochMs":1790915772838,"expected":143972,"offeredExpected":315001,"records":143972,"unique":143972,"duplicates":0,"identityChecks":true,"outputBytes":277886907,"elapsedMs":65474,"activeMs":65207,"durableRate":2207.8904765965267,"finishReceived":true,"finishError":null,"finishElapsedMs":59887,"drainAfterFinishMs":5587,"drainAfterMarkMs":5589,"pass":true,"windows":[{"elapsedMs":1025,"records":1,"rate":0.9754530098396638},{"elapsedMs":2133,"records":98,"rate":87.5108124006816},{"elapsedMs":3231,"records":256,"rate":143.87848811129686},{"elapsedMs":4254,"records":912,"rate":641.2752248970054},{"elapsedMs":5321,"records":1312,"rate":374.95576693686917},{"elapsedMs":6337,"records":2224,"rate":897.4786818454271},{"elapsedMs":7386,"records":2666,"rate":421.2307109499156},{"elapsedMs":8440,"records":3955,"rate":1223.9823129029348},{"elapsedMs":9445,"records":5092,"rate":1131.1530697822952},{"elapsedMs":10485,"records":6449,"rate":1304.014937741921},{"elapsedMs":11596,"records":8132,"rate":1515.9633275842534},{"elapsedMs":12696,"records":9805,"rate":1520.5925878560702},{"elapsedMs":13714,"records":10726,"rate":904.9926039454878},{"elapsedMs":14757,"records":12183,"rate":1396.9314797937543},{"elapsedMs":15857,"records":13968,"rate":1622.4700124071328},{"elapsedMs":16950,"records":15293,"rate":1212.0123219959924},{"elapsedMs":18042,"records":17025,"rate":1586.1767560354062},{"elapsedMs":19049,"records":18357,"rate":1322.6636466614648},{"elapsedMs":20139,"records":19497,"rate":1046.004709315062},{"elapsedMs":21186,"records":20621,"rate":1073.6476679757502},{"elapsedMs":22193,"records":22594,"rate":1958.1525530356762},{"elapsedMs":23334,"records":24229,"rate":1433.496920231817},{"elapsedMs":24334,"records":25694,"rate":1464.5692950679986},{"elapsedMs":25371,"records":26679,"rate":949.62630064795},{"elapsedMs":26465,"records":27435,"rate":691.0198868905743},{"elapsedMs":27513,"records":29150,"rate":1636.2900830210367},{"elapsedMs":28584,"records":30734,"rate":1479.9490960670396},{"elapsedMs":29591,"records":32765,"rate":2016.555411570366},{"elapsedMs":30621,"records":33708,"rate":915.5702771661432},{"elapsedMs":31655,"records":34781,"rate":1037.1497099228068},{"elapsedMs":32657,"records":35686,"rate":903.2646398445489},{"elapsedMs":33663,"records":37932,"rate":2233.8122266711684},{"elapsedMs":34721,"records":39971,"rate":1926.6906328083},{"elapsedMs":35828,"records":41770,"rate":1624.967962433342},{"elapsedMs":36862,"records":44014,"rate":2171.4194010384012},{"elapsedMs":37885,"records":46951,"rate":2869.694071842169},{"elapsedMs":38886,"records":49178,"rate":2224.9279424066603},{"elapsedMs":39971,"records":51461,"rate":2104.513330716135},{"elapsedMs":40971,"records":54559,"rate":3096.8386823972623},{"elapsedMs":41994,"records":57290,"rate":2671.305341277964},{"elapsedMs":43045,"records":60910,"rate":3444.2210218016744},{"elapsedMs":44055,"records":64555,"rate":3606.817176571383},{"elapsedMs":45061,"records":67630,"rate":3057.0196285325082},{"elapsedMs":46087,"records":71312,"rate":3589.88344015063},{"elapsedMs":47140,"records":74564,"rate":3086.22216009455},{"elapsedMs":48167,"records":78859,"rate":4182.473173317622},{"elapsedMs":49198,"records":82481,"rate":3513.3671241779416},{"elapsedMs":50238,"records":85560,"rate":2961.350954725073},{"elapsedMs":51317,"records":89251,"rate":3421.5734697678477},{"elapsedMs":52373,"records":92629,"rate":3199.0539831050382},{"elapsedMs":53423,"records":96212,"rate":3410.0899662535953},{"elapsedMs":54431,"records":99803,"rate":3564.2970280397085},{"elapsedMs":55504,"records":103204,"rate":3169.22087869259},{"elapsedMs":56506,"records":106569,"rate":3358.8886398342556},{"elapsedMs":57555,"records":109725,"rate":3009.582312687037},{"elapsedMs":58595,"records":113819,"rate":3934.4884644209906},{"elapsedMs":59641,"records":116754,"rate":2806.531932555857},{"elapsedMs":60715,"records":123234,"rate":6034.220685692354},{"elapsedMs":61722,"records":131828,"rate":8535.826914097332},{"elapsedMs":62760,"records":138279,"rate":6209.679186642185},{"elapsedMs":63778,"records":143254,"rate":4887.498301692582},{"elapsedMs":64869,"records":143692,"rate":401.46671298969255}]}}
