SLF4J(W): No SLF4J providers were found.
SLF4J(W): Defaulting to no-operation (NOP) logger implementation
SLF4J(W): See https://www.slf4j.org/codes.html#noProviders for further details.
OBSERVER_READY
{"window":{"elapsedMs":1013,"records":0,"rate":0.0}}
{"window":{"elapsedMs":2018,"records":0,"rate":0.0}}
{"window":{"elapsedMs":3066,"records":764,"rate":728.9840695950938}}
{"window":{"elapsedMs":4083,"records":2281,"rate":1491.8716596998456}}
{"window":{"elapsedMs":5142,"records":3939,"rate":1565.6667584388501}}
{"window":{"elapsedMs":6166,"records":5580,"rate":1602.854272245189}}
{"window":{"elapsedMs":7255,"records":7219,"rate":1504.6216160439049}}
{"window":{"elapsedMs":8313,"records":8807,"rate":1501.8820217914342}}
{"window":{"elapsedMs":9314,"records":10962,"rate":2151.8233686002804}}
{"window":{"elapsedMs":10352,"records":13067,"rate":2028.4792531801224}}
{"window":{"elapsedMs":11442,"records":15570,"rate":2297.1953231173725}}
{"window":{"elapsedMs":12540,"records":19211,"rate":3315.1224911082877}}
{"window":{"elapsedMs":13637,"records":22065,"rate":2601.851332455701}}
{"window":{"elapsedMs":14639,"records":25118,"rate":3047.6072589552787}}
{"window":{"elapsedMs":15692,"records":27760,"rate":2507.395090615508}}
{"window":{"elapsedMs":16789,"records":29711,"rate":1778.2236406959994}}
{"window":{"elapsedMs":17822,"records":31748,"rate":1973.4201024871365}}
{"window":{"elapsedMs":18839,"records":34647,"rate":2850.5137109970065}}
{"window":{"elapsedMs":19910,"records":36156,"rate":1408.8885473197795}}
{"window":{"elapsedMs":20959,"records":38161,"rate":1911.6363934937751}}
{"window":{"elapsedMs":21993,"records":40670,"rate":2425.8970561466563}}
{"window":{"elapsedMs":23091,"records":42776,"rate":1917.7752338631965}}
{"window":{"elapsedMs":24189,"records":45284,"rate":2283.803051126273}}
{"window":{"elapsedMs":25228,"records":47591,"rate":2219.6408535661517}}
{"window":{"elapsedMs":26239,"records":50238,"rate":2620.012018619696}}
{"window":{"elapsedMs":27268,"records":52382,"rate":2083.5547717657873}}
{"window":{"elapsedMs":28318,"records":54653,"rate":2162.303094905467}}
{"window":{"elapsedMs":29337,"records":56636,"rate":1946.069440232704}}
{"window":{"elapsedMs":30383,"records":59113,"rate":2368.7072432803025}}
{"window":{"elapsedMs":31404,"records":61267,"rate":2108.5531231418986}}
{"window":{"elapsedMs":32407,"records":63721,"rate":2447.8985101517096}}
{"window":{"elapsedMs":33427,"records":65898,"rate":2133.8559213463805}}
{"window":{"elapsedMs":34460,"records":67931,"rate":1968.3752067285334}}
{"window":{"elapsedMs":35556,"records":70310,"rate":2169.4712041335943}}
{"window":{"elapsedMs":36618,"records":72461,"rate":2026.3866746304511}}
{"window":{"elapsedMs":37629,"records":74611,"rate":2125.3618322251273}}
{"window":{"elapsedMs":38652,"records":76912,"rate":2249.9694706717423}}
{"window":{"elapsedMs":39733,"records":79560,"rate":2449.8294201260333}}
{"window":{"elapsedMs":40802,"records":81649,"rate":1953.8312646403597}}
{"window":{"elapsedMs":41812,"records":83965,"rate":2294.2494620393636}}
{"window":{"elapsedMs":42888,"records":85849,"rate":1750.276402692621}}
{"window":{"elapsedMs":43922,"records":87996,"rate":2077.424122429843}}
{"window":{"elapsedMs":44961,"records":90419,"rate":2330.6475075219196}}
{"window":{"elapsedMs":46023,"records":92583,"rate":2037.1875367592793}}
{"window":{"elapsedMs":47028,"records":95197,"rate":2602.6581571042366}}
{"window":{"elapsedMs":48050,"records":96995,"rate":1759.042628898327}}
{"window":{"elapsedMs":49053,"records":99890,"rate":2885.524296016893}}
{"window":{"elapsedMs":50054,"records":102232,"rate":2340.9762138494684}}
{"window":{"elapsedMs":51117,"records":104514,"rate":2146.6460901200708}}
{"window":{"elapsedMs":52197,"records":106680,"rate":2005.8928111428943}}
{"window":{"elapsedMs":53289,"records":109245,"rate":2348.9295119138487}}
{"window":{"elapsedMs":54317,"records":111337,"rate":2033.7412765574675}}
{"window":{"elapsedMs":55323,"records":113769,"rate":2418.025024371644}}
{"window":{"elapsedMs":56325,"records":115588,"rate":1816.0963633869405}}
{"window":{"elapsedMs":57330,"records":118017,"rate":2415.0882848398355}}
{"window":{"elapsedMs":58430,"records":120366,"rate":2135.595865598775}}
{"window":{"elapsedMs":59456,"records":122895,"rate":2466.6866626619862}}
{"finish":{"records":124710,"expected":315000,"elapsedMs":60290}}
{"window":{"elapsedMs":60464,"records":124810,"rate":1899.3322506200584}}
{"window":{"elapsedMs":61534,"records":129595,"rate":4471.007475913202}}
{"window":{"elapsedMs":62613,"records":135215,"rate":5206.556057589231}}
{"window":{"elapsedMs":63623,"records":140079,"rate":4816.4148233594915}}
{"window":{"elapsedMs":64695,"records":144751,"rate":4359.455552112314}}
{"window":{"elapsedMs":65730,"records":150179,"rate":5243.8275929920055}}
{"window":{"elapsedMs":66788,"records":155719,"rate":5236.318405021195}}
{"window":{"elapsedMs":67817,"records":160343,"rate":4493.453379516472}}
{"window":{"elapsedMs":68828,"records":165354,"rate":4957.261221184432}}
{"window":{"elapsedMs":69830,"records":169886,"rate":4523.456321872064}}
{"window":{"elapsedMs":70898,"records":175160,"rate":4939.832859191022}}
{"window":{"elapsedMs":71961,"records":179791,"rate":4355.598413164173}}
{"window":{"elapsedMs":72976,"records":184449,"rate":4587.799027025531}}
{"window":{"elapsedMs":73996,"records":189208,"rate":4667.729357954601}}
{"window":{"elapsedMs":75089,"records":194227,"rate":4590.909190653618}}
{"window":{"elapsedMs":76156,"records":198843,"rate":4326.373451560973}}
{"window":{"elapsedMs":77226,"records":204470,"rate":5260.398037015397}}
{"window":{"elapsedMs":78282,"records":209463,"rate":4726.17343841704}}
{"window":{"elapsedMs":79295,"records":214495,"rate":4966.1884824245535}}
{"window":{"elapsedMs":80359,"records":219428,"rate":4636.287088967997}}
{"window":{"elapsedMs":81410,"records":224143,"rate":4487.734752988516}}
{"window":{"elapsedMs":82431,"records":229468,"rate":5216.374223176571}}
{"window":{"elapsedMs":83445,"records":233983,"rate":4449.802604686781}}
{"window":{"elapsedMs":84522,"records":239495,"rate":5119.763401243332}}
{"window":{"elapsedMs":85591,"records":243694,"rate":3928.5001741348165}}
{"window":{"elapsedMs":86661,"records":248717,"rate":4694.602938100659}}
{"window":{"elapsedMs":87694,"records":253189,"rate":4326.022514575228}}
{"window":{"elapsedMs":88715,"records":258460,"rate":5163.596961172933}}
{"window":{"elapsedMs":89784,"records":263762,"rate":4963.210041747786}}
{"window":{"elapsedMs":90804,"records":268746,"rate":4883.670479249439}}
{"window":{"elapsedMs":91824,"records":273162,"rate":4328.569391152801}}
{"window":{"elapsedMs":92878,"records":278642,"rate":5201.794376815855}}
{"window":{"elapsedMs":93916,"records":283471,"rate":4650.565552252834}}
{"window":{"elapsedMs":94929,"records":288326,"rate":4792.15960600366}}
{"window":{"elapsedMs":95947,"records":293486,"rate":5072.439134645305}}
{"window":{"elapsedMs":97029,"records":298382,"rate":4523.824919360395}}
{"window":{"elapsedMs":98059,"records":303569,"rate":5036.073084700408}}
{"window":{"elapsedMs":99077,"records":308073,"rate":4424.928188200009}}
{"window":{"elapsedMs":100083,"records":313164,"rate":5058.983589977876}}
{"window":{"elapsedMs":101085,"records":314950,"rate":1782.4403169620402}}
{"result":{"startedEpochMs":1790922469871,"expected":315000,"offeredExpected":315000,"records":315000,"unique":315000,"duplicates":0,"identityChecks":true,"outputBytes":469995125,"elapsedMs":101385,"activeMs":99037,"durableRate":3180.6101107594213,"finishReceived":true,"finishError":null,"finishElapsedMs":60290,"drainAfterFinishMs":41095,"drainAfterMarkMs":null,"pass":true,"windows":[{"elapsedMs":1013,"records":0,"rate":0.0},{"elapsedMs":2018,"records":0,"rate":0.0},{"elapsedMs":3066,"records":764,"rate":728.9840695950938},{"elapsedMs":4083,"records":2281,"rate":1491.8716596998456},{"elapsedMs":5142,"records":3939,"rate":1565.6667584388501},{"elapsedMs":6166,"records":5580,"rate":1602.854272245189},{"elapsedMs":7255,"records":7219,"rate":1504.6216160439049},{"elapsedMs":8313,"records":8807,"rate":1501.8820217914342},{"elapsedMs":9314,"records":10962,"rate":2151.8233686002804},{"elapsedMs":10352,"records":13067,"rate":2028.4792531801224},{"elapsedMs":11442,"records":15570,"rate":2297.1953231173725},{"elapsedMs":12540,"records":19211,"rate":3315.1224911082877},{"elapsedMs":13637,"records":22065,"rate":2601.851332455701},{"elapsedMs":14639,"records":25118,"rate":3047.6072589552787},{"elapsedMs":15692,"records":27760,"rate":2507.395090615508},{"elapsedMs":16789,"records":29711,"rate":1778.2236406959994},{"elapsedMs":17822,"records":31748,"rate":1973.4201024871365},{"elapsedMs":18839,"records":34647,"rate":2850.5137109970065},{"elapsedMs":19910,"records":36156,"rate":1408.8885473197795},{"elapsedMs":20959,"records":38161,"rate":1911.6363934937751},{"elapsedMs":21993,"records":40670,"rate":2425.8970561466563},{"elapsedMs":23091,"records":42776,"rate":1917.7752338631965},{"elapsedMs":24189,"records":45284,"rate":2283.803051126273},{"elapsedMs":25228,"records":47591,"rate":2219.6408535661517},{"elapsedMs":26239,"records":50238,"rate":2620.012018619696},{"elapsedMs":27268,"records":52382,"rate":2083.5547717657873},{"elapsedMs":28318,"records":54653,"rate":2162.303094905467},{"elapsedMs":29337,"records":56636,"rate":1946.069440232704},{"elapsedMs":30383,"records":59113,"rate":2368.7072432803025},{"elapsedMs":31404,"records":61267,"rate":2108.5531231418986},{"elapsedMs":32407,"records":63721,"rate":2447.8985101517096},{"elapsedMs":33427,"records":65898,"rate":2133.8559213463805},{"elapsedMs":34460,"records":67931,"rate":1968.3752067285334},{"elapsedMs":35556,"records":70310,"rate":2169.4712041335943},{"elapsedMs":36618,"records":72461,"rate":2026.3866746304511},{"elapsedMs":37629,"records":74611,"rate":2125.3618322251273},{"elapsedMs":38652,"records":76912,"rate":2249.9694706717423},{"elapsedMs":39733,"records":79560,"rate":2449.8294201260333},{"elapsedMs":40802,"records":81649,"rate":1953.8312646403597},{"elapsedMs":41812,"records":83965,"rate":2294.2494620393636},{"elapsedMs":42888,"records":85849,"rate":1750.276402692621},{"elapsedMs":43922,"records":87996,"rate":2077.424122429843},{"elapsedMs":44961,"records":90419,"rate":2330.6475075219196},{"elapsedMs":46023,"records":92583,"rate":2037.1875367592793},{"elapsedMs":47028,"records":95197,"rate":2602.6581571042366},{"elapsedMs":48050,"records":96995,"rate":1759.042628898327},{"elapsedMs":49053,"records":99890,"rate":2885.524296016893},{"elapsedMs":50054,"records":102232,"rate":2340.9762138494684},{"elapsedMs":51117,"records":104514,"rate":2146.6460901200708},{"elapsedMs":52197,"records":106680,"rate":2005.8928111428943},{"elapsedMs":53289,"records":109245,"rate":2348.9295119138487},{"elapsedMs":54317,"records":111337,"rate":2033.7412765574675},{"elapsedMs":55323,"records":113769,"rate":2418.025024371644},{"elapsedMs":56325,"records":115588,"rate":1816.0963633869405},{"elapsedMs":57330,"records":118017,"rate":2415.0882848398355},{"elapsedMs":58430,"records":120366,"rate":2135.595865598775},{"elapsedMs":59456,"records":122895,"rate":2466.6866626619862},{"elapsedMs":60464,"records":124810,"rate":1899.3322506200584},{"elapsedMs":61534,"records":129595,"rate":4471.007475913202},{"elapsedMs":62613,"records":135215,"rate":5206.556057589231},{"elapsedMs":63623,"records":140079,"rate":4816.4148233594915},{"elapsedMs":64695,"records":144751,"rate":4359.455552112314},{"elapsedMs":65730,"records":150179,"rate":5243.8275929920055},{"elapsedMs":66788,"records":155719,"rate":5236.318405021195},{"elapsedMs":67817,"records":160343,"rate":4493.453379516472},{"elapsedMs":68828,"records":165354,"rate":4957.261221184432},{"elapsedMs":69830,"records":169886,"rate":4523.456321872064},{"elapsedMs":70898,"records":175160,"rate":4939.832859191022},{"elapsedMs":71961,"records":179791,"rate":4355.598413164173},{"elapsedMs":72976,"records":184449,"rate":4587.799027025531},{"elapsedMs":73996,"records":189208,"rate":4667.729357954601},{"elapsedMs":75089,"records":194227,"rate":4590.909190653618},{"elapsedMs":76156,"records":198843,"rate":4326.373451560973},{"elapsedMs":77226,"records":204470,"rate":5260.398037015397},{"elapsedMs":78282,"records":209463,"rate":4726.17343841704},{"elapsedMs":79295,"records":214495,"rate":4966.1884824245535},{"elapsedMs":80359,"records":219428,"rate":4636.287088967997},{"elapsedMs":81410,"records":224143,"rate":4487.734752988516},{"elapsedMs":82431,"records":229468,"rate":5216.374223176571},{"elapsedMs":83445,"records":233983,"rate":4449.802604686781},{"elapsedMs":84522,"records":239495,"rate":5119.763401243332},{"elapsedMs":85591,"records":243694,"rate":3928.5001741348165},{"elapsedMs":86661,"records":248717,"rate":4694.602938100659},{"elapsedMs":87694,"records":253189,"rate":4326.022514575228},{"elapsedMs":88715,"records":258460,"rate":5163.596961172933},{"elapsedMs":89784,"records":263762,"rate":4963.210041747786},{"elapsedMs":90804,"records":268746,"rate":4883.670479249439},{"elapsedMs":91824,"records":273162,"rate":4328.569391152801},{"elapsedMs":92878,"records":278642,"rate":5201.794376815855},{"elapsedMs":93916,"records":283471,"rate":4650.565552252834},{"elapsedMs":94929,"records":288326,"rate":4792.15960600366},{"elapsedMs":95947,"records":293486,"rate":5072.439134645305},{"elapsedMs":97029,"records":298382,"rate":4523.824919360395},{"elapsedMs":98059,"records":303569,"rate":5036.073084700408},{"elapsedMs":99077,"records":308073,"rate":4424.928188200009},{"elapsedMs":100083,"records":313164,"rate":5058.983589977876},{"elapsedMs":101085,"records":314950,"rate":1782.4403169620402}]}}
