SLF4J(W): No SLF4J providers were found.
SLF4J(W): Defaulting to no-operation (NOP) logger implementation
SLF4J(W): See https://www.slf4j.org/codes.html#noProviders for further details.
{"ready":{"verifiedRecords":0,"resolvedRecords":0,"sourceTrades":0,"preflightContexts":0,"sourceTopicId":"Nco9FL5-TaC38hYyxeV3NQ","verifiedTopicId":"80TO_eciQ1yU4_Q66m1mEA","resolvedTopicId":"UW3uKQfsTZKGnJVMn2mrTg","sourceCommittedEnds":{"2":0,"1":0,"0":0,"6":0,"5":0,"4":0,"3":0,"10":0,"9":0,"8":0,"7":0,"14":0,"13":0,"12":0,"11":0,"15":0},"verifiedCommittedEnds":{"14":0,"15":0,"4":0,"5":0,"2":0,"3":0,"0":0,"1":0,"12":0,"13":0,"10":0,"11":0,"8":0,"9":0,"6":0,"7":0},"resolvedCommittedEnds":{"14":0,"15":0,"12":0,"13":0,"10":0,"11":0,"8":0,"9":0,"6":0,"7":0,"4":0,"5":0,"2":0,"3":0,"0":0,"1":0}}}
OBSERVER_READY
{"window":{"records":0,"verifiedRecords":0,"elapsedMs":1171,"rate":0.0}}
{"window":{"records":0,"verifiedRecords":0,"elapsedMs":2196,"rate":0.0}}
{"window":{"records":861,"verifiedRecords":861,"elapsedMs":3231,"rate":831.5439749640092}}
{"window":{"records":2168,"verifiedRecords":2168,"elapsedMs":4233,"rate":1304.646037591542}}
{"window":{"records":3482,"verifiedRecords":3482,"elapsedMs":5264,"rate":1274.0893103406536}}
{"window":{"records":4725,"verifiedRecords":4725,"elapsedMs":6274,"rate":1230.703680165987}}
{"window":{"records":6342,"verifiedRecords":6342,"elapsedMs":7308,"rate":1564.8611094022158}}
{"window":{"records":8029,"verifiedRecords":8029,"elapsedMs":8336,"rate":1640.8716775670152}}
{"window":{"records":10086,"verifiedRecords":10086,"elapsedMs":9416,"rate":1903.7050970119558}}
{"window":{"records":12407,"verifiedRecords":12407,"elapsedMs":10450,"rate":2245.5407541836994}}
{"window":{"records":14384,"verifiedRecords":14384,"elapsedMs":11454,"rate":1969.224679797468}}
{"window":{"records":17036,"verifiedRecords":17036,"elapsedMs":12464,"rate":2624.8984692835293}}
{"window":{"records":20099,"verifiedRecords":20099,"elapsedMs":13489,"rate":2988.3879206632355}}
{"window":{"records":22822,"verifiedRecords":22822,"elapsedMs":14489,"rate":2721.945357773622}}
{"window":{"records":25754,"verifiedRecords":25754,"elapsedMs":15495,"rate":2914.287082597741}}
{"window":{"records":28151,"verifiedRecords":28151,"elapsedMs":16499,"rate":2388.732198941187}}
{"window":{"records":30247,"verifiedRecords":30247,"elapsedMs":17509,"rate":2074.8689289656863}}
{"window":{"records":32525,"verifiedRecords":32525,"elapsedMs":18545,"rate":2198.747696010664}}
{"window":{"records":34793,"verifiedRecords":34793,"elapsedMs":19557,"rate":2241.3790469217897}}
{"window":{"records":36254,"verifiedRecords":36254,"elapsedMs":20564,"rate":1450.746485079334}}
{"window":{"records":38155,"verifiedRecords":38155,"elapsedMs":21570,"rate":1889.3400174346825}}
{"window":{"records":40407,"verifiedRecords":40407,"elapsedMs":22580,"rate":2230.323852709278}}
{"window":{"records":42597,"verifiedRecords":42597,"elapsedMs":23599,"rate":2149.162333019029}}
{"window":{"records":44849,"verifiedRecords":44849,"elapsedMs":24610,"rate":2226.9747410255327}}
{"window":{"records":47047,"verifiedRecords":47047,"elapsedMs":25620,"rate":2177.1604013426613}}
{"window":{"records":49357,"verifiedRecords":49357,"elapsedMs":26630,"rate":2287.261285705868}}
{"window":{"records":51639,"verifiedRecords":51639,"elapsedMs":27632,"rate":2276.22663566696}}
{"window":{"records":53943,"verifiedRecords":53943,"elapsedMs":28637,"rate":2293.2775880019794}}
{"window":{"records":56096,"verifiedRecords":56096,"elapsedMs":29702,"rate":2021.6546936804443}}
{"window":{"records":58307,"verifiedRecords":58307,"elapsedMs":30707,"rate":2199.415220356601}}
{"window":{"records":60645,"verifiedRecords":60645,"elapsedMs":31710,"rate":2331.689475963531}}
{"window":{"records":62891,"verifiedRecords":62891,"elapsedMs":32719,"rate":2226.255617212891}}
{"window":{"records":65115,"verifiedRecords":65115,"elapsedMs":33724,"rate":2211.584439194831}}
{"window":{"records":67151,"verifiedRecords":67151,"elapsedMs":34729,"rate":2026.802957976364}}
{"window":{"records":69346,"verifiedRecords":69346,"elapsedMs":35741,"rate":2168.708563908221}}
{"window":{"records":71384,"verifiedRecords":71384,"elapsedMs":36741,"rate":2037.7299152015794}}
{"window":{"records":73482,"verifiedRecords":73482,"elapsedMs":37743,"rate":2094.9833977908033}}
{"window":{"records":75744,"verifiedRecords":75744,"elapsedMs":38745,"rate":2255.9916355250393}}
{"window":{"records":78199,"verifiedRecords":78199,"elapsedMs":39753,"rate":2436.125206416337}}
{"window":{"records":80330,"verifiedRecords":80330,"elapsedMs":40793,"rate":2048.6369405171795}}
{"window":{"records":82441,"verifiedRecords":82441,"elapsedMs":41808,"rate":2080.9226027344785}}
{"window":{"records":84506,"verifiedRecords":84506,"elapsedMs":42818,"rate":2043.9289646137636}}
{"window":{"records":86614,"verifiedRecords":86614,"elapsedMs":43823,"rate":2097.1403091315938}}
{"window":{"records":88797,"verifiedRecords":88797,"elapsedMs":44823,"rate":2182.4221099022525}}
{"window":{"records":90808,"verifiedRecords":90808,"elapsedMs":45866,"rate":1927.9782064411436}}
{"window":{"records":93038,"verifiedRecords":93038,"elapsedMs":46874,"rate":2212.382885788167}}
{"window":{"records":95261,"verifiedRecords":95261,"elapsedMs":47898,"rate":2171.1290118251045}}
{"window":{"records":97440,"verifiedRecords":97440,"elapsedMs":48903,"rate":2168.775218145494}}
{"window":{"records":100100,"verifiedRecords":100100,"elapsedMs":49921,"rate":2613.831029506267}}
{"window":{"records":102766,"verifiedRecords":102766,"elapsedMs":50940,"rate":2615.632188616459}}
{"window":{"records":104774,"verifiedRecords":104774,"elapsedMs":51953,"rate":1981.5736486144112}}
{"window":{"records":106975,"verifiedRecords":106975,"elapsedMs":52978,"rate":2147.6446319299935}}
{"window":{"records":109303,"verifiedRecords":109303,"elapsedMs":53995,"rate":2288.8388282520077}}
{"window":{"records":111415,"verifiedRecords":111415,"elapsedMs":55020,"rate":2060.222404013004}}
{"window":{"records":113598,"verifiedRecords":113598,"elapsedMs":56035,"rate":2152.6456321988353}}
{"window":{"records":115701,"verifiedRecords":115701,"elapsedMs":57073,"rate":2025.4684424533123}}
{"window":{"records":118199,"verifiedRecords":118199,"elapsedMs":58083,"rate":2473.5084521734498}}
{"window":{"records":120371,"verifiedRecords":120371,"elapsedMs":59131,"rate":2072.3457286898883}}
{"window":{"records":122683,"verifiedRecords":122683,"elapsedMs":60147,"rate":2274.7074945073145}}
{"window":{"records":124879,"verifiedRecords":124879,"elapsedMs":61153,"rate":2182.818684840868}}
{"window":{"records":129655,"verifiedRecords":129655,"elapsedMs":62156,"rate":4763.575204901656}}
{"window":{"records":134484,"verifiedRecords":134484,"elapsedMs":63156,"rate":4827.72729039307}}
{"window":{"records":139304,"verifiedRecords":139304,"elapsedMs":64156,"rate":4819.31545479417}}
{"window":{"records":143884,"verifiedRecords":143884,"elapsedMs":65165,"rate":4539.834940780346}}
{"window":{"records":148770,"verifiedRecords":148770,"elapsedMs":66173,"rate":4845.35834553722}}
{"window":{"records":154048,"verifiedRecords":154048,"elapsedMs":67189,"rate":5197.66062256862}}
{"window":{"records":158853,"verifiedRecords":158853,"elapsedMs":68191,"rate":4796.368531931832}}
{"window":{"records":163554,"verifiedRecords":163554,"elapsedMs":69195,"rate":4679.030780726793}}
{"window":{"records":168294,"verifiedRecords":168294,"elapsedMs":70201,"rate":4714.547135924401}}
{"window":{"records":173021,"verifiedRecords":173021,"elapsedMs":71205,"rate":4707.066749084315}}
{"window":{"records":177828,"verifiedRecords":177828,"elapsedMs":72212,"rate":4773.094912155274}}
{"window":{"records":182471,"verifiedRecords":182471,"elapsedMs":73216,"rate":4623.592852758752}}
{"window":{"records":186926,"verifiedRecords":186926,"elapsedMs":74223,"rate":4423.765815660366}}
{"window":{"records":191755,"verifiedRecords":191755,"elapsedMs":75233,"rate":4784.280331823853}}
{"window":{"records":196267,"verifiedRecords":196267,"elapsedMs":76235,"rate":4500.115379786714}}
{"window":{"records":200949,"verifiedRecords":200949,"elapsedMs":77240,"rate":4658.9199064580425}}
{"window":{"records":205788,"verifiedRecords":205788,"elapsedMs":78245,"rate":4815.74276999894}}
{"window":{"records":210668,"verifiedRecords":210668,"elapsedMs":79246,"rate":4877.937846897286}}
{"window":{"records":215587,"verifiedRecords":215587,"elapsedMs":80255,"rate":4875.5855483834275}}
{"window":{"records":220372,"verifiedRecords":220372,"elapsedMs":81269,"rate":4714.497634438001}}
{"window":{"records":225263,"verifiedRecords":225263,"elapsedMs":82276,"rate":4859.146873374146}}
{"window":{"records":230283,"verifiedRecords":230283,"elapsedMs":83282,"rate":4989.946589599732}}
{"window":{"records":234942,"verifiedRecords":234942,"elapsedMs":84284,"rate":4651.364979743081}}
{"window":{"records":239564,"verifiedRecords":239564,"elapsedMs":85292,"rate":4585.257751891616}}
{"window":{"records":243773,"verifiedRecords":243773,"elapsedMs":86316,"rate":4109.198859987762}}
{"window":{"records":248589,"verifiedRecords":248589,"elapsedMs":87316,"rate":4814.442523029357}}
{"window":{"records":253180,"verifiedRecords":253180,"elapsedMs":88317,"rate":4588.9149117869565}}
{"window":{"records":257906,"verifiedRecords":257906,"elapsedMs":89332,"rate":4654.149624393039}}
{"window":{"records":262968,"verifiedRecords":262968,"elapsedMs":90336,"rate":5040.664334704517}}
{"window":{"records":267934,"verifiedRecords":267934,"elapsedMs":91350,"rate":4899.103955366358}}
{"window":{"records":272874,"verifiedRecords":272874,"elapsedMs":92372,"rate":4835.86804443223}}
{"window":{"records":277645,"verifiedRecords":277645,"elapsedMs":93372,"rate":4768.310072312147}}
{"window":{"records":282365,"verifiedRecords":282365,"elapsedMs":94377,"rate":4697.958545609935}}
{"window":{"records":287197,"verifiedRecords":287197,"elapsedMs":95383,"rate":4804.654907177662}}
{"window":{"records":292062,"verifiedRecords":292062,"elapsedMs":96384,"rate":4858.17466782021}}
{"window":{"records":296938,"verifiedRecords":296938,"elapsedMs":97386,"rate":4865.85428508384}}
{"window":{"records":301851,"verifiedRecords":301851,"elapsedMs":98405,"rate":4821.683936066316}}
{"window":{"records":306670,"verifiedRecords":306670,"elapsedMs":99425,"rate":4726.325996626137}}
{"window":{"records":311528,"verifiedRecords":311528,"elapsedMs":100433,"rate":4815.270693921186}}
{"window":{"records":314918,"verifiedRecords":314918,"elapsedMs":101490,"rate":3209.572033733598}}
{"result":{"pass":true,"records":315000,"verifiedRecords":315000,"expected":315000,"unique":315000,"duplicates":0,"orderedExactSourceLinks":true,"initialVerifiedRecords":0,"initialResolvedRecords":0,"sourceTrades":315000,"sourceBatches":7375,"sourceCommittedEnds":{"2":1440,"1":1359,"0":1359,"6":1434,"5":1359,"4":1422,"3":1371,"10":1344,"9":1350,"8":1446,"7":1350,"14":1443,"13":1371,"12":1356,"11":1362,"15":1359},"verifiedCommittedEnds":{"14":20634,"15":20578,"4":20614,"5":20573,"2":20621,"3":20584,"0":20574,"1":20572,"12":20566,"13":20581,"10":20564,"11":20578,"8":20632,"9":20576,"6":20622,"7":20571},"latency":{"samples":315000,"p50MsUpper":36792,"p95MsUpper":39895,"p99MsUpper":40464,"maxMs":41385.72838,"histogramCeilingMs":600000,"overflowSamples":0,"resolution":"1ms ceiling buckets; overflow percentile upper is observed maximum"},"timestampDiagnostics":{"producerCreateTimeMinusWorkFinished":{"samples":315000,"p50MsUpper":36774,"p95MsUpper":39880,"p99MsUpper":40450,"maxMs":41375.736581,"histogramCeilingMs":600000,"overflowSamples":0,"resolution":"1ms ceiling buckets; overflow percentile upper is observed maximum"},"visibilityMinusProducerCreateTime":{"samples":315000,"p50MsUpper":18,"p95MsUpper":53,"p99MsUpper":95,"maxMs":503.39105,"histogramCeilingMs":600000,"overflowSamples":0,"resolution":"1ms ceiling buckets; overflow percentile upper is observed maximum"},"applicableCreateTimeSamples":315000,"producerMillisecondRoundingAdjustedSamples":0,"unknownOrLogAppendTimeOmittedSamples":0,"semantics":"CreateTime only: producer creation minus matching work is processing/publication diagnostic, not durable latency; visibility minus producer creation includes transaction commit and observer delivery/processing, not pure observer lag; producer timestamp truncation permits negative work delta up to999999ns, clamped0 and counted"},"observerCost":"all verified records plus full source checksum validation once per source batch; four bounded source readers; live CPU/fetch overhead included","latencySemantics":"batch matching workFinishedAt to observer poll-return read_committed verified visibility upper bound; includes checksum/source publication/extractor/verifier transaction/fetch/scheduling; not semantic acceptedAt, individual matching acceptance or producer timestamp","recordTimestampTypes":["CreateTime"],"recordTimestampsUsedForLatency":false,"clockAssumption":"matching and observer wall clocks share local host; negative intervals fail; wall steps reported","maxObservedWallStepMs":4.582541,"windowStartEpochMs":1790922470098,"windowDurationMs":60000,"verifiedObservedWithinFixedWindow":124782,"observationsBeforeStartCommand":0,"elapsedMs":102199,"activeMs":99093,"finishElapsedMs":61126,"drainAfterFinishMs":40559,"drainAfterMarkMs":null}}
