SLF4J(W): No SLF4J providers were found.
SLF4J(W): Defaulting to no-operation (NOP) logger implementation
SLF4J(W): See https://www.slf4j.org/codes.html#noProviders for further details.
OBSERVER_READY
{"window":{"elapsedMs":1094,"records":1,"rate":0.9137432811862601}}
{"window":{"elapsedMs":2174,"records":859,"rate":794.4978700123257}}
{"window":{"elapsedMs":3248,"records":2991,"rate":1984.226853968387}}
{"window":{"elapsedMs":4330,"records":5952,"rate":2737.2380841014397}}
{"window":{"elapsedMs":5378,"records":8247,"rate":2190.5915689954904}}
{"window":{"elapsedMs":6389,"records":11008,"rate":2731.2163100981174}}
{"window":{"elapsedMs":7427,"records":14321,"rate":3191.6879313396926}}
{"window":{"elapsedMs":8483,"records":17341,"rate":2857.9507378987014}}
{"window":{"elapsedMs":9571,"records":20133,"rate":2566.7268329683734}}
{"window":{"elapsedMs":10667,"records":23292,"rate":2882.2525912559354}}
{"window":{"elapsedMs":11725,"records":26446,"rate":2982.01325337732}}
{"window":{"elapsedMs":12799,"records":29839,"rate":3157.4708284941307}}
{"window":{"elapsedMs":13802,"records":32717,"rate":2870.4367579474033}}
{"window":{"elapsedMs":14861,"records":35710,"rate":2826.03691392267}}
{"window":{"elapsedMs":15867,"records":38861,"rate":3132.3668526581473}}
{"window":{"elapsedMs":16948,"records":42011,"rate":2913.512608522252}}
{"window":{"elapsedMs":17962,"records":45154,"rate":3099.7107294324105}}
{"window":{"elapsedMs":19022,"records":49152,"rate":3773.2177802281735}}
{"window":{"elapsedMs":20074,"records":52684,"rate":3355.1034298261998}}
{"window":{"elapsedMs":21104,"records":55794,"rate":3019.794090960721}}
{"window":{"elapsedMs":22180,"records":58741,"rate":2738.7279551915485}}
{"window":{"elapsedMs":23275,"records":62280,"rate":3233.98520133672}}
{"window":{"elapsedMs":24348,"records":65284,"rate":2798.9071612948574}}
{"window":{"elapsedMs":25354,"records":68757,"rate":3450.6502796155914}}
{"window":{"elapsedMs":26402,"records":71524,"rate":2642.1200832940626}}
{"window":{"elapsedMs":27436,"records":74723,"rate":3091.572615717227}}
{"window":{"elapsedMs":28440,"records":77541,"rate":2808.4173290212134}}
{"window":{"elapsedMs":29499,"records":80171,"rate":2484.1097849013586}}
{"window":{"elapsedMs":30567,"records":83390,"rate":3013.4390112100587}}
{"window":{"elapsedMs":31643,"records":86110,"rate":2527.771700670758}}
{"window":{"elapsedMs":32652,"records":89077,"rate":2939.3850884857748}}
{"window":{"elapsedMs":33654,"records":91707,"rate":2626.662496964794}}
{"window":{"elapsedMs":34702,"records":94329,"rate":2500.384028757155}}
{"window":{"elapsedMs":35800,"records":97484,"rate":2874.603942102831}}
{"window":{"elapsedMs":36887,"records":100101,"rate":2407.3015640209746}}
{"window":{"elapsedMs":37973,"records":102563,"rate":2267.646273891972}}
{"window":{"elapsedMs":38989,"records":106264,"rate":3639.4108542556337}}
{"window":{"elapsedMs":40015,"records":109912,"rate":3556.298038489502}}
{"window":{"elapsedMs":41036,"records":112702,"rate":2733.709501493659}}
{"window":{"elapsedMs":42047,"records":115268,"rate":2538.4860879917096}}
{"window":{"elapsedMs":43132,"records":119181,"rate":3604.8355269285694}}
{"window":{"elapsedMs":44155,"records":121420,"rate":2188.0695800302024}}
{"window":{"elapsedMs":45162,"records":123551,"rate":2117.29448811661}}
{"window":{"elapsedMs":46216,"records":125994,"rate":2317.293305729776}}
{"window":{"elapsedMs":47306,"records":128270,"rate":2087.9433750050257}}
{"window":{"elapsedMs":48314,"records":131313,"rate":3019.939863023487}}
{"window":{"elapsedMs":49323,"records":133550,"rate":2217.213036558493}}
{"window":{"elapsedMs":50368,"records":136499,"rate":2820.86985967217}}
{"window":{"elapsedMs":51375,"records":139267,"rate":2748.5778616848693}}
{"window":{"elapsedMs":52406,"records":142116,"rate":2764.065671200526}}
{"window":{"elapsedMs":53461,"records":145506,"rate":3213.4534064939417}}
{"window":{"elapsedMs":54508,"records":148212,"rate":2585.5867456761716}}
{"window":{"elapsedMs":55557,"records":151221,"rate":2866.2372593646296}}
{"window":{"elapsedMs":56617,"records":154366,"rate":2968.642238640709}}
{"window":{"elapsedMs":57655,"records":158530,"rate":4010.051612320749}}
{"window":{"elapsedMs":58681,"records":161332,"rate":2732.397965443603}}
{"window":{"elapsedMs":59745,"records":164345,"rate":2831.749729849854}}
{"window":{"elapsedMs":60835,"records":168513,"rate":3822.0476721823698}}
{"window":{"elapsedMs":61929,"records":174666,"rate":5624.592067958937}}
{"window":{"elapsedMs":63006,"records":179739,"rate":4710.390415208074}}
{"window":{"elapsedMs":64091,"records":187878,"rate":7502.342753778738}}
{"window":{"elapsedMs":65120,"records":195801,"rate":7695.696999830922}}
{"window":{"elapsedMs":66141,"records":203152,"rate":7205.422833178649}}
{"window":{"elapsedMs":67184,"records":209122,"rate":5721.147943064037}}
{"window":{"elapsedMs":68236,"records":211242,"rate":2015.079589570034}}
{"mark":{"records":211242,"elapsedMs":68366}}
{"finish":{"records":211242,"expected":211641,"elapsedMs":68368}}
{"result":{"startedEpochMs":1790914811285,"expected":211641,"offeredExpected":315001,"records":211641,"unique":211641,"duplicates":0,"identityChecks":true,"outputBytes":438347939,"elapsedMs":68537,"activeMs":68488,"durableRate":3090.1740816977263,"finishReceived":true,"finishError":null,"finishElapsedMs":68368,"drainAfterFinishMs":169,"drainAfterMarkMs":170,"pass":true,"windows":[{"elapsedMs":1094,"records":1,"rate":0.9137432811862601},{"elapsedMs":2174,"records":859,"rate":794.4978700123257},{"elapsedMs":3248,"records":2991,"rate":1984.226853968387},{"elapsedMs":4330,"records":5952,"rate":2737.2380841014397},{"elapsedMs":5378,"records":8247,"rate":2190.5915689954904},{"elapsedMs":6389,"records":11008,"rate":2731.2163100981174},{"elapsedMs":7427,"records":14321,"rate":3191.6879313396926},{"elapsedMs":8483,"records":17341,"rate":2857.9507378987014},{"elapsedMs":9571,"records":20133,"rate":2566.7268329683734},{"elapsedMs":10667,"records":23292,"rate":2882.2525912559354},{"elapsedMs":11725,"records":26446,"rate":2982.01325337732},{"elapsedMs":12799,"records":29839,"rate":3157.4708284941307},{"elapsedMs":13802,"records":32717,"rate":2870.4367579474033},{"elapsedMs":14861,"records":35710,"rate":2826.03691392267},{"elapsedMs":15867,"records":38861,"rate":3132.3668526581473},{"elapsedMs":16948,"records":42011,"rate":2913.512608522252},{"elapsedMs":17962,"records":45154,"rate":3099.7107294324105},{"elapsedMs":19022,"records":49152,"rate":3773.2177802281735},{"elapsedMs":20074,"records":52684,"rate":3355.1034298261998},{"elapsedMs":21104,"records":55794,"rate":3019.794090960721},{"elapsedMs":22180,"records":58741,"rate":2738.7279551915485},{"elapsedMs":23275,"records":62280,"rate":3233.98520133672},{"elapsedMs":24348,"records":65284,"rate":2798.9071612948574},{"elapsedMs":25354,"records":68757,"rate":3450.6502796155914},{"elapsedMs":26402,"records":71524,"rate":2642.1200832940626},{"elapsedMs":27436,"records":74723,"rate":3091.572615717227},{"elapsedMs":28440,"records":77541,"rate":2808.4173290212134},{"elapsedMs":29499,"records":80171,"rate":2484.1097849013586},{"elapsedMs":30567,"records":83390,"rate":3013.4390112100587},{"elapsedMs":31643,"records":86110,"rate":2527.771700670758},{"elapsedMs":32652,"records":89077,"rate":2939.3850884857748},{"elapsedMs":33654,"records":91707,"rate":2626.662496964794},{"elapsedMs":34702,"records":94329,"rate":2500.384028757155},{"elapsedMs":35800,"records":97484,"rate":2874.603942102831},{"elapsedMs":36887,"records":100101,"rate":2407.3015640209746},{"elapsedMs":37973,"records":102563,"rate":2267.646273891972},{"elapsedMs":38989,"records":106264,"rate":3639.4108542556337},{"elapsedMs":40015,"records":109912,"rate":3556.298038489502},{"elapsedMs":41036,"records":112702,"rate":2733.709501493659},{"elapsedMs":42047,"records":115268,"rate":2538.4860879917096},{"elapsedMs":43132,"records":119181,"rate":3604.8355269285694},{"elapsedMs":44155,"records":121420,"rate":2188.0695800302024},{"elapsedMs":45162,"records":123551,"rate":2117.29448811661},{"elapsedMs":46216,"records":125994,"rate":2317.293305729776},{"elapsedMs":47306,"records":128270,"rate":2087.9433750050257},{"elapsedMs":48314,"records":131313,"rate":3019.939863023487},{"elapsedMs":49323,"records":133550,"rate":2217.213036558493},{"elapsedMs":50368,"records":136499,"rate":2820.86985967217},{"elapsedMs":51375,"records":139267,"rate":2748.5778616848693},{"elapsedMs":52406,"records":142116,"rate":2764.065671200526},{"elapsedMs":53461,"records":145506,"rate":3213.4534064939417},{"elapsedMs":54508,"records":148212,"rate":2585.5867456761716},{"elapsedMs":55557,"records":151221,"rate":2866.2372593646296},{"elapsedMs":56617,"records":154366,"rate":2968.642238640709},{"elapsedMs":57655,"records":158530,"rate":4010.051612320749},{"elapsedMs":58681,"records":161332,"rate":2732.397965443603},{"elapsedMs":59745,"records":164345,"rate":2831.749729849854},{"elapsedMs":60835,"records":168513,"rate":3822.0476721823698},{"elapsedMs":61929,"records":174666,"rate":5624.592067958937},{"elapsedMs":63006,"records":179739,"rate":4710.390415208074},{"elapsedMs":64091,"records":187878,"rate":7502.342753778738},{"elapsedMs":65120,"records":195801,"rate":7695.696999830922},{"elapsedMs":66141,"records":203152,"rate":7205.422833178649},{"elapsedMs":67184,"records":209122,"rate":5721.147943064037},{"elapsedMs":68236,"records":211242,"rate":2015.079589570034}]}}
