 Container reef-calcify-resolver-test-rp2-1 Stopping 
 Container reef-calcify-resolver-test-rp0-1 Stopping 
 Container reef-calcify-resolver-test-rp1-1 Stopping 
 Container reef-calcify-resolver-test-rp0-1 Stopped 
 Container reef-calcify-resolver-test-rp0-1 Removing 
 Container reef-calcify-resolver-test-rp0-1 Removed 
 Container reef-calcify-resolver-test-rp1-1 Stopped 
 Container reef-calcify-resolver-test-rp1-1 Removing 
 Container reef-calcify-resolver-test-rp1-1 Removed 
 Container reef-calcify-resolver-test-rp2-1 Stopped 
 Container reef-calcify-resolver-test-rp2-1 Removing 
 Container reef-calcify-resolver-test-rp2-1 Removed 
 Volume reef-calcify-resolver-test_rp0-data Removing 
 Volume reef-calcify-resolver-test_rp1-data Removing 
 Network reef-calcify-resolver-test_default Removing 
 Volume reef-calcify-resolver-test_rp2-data Removing 
 Volume reef-calcify-resolver-test_rp1-data Removed 
 Volume reef-calcify-resolver-test_rp2-data Removed 
 Volume reef-calcify-resolver-test_rp0-data Removed 
 Network reef-calcify-resolver-test_default Removed 
