SLF4J(W): No SLF4J providers were found.
SLF4J(W): Defaulting to no-operation (NOP) logger implementation
SLF4J(W): See https://www.slf4j.org/codes.html#noProviders for further details.
OBSERVER_READY
{"window":{"elapsedMs":1009,"records":0,"rate":0.0}}
{"window":{"elapsedMs":2032,"records":746,"rate":729.5130652743834}}
{"window":{"elapsedMs":3051,"records":4450,"rate":3636.2081997079995}}
{"window":{"elapsedMs":4052,"records":10748,"rate":6289.275988045083}}
{"window":{"elapsedMs":5112,"records":18224,"rate":7053.4448631281}}
{"window":{"elapsedMs":6134,"records":27062,"rate":8642.426570895828}}
{"window":{"elapsedMs":7229,"records":37440,"rate":9483.046201229305}}
{"window":{"elapsedMs":8254,"records":50144,"rate":12387.976017510311}}
{"window":{"elapsedMs":9255,"records":63927,"rate":13769.926583842622}}
{"window":{"elapsedMs":10339,"records":74957,"rate":10177.274963064772}}
{"window":{"elapsedMs":11354,"records":89348,"rate":14180.984931040637}}
{"window":{"elapsedMs":12406,"records":104012,"rate":13939.032640792433}}
{"window":{"elapsedMs":13437,"records":117662,"rate":13237.332769574889}}
{"window":{"elapsedMs":14474,"records":129926,"rate":11823.313570451963}}
{"window":{"elapsedMs":15570,"records":142653,"rate":11614.214957357835}}
{"window":{"elapsedMs":16646,"records":155560,"rate":11997.24909315339}}
{"window":{"elapsedMs":17705,"records":167172,"rate":10963.600331387755}}
{"window":{"elapsedMs":18745,"records":178094,"rate":10504.919675966836}}
{"window":{"elapsedMs":19772,"records":187276,"rate":8941.094859598441}}
{"window":{"elapsedMs":20773,"records":199767,"rate":12477.719538852336}}
{"window":{"elapsedMs":21823,"records":208606,"rate":8417.98332701975}}
{"window":{"elapsedMs":22830,"records":219533,"rate":10850.816859711456}}
{"window":{"elapsedMs":23912,"records":232406,"rate":11898.944007217846}}
{"window":{"elapsedMs":25000,"records":243469,"rate":10164.734765244288}}
{"window":{"elapsedMs":26041,"records":254240,"rate":10345.599709706179}}
{"window":{"elapsedMs":27141,"records":265772,"rate":10482.950206895548}}
{"window":{"elapsedMs":28153,"records":276486,"rate":10593.61633682688}}
{"window":{"elapsedMs":29198,"records":285170,"rate":8304.780867445072}}
{"window":{"elapsedMs":30211,"records":295806,"rate":10503.233436608743}}
{"window":{"elapsedMs":31275,"records":307284,"rate":10789.15176000938}}
{"window":{"elapsedMs":32338,"records":317974,"rate":10051.47620478731}}
{"window":{"elapsedMs":33375,"records":330097,"rate":11689.363110002274}}
{"window":{"elapsedMs":34461,"records":342369,"rate":11303.282749905733}}
{"window":{"elapsedMs":35468,"records":351944,"rate":9509.827960259845}}
{"window":{"elapsedMs":36562,"records":365005,"rate":11933.69129814418}}
{"window":{"elapsedMs":37614,"records":376128,"rate":10573.796562447045}}
{"window":{"elapsedMs":38622,"records":386248,"rate":10043.112850561938}}
{"window":{"elapsedMs":39642,"records":396539,"rate":10093.559053587376}}
{"window":{"elapsedMs":40714,"records":408201,"rate":10870.824967946726}}
{"window":{"elapsedMs":41751,"records":420353,"rate":11722.313703011307}}
{"window":{"elapsedMs":42824,"records":429739,"rate":8747.053950106565}}
{"window":{"elapsedMs":43839,"records":440049,"rate":10153.477783884331}}
{"window":{"elapsedMs":44869,"records":451950,"rate":11563.66149041253}}
{"window":{"elapsedMs":45875,"records":460716,"rate":8712.743711287249}}
{"window":{"elapsedMs":46960,"records":473205,"rate":11505.171670012398}}
{"window":{"elapsedMs":48007,"records":484216,"rate":10521.798621579019}}
{"window":{"elapsedMs":49068,"records":495394,"rate":10534.473575655578}}
{"window":{"elapsedMs":50141,"records":506199,"rate":10067.653063230244}}
{"window":{"elapsedMs":51183,"records":517069,"rate":10433.046195266299}}
{"window":{"elapsedMs":52232,"records":528697,"rate":11079.606120040546}}
{"window":{"elapsedMs":53307,"records":539526,"rate":10074.507134369354}}
{"window":{"elapsedMs":54324,"records":550136,"rate":10432.965183851975}}
{"window":{"elapsedMs":55353,"records":559691,"rate":9291.045648427093}}
{"window":{"elapsedMs":56355,"records":571928,"rate":12212.021835837524}}
{"window":{"elapsedMs":57436,"records":584387,"rate":11525.281252523497}}
{"window":{"elapsedMs":58471,"records":595456,"rate":10694.981347489715}}
{"window":{"elapsedMs":59480,"records":605149,"rate":9601.760062351826}}
{"window":{"elapsedMs":60511,"records":616229,"rate":10751.112711056083}}
{"window":{"elapsedMs":61580,"records":628698,"rate":11659.421732590967}}
{"window":{"elapsedMs":62628,"records":640069,"rate":10851.062735010295}}
{"window":{"elapsedMs":63632,"records":649492,"rate":9384.789043088784}}
{"window":{"elapsedMs":64647,"records":659359,"rate":9721.464408767048}}
{"window":{"elapsedMs":65671,"records":670597,"rate":10978.175845552574}}
{"window":{"elapsedMs":66687,"records":679516,"rate":8775.911682397105}}
{"window":{"elapsedMs":67726,"records":691969,"rate":11991.285054098418}}
{"window":{"elapsedMs":68732,"records":703062,"rate":11028.457792521718}}
{"window":{"elapsedMs":69732,"records":713343,"rate":10274.78289326781}}
{"window":{"elapsedMs":70750,"records":722834,"rate":9328.5915440376}}
{"window":{"elapsedMs":71849,"records":735856,"rate":11846.008260457535}}
{"window":{"elapsedMs":72884,"records":746535,"rate":10318.197560088993}}
{"window":{"elapsedMs":73885,"records":757850,"rate":11305.08402817179}}
{"window":{"elapsedMs":74903,"records":765320,"rate":7334.987928554083}}
{"window":{"elapsedMs":75933,"records":775974,"rate":10346.254116604228}}
{"window":{"elapsedMs":76973,"records":788210,"rate":11758.88894859629}}
{"window":{"elapsedMs":78072,"records":801290,"rate":11906.464161123691}}
{"window":{"elapsedMs":79072,"records":811050,"rate":9756.643704808903}}
{"window":{"elapsedMs":80099,"records":821351,"rate":10034.889364911247}}
{"window":{"elapsedMs":81158,"records":833780,"rate":11737.989909997808}}
{"window":{"elapsedMs":82245,"records":845311,"rate":10601.144865358008}}
{"window":{"elapsedMs":83343,"records":855217,"rate":9027.872731371384}}
{"window":{"elapsedMs":84345,"records":866041,"rate":10798.282087894571}}
{"window":{"elapsedMs":85347,"records":875772,"rate":9717.105345875143}}
{"window":{"elapsedMs":86387,"records":887614,"rate":11378.195815198736}}
{"window":{"elapsedMs":87415,"records":897565,"rate":9687.5762311903}}
{"window":{"elapsedMs":88460,"records":909647,"rate":11555.986417073289}}
{"window":{"elapsedMs":89463,"records":921096,"rate":11416.427027148233}}
{"window":{"elapsedMs":90464,"records":931098,"rate":9989.83611580965}}
{"window":{"elapsedMs":91464,"records":941701,"rate":10601.966308284942}}
{"window":{"elapsedMs":92543,"records":952558,"rate":10062.289977269085}}
{"window":{"elapsedMs":93589,"records":964034,"rate":10971.790888886026}}
{"window":{"elapsedMs":94646,"records":972275,"rate":7799.340254744794}}
{"window":{"elapsedMs":95701,"records":983746,"rate":10868.468413839366}}
{"window":{"elapsedMs":96710,"records":996493,"rate":12634.811290524462}}
{"window":{"elapsedMs":97730,"records":1007785,"rate":11067.37425895895}}
{"window":{"elapsedMs":98752,"records":1017857,"rate":9858.000870810305}}
{"window":{"elapsedMs":99775,"records":1029391,"rate":11272.809015119677}}
{"window":{"elapsedMs":100808,"records":1040429,"rate":10684.584647361557}}
{"window":{"elapsedMs":101884,"records":1051499,"rate":10286.492044868897}}
{"window":{"elapsedMs":102906,"records":1062206,"rate":10479.66890205009}}
{"window":{"elapsedMs":103934,"records":1070882,"rate":8439.723944411911}}
{"window":{"elapsedMs":104941,"records":1080316,"rate":9370.588831810408}}
{"window":{"elapsedMs":106021,"records":1092181,"rate":10987.344633842138}}
{"window":{"elapsedMs":107024,"records":1103549,"rate":11335.337689197422}}
{"window":{"elapsedMs":108053,"records":1116571,"rate":12649.055254865545}}
{"window":{"elapsedMs":109076,"records":1125988,"rate":9203.155470289204}}
{"window":{"elapsedMs":110165,"records":1137252,"rate":10344.937636713508}}
{"window":{"elapsedMs":111225,"records":1147600,"rate":9760.722536900981}}
{"window":{"elapsedMs":112267,"records":1159446,"rate":11377.492854810109}}
{"window":{"elapsedMs":113296,"records":1171092,"rate":11311.360459106267}}
{"window":{"elapsedMs":114345,"records":1180853,"rate":9309.937405631132}}
{"window":{"elapsedMs":115402,"records":1191898,"rate":10444.225515700231}}
{"window":{"elapsedMs":116483,"records":1204475,"rate":11632.00388392212}}
{"window":{"elapsedMs":117495,"records":1215159,"rate":10556.68635203774}}
{"window":{"elapsedMs":118577,"records":1225242,"rate":9327.255615993288}}
{"window":{"elapsedMs":119580,"records":1237236,"rate":11956.129950739818}}
{"window":{"elapsedMs":120629,"records":1248220,"rate":10467.876542325317}}
{"window":{"elapsedMs":121649,"records":1258568,"rate":10142.406234657472}}
{"window":{"elapsedMs":122736,"records":1270222,"rate":10723.782061175289}}
{"window":{"elapsedMs":123738,"records":1281730,"rate":11488.05768536699}}
{"window":{"elapsedMs":124748,"records":1291267,"rate":9440.001623319982}}
{"window":{"elapsedMs":125780,"records":1303299,"rate":11662.559267152226}}
{"window":{"elapsedMs":126785,"records":1311342,"rate":8000.771257239504}}
{"window":{"elapsedMs":127792,"records":1318901,"rate":7505.040321139394}}
{"window":{"elapsedMs":128863,"records":1328671,"rate":9123.910786456363}}
{"window":{"elapsedMs":129888,"records":1339789,"rate":10841.881213523397}}
{"window":{"elapsedMs":130936,"records":1353649,"rate":13235.868674673618}}
{"window":{"elapsedMs":131975,"records":1366007,"rate":11886.758379128245}}
{"window":{"elapsedMs":132986,"records":1377603,"rate":11475.981307019878}}
{"window":{"elapsedMs":133988,"records":1388551,"rate":10919.463804896359}}
{"window":{"elapsedMs":135012,"records":1399644,"rate":10839.006832307816}}
{"window":{"elapsedMs":136084,"records":1409749,"rate":9427.387657352476}}
{"window":{"elapsedMs":137137,"records":1420328,"rate":10042.321984341257}}
{"window":{"elapsedMs":138209,"records":1431914,"rate":10805.46288278407}}
{"window":{"elapsedMs":139260,"records":1443005,"rate":10551.092252951412}}
{"window":{"elapsedMs":140278,"records":1453154,"rate":9975.062334335546}}
{"window":{"elapsedMs":141290,"records":1464927,"rate":11629.94536853661}}
{"window":{"elapsedMs":142388,"records":1476850,"rate":10857.36706572097}}
{"window":{"elapsedMs":143397,"records":1488526,"rate":11570.539347194688}}
{"window":{"elapsedMs":144466,"records":1497471,"rate":8371.913229380676}}
{"window":{"elapsedMs":145505,"records":1510153,"rate":12199.050754942326}}
{"window":{"elapsedMs":146560,"records":1519715,"rate":9065.55938838427}}
{"window":{"elapsedMs":147603,"records":1530629,"rate":10465.479209771782}}
{"window":{"elapsedMs":148604,"records":1541171,"rate":10529.432238151458}}
{"window":{"elapsedMs":149701,"records":1552301,"rate":10148.344311986364}}
{"window":{"elapsedMs":150716,"records":1563925,"rate":11455.346270367148}}
{"window":{"elapsedMs":151733,"records":1573986,"rate":9889.498774733762}}
{"window":{"elapsedMs":152775,"records":1584322,"rate":9917.688834299466}}
{"window":{"elapsedMs":153810,"records":1594412,"rate":9752.445894824417}}
{"window":{"elapsedMs":154814,"records":1605858,"rate":11402.57566232577}}
{"window":{"elapsedMs":155816,"records":1617490,"rate":11604.310664216348}}
{"window":{"elapsedMs":156866,"records":1628642,"rate":10623.773154610997}}
{"window":{"elapsedMs":157880,"records":1639397,"rate":10600.242637434909}}
{"window":{"elapsedMs":158893,"records":1648042,"rate":8539.033438526027}}
{"window":{"elapsedMs":159905,"records":1658114,"rate":9950.353603775739}}
{"window":{"elapsedMs":160906,"records":1670437,"rate":12307.016250337858}}
{"window":{"elapsedMs":161924,"records":1680789,"rate":10174.07951276066}}
{"window":{"elapsedMs":162948,"records":1691120,"rate":10086.566760767146}}
{"window":{"elapsedMs":164018,"records":1703893,"rate":11938.797411806681}}
{"window":{"elapsedMs":165073,"records":1715263,"rate":10777.271186632212}}
{"window":{"elapsedMs":166153,"records":1725782,"rate":9739.00434930102}}
{"window":{"elapsedMs":167247,"records":1735483,"rate":8869.439426962059}}
{"window":{"elapsedMs":168252,"records":1746094,"rate":10552.641245201086}}
{"window":{"elapsedMs":169348,"records":1759437,"rate":12181.141870792368}}
{"window":{"elapsedMs":170353,"records":1770505,"rate":11005.211592126248}}
{"window":{"elapsedMs":171402,"records":1780340,"rate":9381.50134883716}}
{"window":{"elapsedMs":172469,"records":1791456,"rate":10417.03394965811}}
{"window":{"elapsedMs":173495,"records":1803573,"rate":11812.769020715803}}
{"window":{"elapsedMs":174512,"records":1815129,"rate":11353.773668177197}}
{"window":{"elapsedMs":175531,"records":1823451,"rate":8168.165869124576}}
{"window":{"elapsedMs":176614,"records":1834993,"rate":10657.684805995113}}
{"window":{"elapsedMs":177637,"records":1844967,"rate":9748.400488233987}}
{"window":{"elapsedMs":178707,"records":1857147,"rate":11386.52966865336}}
{"window":{"elapsedMs":179749,"records":1868490,"rate":10891.000771151601}}
{"window":{"elapsedMs":180768,"records":1878413,"rate":9735.39448937899}}
{"window":{"elapsedMs":181839,"records":1889491,"rate":10337.525614292132}}
{"window":{"elapsedMs":182849,"records":1899528,"rate":9941.925781314176}}
{"window":{"elapsedMs":183851,"records":1911784,"rate":12229.734090027241}}
{"window":{"elapsedMs":184957,"records":1923478,"rate":10572.753334399034}}
{"window":{"elapsedMs":185969,"records":1934232,"rate":10629.642483875827}}
{"window":{"elapsedMs":187049,"records":1945298,"rate":10245.710080404631}}
{"window":{"elapsedMs":188066,"records":1956609,"rate":11124.559797869098}}
{"window":{"elapsedMs":189156,"records":1968134,"rate":10572.68438931059}}
{"window":{"elapsedMs":190211,"records":1977823,"rate":9186.286218912608}}
{"window":{"elapsedMs":191320,"records":1987857,"rate":9042.294286171627}}
{"window":{"elapsedMs":192324,"records":1998061,"rate":10161.870571481153}}
{"window":{"elapsedMs":193397,"records":2009852,"rate":10990.882094341507}}
{"window":{"elapsedMs":194443,"records":2019957,"rate":9658.126530646392}}
{"window":{"elapsedMs":195459,"records":2032520,"rate":12369.560167151463}}
{"window":{"elapsedMs":196460,"records":2044885,"rate":12358.277097259092}}
{"window":{"elapsedMs":197475,"records":2055096,"rate":10057.862753415035}}
{"window":{"elapsedMs":198507,"records":2066979,"rate":11512.095613446123}}
{"window":{"elapsedMs":199524,"records":2077635,"rate":10476.57039793713}}
{"window":{"elapsedMs":200600,"records":2086374,"rate":8122.4854144713445}}
{"window":{"elapsedMs":201610,"records":2095657,"rate":9194.630780548016}}
{"window":{"elapsedMs":202642,"records":2106817,"rate":10808.562728184825}}
{"window":{"elapsedMs":203649,"records":2117516,"rate":10624.397256737531}}
{"window":{"elapsedMs":204666,"records":2127971,"rate":10280.932240832994}}
{"window":{"elapsedMs":205680,"records":2140269,"rate":12124.88442847165}}
{"window":{"elapsedMs":206708,"records":2151919,"rate":11341.971428100003}}
{"window":{"elapsedMs":207711,"records":2162874,"rate":10916.568221575943}}
{"window":{"elapsedMs":208793,"records":2173869,"rate":10160.491322880805}}
{"window":{"elapsedMs":209821,"records":2184153,"rate":10003.105291094007}}
{"window":{"elapsedMs":210879,"records":2195226,"rate":10472.291058381865}}
{"window":{"elapsedMs":211975,"records":2205491,"rate":9360.399660122566}}
{"window":{"elapsedMs":213017,"records":2218226,"rate":12224.854768941332}}
{"window":{"elapsedMs":214017,"records":2228764,"rate":10537.646546259546}}
{"window":{"elapsedMs":215020,"records":2238493,"rate":9696.004090846676}}
{"window":{"elapsedMs":216024,"records":2249016,"rate":10489.056103317651}}
{"window":{"elapsedMs":217060,"records":2259503,"rate":10117.524438370401}}
{"window":{"elapsedMs":218071,"records":2270017,"rate":10403.280054264713}}
{"window":{"elapsedMs":219074,"records":2280053,"rate":10002.335469587082}}
{"window":{"elapsedMs":220086,"records":2291875,"rate":11684.55505792044}}
{"window":{"elapsedMs":221094,"records":2303039,"rate":11078.865378544402}}
{"window":{"elapsedMs":222154,"records":2314813,"rate":11106.554380062202}}
{"window":{"elapsedMs":223236,"records":2324231,"rate":8700.449627559785}}
{"window":{"elapsedMs":224290,"records":2335335,"rate":10534.50300811908}}
{"window":{"elapsedMs":225365,"records":2345264,"rate":9240.668026049065}}
{"window":{"elapsedMs":226404,"records":2356251,"rate":10576.419421330256}}
{"window":{"elapsedMs":227443,"records":2368484,"rate":11764.453668523252}}
{"window":{"elapsedMs":228445,"records":2380238,"rate":11731.522403075707}}
{"window":{"elapsedMs":229513,"records":2392264,"rate":11268.258444941524}}
{"window":{"elapsedMs":230527,"records":2402683,"rate":10270.738875012701}}
{"window":{"elapsedMs":231580,"records":2414314,"rate":11045.302584421417}}
{"window":{"elapsedMs":232593,"records":2423399,"rate":8972.924059919462}}
{"window":{"elapsedMs":233632,"records":2433596,"rate":9807.378583441281}}
{"window":{"elapsedMs":234634,"records":2445510,"rate":11897.38480243324}}
{"window":{"elapsedMs":235660,"records":2456420,"rate":10633.967025074146}}
{"window":{"elapsedMs":236660,"records":2466551,"rate":10128.931155682521}}
{"window":{"elapsedMs":237681,"records":2477600,"rate":10819.081884094434}}
{"window":{"elapsedMs":238754,"records":2489031,"rate":10654.052338289819}}
{"window":{"elapsedMs":239804,"records":2500317,"rate":10750.622575688052}}
{"window":{"elapsedMs":240875,"records":2510887,"rate":9868.051372298696}}
{"window":{"elapsedMs":241904,"records":2521323,"rate":10144.991753582794}}
{"window":{"elapsedMs":242941,"records":2531051,"rate":9377.35002182504}}
{"window":{"elapsedMs":244005,"records":2542567,"rate":10825.342682210572}}
{"window":{"elapsedMs":245022,"records":2553816,"rate":11058.772067807187}}
{"window":{"elapsedMs":246041,"records":2563891,"rate":9889.236458550975}}
{"window":{"elapsedMs":247108,"records":2574376,"rate":9820.674336748512}}
{"window":{"elapsedMs":248145,"records":2586316,"rate":11521.864341868382}}
{"window":{"elapsedMs":249145,"records":2595629,"rate":9306.230480436381}}
{"window":{"elapsedMs":250168,"records":2607377,"rate":11484.396263802519}}
{"window":{"elapsedMs":251194,"records":2616890,"rate":9273.51381483678}}
{"window":{"elapsedMs":252237,"records":2628197,"rate":10844.996376249055}}
{"window":{"elapsedMs":253304,"records":2640227,"rate":11274.975483582715}}
{"window":{"elapsedMs":254381,"records":2651512,"rate":10473.65888387436}}
{"window":{"elapsedMs":255439,"records":2661483,"rate":9429.157392943951}}
{"window":{"elapsedMs":256440,"records":2673129,"rate":11629.399509006273}}
{"window":{"elapsedMs":257522,"records":2685810,"rate":11719.971155248028}}
{"window":{"elapsedMs":258526,"records":2695615,"rate":9767.061471047919}}
{"window":{"elapsedMs":259555,"records":2707623,"rate":11664.894146107901}}
{"window":{"elapsedMs":260636,"records":2718025,"rate":9630.448954680222}}
{"window":{"elapsedMs":261667,"records":2727554,"rate":9237.946925442335}}
{"window":{"elapsedMs":262704,"records":2739139,"rate":11174.111612962524}}
{"window":{"elapsedMs":263738,"records":2751142,"rate":11608.167060701706}}
{"window":{"elapsedMs":264786,"records":2762642,"rate":10969.76671625421}}
{"window":{"elapsedMs":265792,"records":2773372,"rate":10665.098873939998}}
{"window":{"elapsedMs":266800,"records":2781215,"rate":7782.449940127528}}
{"window":{"elapsedMs":267895,"records":2793032,"rate":10792.326184278314}}
{"window":{"elapsedMs":268926,"records":2804065,"rate":10699.907420149357}}
{"window":{"elapsedMs":269951,"records":2813471,"rate":9174.568446627949}}
{"window":{"elapsedMs":271025,"records":2826553,"rate":12184.774620402426}}
{"window":{"elapsedMs":272052,"records":2839323,"rate":12434.141406469844}}
{"window":{"elapsedMs":273067,"records":2848683,"rate":9223.738095291521}}
{"window":{"elapsedMs":274109,"records":2857335,"rate":8298.420883016435}}
{"window":{"elapsedMs":275111,"records":2867352,"rate":9996.836790064748}}
{"window":{"elapsedMs":276144,"records":2878998,"rate":11278.173633828155}}
{"window":{"elapsedMs":277178,"records":2891176,"rate":11780.303332634367}}
{"window":{"elapsedMs":278178,"records":2903002,"rate":11824.04164310286}}
{"window":{"elapsedMs":279237,"records":2914066,"rate":10448.931474975256}}
{"window":{"elapsedMs":280350,"records":2925386,"rate":10168.19781910517}}
{"window":{"elapsedMs":281446,"records":2936375,"rate":10023.59765045886}}
{"window":{"elapsedMs":282472,"records":2948161,"rate":11488.922307708917}}
{"window":{"elapsedMs":283520,"records":2958709,"rate":10064.556573413513}}
{"window":{"elapsedMs":284544,"records":2969985,"rate":11012.539668154775}}
{"window":{"elapsedMs":285633,"records":2980176,"rate":9364.220120402755}}
{"window":{"elapsedMs":286644,"records":2990995,"rate":10698.330407422205}}
{"window":{"elapsedMs":287678,"records":3001653,"rate":10305.43931703941}}
{"window":{"elapsedMs":288688,"records":3013133,"rate":11363.611988292703}}
{"window":{"elapsedMs":289751,"records":3024325,"rate":10531.4862456456}}
{"window":{"elapsedMs":290810,"records":3035514,"rate":10562.32244266574}}
{"window":{"elapsedMs":291878,"records":3046857,"rate":10621.171454759831}}
{"window":{"elapsedMs":292947,"records":3057903,"rate":10332.195539039874}}
{"window":{"elapsedMs":293996,"records":3069002,"rate":10582.311992441726}}
{"window":{"elapsedMs":295062,"records":3077675,"rate":8138.823574952215}}
{"window":{"elapsedMs":296066,"records":3090145,"rate":12414.636914266193}}
{"window":{"elapsedMs":297069,"records":3101464,"rate":11291.22874866106}}
{"window":{"elapsedMs":298167,"records":3112358,"rate":9917.789491032509}}
{"window":{"elapsedMs":299183,"records":3122372,"rate":9857.509978725655}}
{"window":{"elapsedMs":300211,"records":3132276,"rate":9634.195154696721}}
{"finish":{"records":3134616,"expected":3142846,"elapsedMs":300485}}
{"window":{"elapsedMs":301248,"records":3141567,"rate":8958.41151032249}}
{"result":{"startedEpochMs":1790924290424,"expected":3142846,"offeredExpected":3150000,"records":3142846,"unique":3142846,"duplicates":0,"identityChecks":true,"outputBytes":4512672081,"elapsedMs":301655,"activeMs":300388,"durableRate":10462.590040970492,"finishReceived":true,"finishError":null,"finishElapsedMs":300485,"drainAfterFinishMs":1170,"drainAfterMarkMs":null,"pass":true,"windows":[{"elapsedMs":1009,"records":0,"rate":0.0},{"elapsedMs":2032,"records":746,"rate":729.5130652743834},{"elapsedMs":3051,"records":4450,"rate":3636.2081997079995},{"elapsedMs":4052,"records":10748,"rate":6289.275988045083},{"elapsedMs":5112,"records":18224,"rate":7053.4448631281},{"elapsedMs":6134,"records":27062,"rate":8642.426570895828},{"elapsedMs":7229,"records":37440,"rate":9483.046201229305},{"elapsedMs":8254,"records":50144,"rate":12387.976017510311},{"elapsedMs":9255,"records":63927,"rate":13769.926583842622},{"elapsedMs":10339,"records":74957,"rate":10177.274963064772},{"elapsedMs":11354,"records":89348,"rate":14180.984931040637},{"elapsedMs":12406,"records":104012,"rate":13939.032640792433},{"elapsedMs":13437,"records":117662,"rate":13237.332769574889},{"elapsedMs":14474,"records":129926,"rate":11823.313570451963},{"elapsedMs":15570,"records":142653,"rate":11614.214957357835},{"elapsedMs":16646,"records":155560,"rate":11997.24909315339},{"elapsedMs":17705,"records":167172,"rate":10963.600331387755},{"elapsedMs":18745,"records":178094,"rate":10504.919675966836},{"elapsedMs":19772,"records":187276,"rate":8941.094859598441},{"elapsedMs":20773,"records":199767,"rate":12477.719538852336},{"elapsedMs":21823,"records":208606,"rate":8417.98332701975},{"elapsedMs":22830,"records":219533,"rate":10850.816859711456},{"elapsedMs":23912,"records":232406,"rate":11898.944007217846},{"elapsedMs":25000,"records":243469,"rate":10164.734765244288},{"elapsedMs":26041,"records":254240,"rate":10345.599709706179},{"elapsedMs":27141,"records":265772,"rate":10482.950206895548},{"elapsedMs":28153,"records":276486,"rate":10593.61633682688},{"elapsedMs":29198,"records":285170,"rate":8304.780867445072},{"elapsedMs":30211,"records":295806,"rate":10503.233436608743},{"elapsedMs":31275,"records":307284,"rate":10789.15176000938},{"elapsedMs":32338,"records":317974,"rate":10051.47620478731},{"elapsedMs":33375,"records":330097,"rate":11689.363110002274},{"elapsedMs":34461,"records":342369,"rate":11303.282749905733},{"elapsedMs":35468,"records":351944,"rate":9509.827960259845},{"elapsedMs":36562,"records":365005,"rate":11933.69129814418},{"elapsedMs":37614,"records":376128,"rate":10573.796562447045},{"elapsedMs":38622,"records":386248,"rate":10043.112850561938},{"elapsedMs":39642,"records":396539,"rate":10093.559053587376},{"elapsedMs":40714,"records":408201,"rate":10870.824967946726},{"elapsedMs":41751,"records":420353,"rate":11722.313703011307},{"elapsedMs":42824,"records":429739,"rate":8747.053950106565},{"elapsedMs":43839,"records":440049,"rate":10153.477783884331},{"elapsedMs":44869,"records":451950,"rate":11563.66149041253},{"elapsedMs":45875,"records":460716,"rate":8712.743711287249},{"elapsedMs":46960,"records":473205,"rate":11505.171670012398},{"elapsedMs":48007,"records":484216,"rate":10521.798621579019},{"elapsedMs":49068,"records":495394,"rate":10534.473575655578},{"elapsedMs":50141,"records":506199,"rate":10067.653063230244},{"elapsedMs":51183,"records":517069,"rate":10433.046195266299},{"elapsedMs":52232,"records":528697,"rate":11079.606120040546},{"elapsedMs":53307,"records":539526,"rate":10074.507134369354},{"elapsedMs":54324,"records":550136,"rate":10432.965183851975},{"elapsedMs":55353,"records":559691,"rate":9291.045648427093},{"elapsedMs":56355,"records":571928,"rate":12212.021835837524},{"elapsedMs":57436,"records":584387,"rate":11525.281252523497},{"elapsedMs":58471,"records":595456,"rate":10694.981347489715},{"elapsedMs":59480,"records":605149,"rate":9601.760062351826},{"elapsedMs":60511,"records":616229,"rate":10751.112711056083},{"elapsedMs":61580,"records":628698,"rate":11659.421732590967},{"elapsedMs":62628,"records":640069,"rate":10851.062735010295},{"elapsedMs":63632,"records":649492,"rate":9384.789043088784},{"elapsedMs":64647,"records":659359,"rate":9721.464408767048},{"elapsedMs":65671,"records":670597,"rate":10978.175845552574},{"elapsedMs":66687,"records":679516,"rate":8775.911682397105},{"elapsedMs":67726,"records":691969,"rate":11991.285054098418},{"elapsedMs":68732,"records":703062,"rate":11028.457792521718},{"elapsedMs":69732,"records":713343,"rate":10274.78289326781},{"elapsedMs":70750,"records":722834,"rate":9328.5915440376},{"elapsedMs":71849,"records":735856,"rate":11846.008260457535},{"elapsedMs":72884,"records":746535,"rate":10318.197560088993},{"elapsedMs":73885,"records":757850,"rate":11305.08402817179},{"elapsedMs":74903,"records":765320,"rate":7334.987928554083},{"elapsedMs":75933,"records":775974,"rate":10346.254116604228},{"elapsedMs":76973,"records":788210,"rate":11758.88894859629},{"elapsedMs":78072,"records":801290,"rate":11906.464161123691},{"elapsedMs":79072,"records":811050,"rate":9756.643704808903},{"elapsedMs":80099,"records":821351,"rate":10034.889364911247},{"elapsedMs":81158,"records":833780,"rate":11737.989909997808},{"elapsedMs":82245,"records":845311,"rate":10601.144865358008},{"elapsedMs":83343,"records":855217,"rate":9027.872731371384},{"elapsedMs":84345,"records":866041,"rate":10798.282087894571},{"elapsedMs":85347,"records":875772,"rate":9717.105345875143},{"elapsedMs":86387,"records":887614,"rate":11378.195815198736},{"elapsedMs":87415,"records":897565,"rate":9687.5762311903},{"elapsedMs":88460,"records":909647,"rate":11555.986417073289},{"elapsedMs":89463,"records":921096,"rate":11416.427027148233},{"elapsedMs":90464,"records":931098,"rate":9989.83611580965},{"elapsedMs":91464,"records":941701,"rate":10601.966308284942},{"elapsedMs":92543,"records":952558,"rate":10062.289977269085},{"elapsedMs":93589,"records":964034,"rate":10971.790888886026},{"elapsedMs":94646,"records":972275,"rate":7799.340254744794},{"elapsedMs":95701,"records":983746,"rate":10868.468413839366},{"elapsedMs":96710,"records":996493,"rate":12634.811290524462},{"elapsedMs":97730,"records":1007785,"rate":11067.37425895895},{"elapsedMs":98752,"records":1017857,"rate":9858.000870810305},{"elapsedMs":99775,"records":1029391,"rate":11272.809015119677},{"elapsedMs":100808,"records":1040429,"rate":10684.584647361557},{"elapsedMs":101884,"records":1051499,"rate":10286.492044868897},{"elapsedMs":102906,"records":1062206,"rate":10479.66890205009},{"elapsedMs":103934,"records":1070882,"rate":8439.723944411911},{"elapsedMs":104941,"records":1080316,"rate":9370.588831810408},{"elapsedMs":106021,"records":1092181,"rate":10987.344633842138},{"elapsedMs":107024,"records":1103549,"rate":11335.337689197422},{"elapsedMs":108053,"records":1116571,"rate":12649.055254865545},{"elapsedMs":109076,"records":1125988,"rate":9203.155470289204},{"elapsedMs":110165,"records":1137252,"rate":10344.937636713508},{"elapsedMs":111225,"records":1147600,"rate":9760.722536900981},{"elapsedMs":112267,"records":1159446,"rate":11377.492854810109},{"elapsedMs":113296,"records":1171092,"rate":11311.360459106267},{"elapsedMs":114345,"records":1180853,"rate":9309.937405631132},{"elapsedMs":115402,"records":1191898,"rate":10444.225515700231},{"elapsedMs":116483,"records":1204475,"rate":11632.00388392212},{"elapsedMs":117495,"records":1215159,"rate":10556.68635203774},{"elapsedMs":118577,"records":1225242,"rate":9327.255615993288},{"elapsedMs":119580,"records":1237236,"rate":11956.129950739818},{"elapsedMs":120629,"records":1248220,"rate":10467.876542325317},{"elapsedMs":121649,"records":1258568,"rate":10142.406234657472},{"elapsedMs":122736,"records":1270222,"rate":10723.782061175289},{"elapsedMs":123738,"records":1281730,"rate":11488.05768536699},{"elapsedMs":124748,"records":1291267,"rate":9440.001623319982},{"elapsedMs":125780,"records":1303299,"rate":11662.559267152226},{"elapsedMs":126785,"records":1311342,"rate":8000.771257239504},{"elapsedMs":127792,"records":1318901,"rate":7505.040321139394},{"elapsedMs":128863,"records":1328671,"rate":9123.910786456363},{"elapsedMs":129888,"records":1339789,"rate":10841.881213523397},{"elapsedMs":130936,"records":1353649,"rate":13235.868674673618},{"elapsedMs":131975,"records":1366007,"rate":11886.758379128245},{"elapsedMs":132986,"records":1377603,"rate":11475.981307019878},{"elapsedMs":133988,"records":1388551,"rate":10919.463804896359},{"elapsedMs":135012,"records":1399644,"rate":10839.006832307816},{"elapsedMs":136084,"records":1409749,"rate":9427.387657352476},{"elapsedMs":137137,"records":1420328,"rate":10042.321984341257},{"elapsedMs":138209,"records":1431914,"rate":10805.46288278407},{"elapsedMs":139260,"records":1443005,"rate":10551.092252951412},{"elapsedMs":140278,"records":1453154,"rate":9975.062334335546},{"elapsedMs":141290,"records":1464927,"rate":11629.94536853661},{"elapsedMs":142388,"records":1476850,"rate":10857.36706572097},{"elapsedMs":143397,"records":1488526,"rate":11570.539347194688},{"elapsedMs":144466,"records":1497471,"rate":8371.913229380676},{"elapsedMs":145505,"records":1510153,"rate":12199.050754942326},{"elapsedMs":146560,"records":1519715,"rate":9065.55938838427},{"elapsedMs":147603,"records":1530629,"rate":10465.479209771782},{"elapsedMs":148604,"records":1541171,"rate":10529.432238151458},{"elapsedMs":149701,"records":1552301,"rate":10148.344311986364},{"elapsedMs":150716,"records":1563925,"rate":11455.346270367148},{"elapsedMs":151733,"records":1573986,"rate":9889.498774733762},{"elapsedMs":152775,"records":1584322,"rate":9917.688834299466},{"elapsedMs":153810,"records":1594412,"rate":9752.445894824417},{"elapsedMs":154814,"records":1605858,"rate":11402.57566232577},{"elapsedMs":155816,"records":1617490,"rate":11604.310664216348},{"elapsedMs":156866,"records":1628642,"rate":10623.773154610997},{"elapsedMs":157880,"records":1639397,"rate":10600.242637434909},{"elapsedMs":158893,"records":1648042,"rate":8539.033438526027},{"elapsedMs":159905,"records":1658114,"rate":9950.353603775739},{"elapsedMs":160906,"records":1670437,"rate":12307.016250337858},{"elapsedMs":161924,"records":1680789,"rate":10174.07951276066},{"elapsedMs":162948,"records":1691120,"rate":10086.566760767146},{"elapsedMs":164018,"records":1703893,"rate":11938.797411806681},{"elapsedMs":165073,"records":1715263,"rate":10777.271186632212},{"elapsedMs":166153,"records":1725782,"rate":9739.00434930102},{"elapsedMs":167247,"records":1735483,"rate":8869.439426962059},{"elapsedMs":168252,"records":1746094,"rate":10552.641245201086},{"elapsedMs":169348,"records":1759437,"rate":12181.141870792368},{"elapsedMs":170353,"records":1770505,"rate":11005.211592126248},{"elapsedMs":171402,"records":1780340,"rate":9381.50134883716},{"elapsedMs":172469,"records":1791456,"rate":10417.03394965811},{"elapsedMs":173495,"records":1803573,"rate":11812.769020715803},{"elapsedMs":174512,"records":1815129,"rate":11353.773668177197},{"elapsedMs":175531,"records":1823451,"rate":8168.165869124576},{"elapsedMs":176614,"records":1834993,"rate":10657.684805995113},{"elapsedMs":177637,"records":1844967,"rate":9748.400488233987},{"elapsedMs":178707,"records":1857147,"rate":11386.52966865336},{"elapsedMs":179749,"records":1868490,"rate":10891.000771151601},{"elapsedMs":180768,"records":1878413,"rate":9735.39448937899},{"elapsedMs":181839,"records":1889491,"rate":10337.525614292132},{"elapsedMs":182849,"records":1899528,"rate":9941.925781314176},{"elapsedMs":183851,"records":1911784,"rate":12229.734090027241},{"elapsedMs":184957,"records":1923478,"rate":10572.753334399034},{"elapsedMs":185969,"records":1934232,"rate":10629.642483875827},{"elapsedMs":187049,"records":1945298,"rate":10245.710080404631},{"elapsedMs":188066,"records":1956609,"rate":11124.559797869098},{"elapsedMs":189156,"records":1968134,"rate":10572.68438931059},{"elapsedMs":190211,"records":1977823,"rate":9186.286218912608},{"elapsedMs":191320,"records":1987857,"rate":9042.294286171627},{"elapsedMs":192324,"records":1998061,"rate":10161.870571481153},{"elapsedMs":193397,"records":2009852,"rate":10990.882094341507},{"elapsedMs":194443,"records":2019957,"rate":9658.126530646392},{"elapsedMs":195459,"records":2032520,"rate":12369.560167151463},{"elapsedMs":196460,"records":2044885,"rate":12358.277097259092},{"elapsedMs":197475,"records":2055096,"rate":10057.862753415035},{"elapsedMs":198507,"records":2066979,"rate":11512.095613446123},{"elapsedMs":199524,"records":2077635,"rate":10476.57039793713},{"elapsedMs":200600,"records":2086374,"rate":8122.4854144713445},{"elapsedMs":201610,"records":2095657,"rate":9194.630780548016},{"elapsedMs":202642,"records":2106817,"rate":10808.562728184825},{"elapsedMs":203649,"records":2117516,"rate":10624.397256737531},{"elapsedMs":204666,"records":2127971,"rate":10280.932240832994},{"elapsedMs":205680,"records":2140269,"rate":12124.88442847165},{"elapsedMs":206708,"records":2151919,"rate":11341.971428100003},{"elapsedMs":207711,"records":2162874,"rate":10916.568221575943},{"elapsedMs":208793,"records":2173869,"rate":10160.491322880805},{"elapsedMs":209821,"records":2184153,"rate":10003.105291094007},{"elapsedMs":210879,"records":2195226,"rate":10472.291058381865},{"elapsedMs":211975,"records":2205491,"rate":9360.399660122566},{"elapsedMs":213017,"records":2218226,"rate":12224.854768941332},{"elapsedMs":214017,"records":2228764,"rate":10537.646546259546},{"elapsedMs":215020,"records":2238493,"rate":9696.004090846676},{"elapsedMs":216024,"records":2249016,"rate":10489.056103317651},{"elapsedMs":217060,"records":2259503,"rate":10117.524438370401},{"elapsedMs":218071,"records":2270017,"rate":10403.280054264713},{"elapsedMs":219074,"records":2280053,"rate":10002.335469587082},{"elapsedMs":220086,"records":2291875,"rate":11684.55505792044},{"elapsedMs":221094,"records":2303039,"rate":11078.865378544402},{"elapsedMs":222154,"records":2314813,"rate":11106.554380062202},{"elapsedMs":223236,"records":2324231,"rate":8700.449627559785},{"elapsedMs":224290,"records":2335335,"rate":10534.50300811908},{"elapsedMs":225365,"records":2345264,"rate":9240.668026049065},{"elapsedMs":226404,"records":2356251,"rate":10576.419421330256},{"elapsedMs":227443,"records":2368484,"rate":11764.453668523252},{"elapsedMs":228445,"records":2380238,"rate":11731.522403075707},{"elapsedMs":229513,"records":2392264,"rate":11268.258444941524},{"elapsedMs":230527,"records":2402683,"rate":10270.738875012701},{"elapsedMs":231580,"records":2414314,"rate":11045.302584421417},{"elapsedMs":232593,"records":2423399,"rate":8972.924059919462},{"elapsedMs":233632,"records":2433596,"rate":9807.378583441281},{"elapsedMs":234634,"records":2445510,"rate":11897.38480243324},{"elapsedMs":235660,"records":2456420,"rate":10633.967025074146},{"elapsedMs":236660,"records":2466551,"rate":10128.931155682521},{"elapsedMs":237681,"records":2477600,"rate":10819.081884094434},{"elapsedMs":238754,"records":2489031,"rate":10654.052338289819},{"elapsedMs":239804,"records":2500317,"rate":10750.622575688052},{"elapsedMs":240875,"records":2510887,"rate":9868.051372298696},{"elapsedMs":241904,"records":2521323,"rate":10144.991753582794},{"elapsedMs":242941,"records":2531051,"rate":9377.35002182504},{"elapsedMs":244005,"records":2542567,"rate":10825.342682210572},{"elapsedMs":245022,"records":2553816,"rate":11058.772067807187},{"elapsedMs":246041,"records":2563891,"rate":9889.236458550975},{"elapsedMs":247108,"records":2574376,"rate":9820.674336748512},{"elapsedMs":248145,"records":2586316,"rate":11521.864341868382},{"elapsedMs":249145,"records":2595629,"rate":9306.230480436381},{"elapsedMs":250168,"records":2607377,"rate":11484.396263802519},{"elapsedMs":251194,"records":2616890,"rate":9273.51381483678},{"elapsedMs":252237,"records":2628197,"rate":10844.996376249055},{"elapsedMs":253304,"records":2640227,"rate":11274.975483582715},{"elapsedMs":254381,"records":2651512,"rate":10473.65888387436},{"elapsedMs":255439,"records":2661483,"rate":9429.157392943951},{"elapsedMs":256440,"records":2673129,"rate":11629.399509006273},{"elapsedMs":257522,"records":2685810,"rate":11719.971155248028},{"elapsedMs":258526,"records":2695615,"rate":9767.061471047919},{"elapsedMs":259555,"records":2707623,"rate":11664.894146107901},{"elapsedMs":260636,"records":2718025,"rate":9630.448954680222},{"elapsedMs":261667,"records":2727554,"rate":9237.946925442335},{"elapsedMs":262704,"records":2739139,"rate":11174.111612962524},{"elapsedMs":263738,"records":2751142,"rate":11608.167060701706},{"elapsedMs":264786,"records":2762642,"rate":10969.76671625421},{"elapsedMs":265792,"records":2773372,"rate":10665.098873939998},{"elapsedMs":266800,"records":2781215,"rate":7782.449940127528},{"elapsedMs":267895,"records":2793032,"rate":10792.326184278314},{"elapsedMs":268926,"records":2804065,"rate":10699.907420149357},{"elapsedMs":269951,"records":2813471,"rate":9174.568446627949},{"elapsedMs":271025,"records":2826553,"rate":12184.774620402426},{"elapsedMs":272052,"records":2839323,"rate":12434.141406469844},{"elapsedMs":273067,"records":2848683,"rate":9223.738095291521},{"elapsedMs":274109,"records":2857335,"rate":8298.420883016435},{"elapsedMs":275111,"records":2867352,"rate":9996.836790064748},{"elapsedMs":276144,"records":2878998,"rate":11278.173633828155},{"elapsedMs":277178,"records":2891176,"rate":11780.303332634367},{"elapsedMs":278178,"records":2903002,"rate":11824.04164310286},{"elapsedMs":279237,"records":2914066,"rate":10448.931474975256},{"elapsedMs":280350,"records":2925386,"rate":10168.19781910517},{"elapsedMs":281446,"records":2936375,"rate":10023.59765045886},{"elapsedMs":282472,"records":2948161,"rate":11488.922307708917},{"elapsedMs":283520,"records":2958709,"rate":10064.556573413513},{"elapsedMs":284544,"records":2969985,"rate":11012.539668154775},{"elapsedMs":285633,"records":2980176,"rate":9364.220120402755},{"elapsedMs":286644,"records":2990995,"rate":10698.330407422205},{"elapsedMs":287678,"records":3001653,"rate":10305.43931703941},{"elapsedMs":288688,"records":3013133,"rate":11363.611988292703},{"elapsedMs":289751,"records":3024325,"rate":10531.4862456456},{"elapsedMs":290810,"records":3035514,"rate":10562.32244266574},{"elapsedMs":291878,"records":3046857,"rate":10621.171454759831},{"elapsedMs":292947,"records":3057903,"rate":10332.195539039874},{"elapsedMs":293996,"records":3069002,"rate":10582.311992441726},{"elapsedMs":295062,"records":3077675,"rate":8138.823574952215},{"elapsedMs":296066,"records":3090145,"rate":12414.636914266193},{"elapsedMs":297069,"records":3101464,"rate":11291.22874866106},{"elapsedMs":298167,"records":3112358,"rate":9917.789491032509},{"elapsedMs":299183,"records":3122372,"rate":9857.509978725655},{"elapsedMs":300211,"records":3132276,"rate":9634.195154696721},{"elapsedMs":301248,"records":3141567,"rate":8958.41151032249}]}}
