SLF4J(W): No SLF4J providers were found.
SLF4J(W): Defaulting to no-operation (NOP) logger implementation
SLF4J(W): See https://www.slf4j.org/codes.html#noProviders for further details.
{"ready":{"verifiedRecords":0,"resolvedRecords":0,"sourceTrades":0,"sourceAcceptedOrders":64,"sourceCommands":64,"preflightAcceptedOrders":64,"preflightContexts":0,"sourceTopicId":"2y1C_MtOThuxfpaEBPr7xQ","verifiedTopicId":"8KKKlRlKT1G4t8GmtdGTdA","resolvedTopicId":"xRTJnhBBSVijehb6PgBp-g","sourceCommittedEnds":{"0":6,"1":9,"2":9,"3":9,"4":9,"5":9,"6":6,"7":9,"8":6,"9":3,"10":6,"11":6,"12":9,"13":6,"14":9,"15":9},"verifiedCommittedEnds":{"12":0,"11":0,"14":0,"13":0,"15":0,"4":0,"3":0,"6":0,"5":0,"8":0,"7":0,"10":0,"9":0,"0":0,"2":0,"1":0},"resolvedCommittedEnds":{"1":0,"2":0,"0":0,"5":0,"6":0,"3":0,"4":0,"9":0,"10":0,"7":0,"8":0,"13":0,"14":0,"11":0,"12":0,"15":0}}}
OBSERVER_READY
{"window":{"records":0,"verifiedRecords":0,"elapsedMs":1352,"rate":0.0}}
{"window":{"records":3235,"verifiedRecords":3235,"elapsedMs":2457,"rate":2927.3532260066886}}
{"window":{"records":8532,"verifiedRecords":8532,"elapsedMs":3470,"rate":5231.53001759481}}
{"window":{"records":18719,"verifiedRecords":18719,"elapsedMs":4503,"rate":9864.938924601112}}
{"window":{"records":28316,"verifiedRecords":28316,"elapsedMs":5513,"rate":9496.847424668525}}
{"window":{"records":39282,"verifiedRecords":39282,"elapsedMs":6577,"rate":10306.76916031465}}
{"window":{"records":51034,"verifiedRecords":51034,"elapsedMs":7668,"rate":10774.421067444815}}
{"window":{"records":65519,"verifiedRecords":65519,"elapsedMs":8733,"rate":13592.99269505722}}
{"window":{"records":78269,"verifiedRecords":78269,"elapsedMs":9756,"rate":12462.782198027408}}
{"window":{"records":88710,"verifiedRecords":88710,"elapsedMs":10820,"rate":9813.846151852049}}
{"window":{"records":99705,"verifiedRecords":99705,"elapsedMs":11838,"rate":10809.873702656252}}
{"window":{"records":111555,"verifiedRecords":111555,"elapsedMs":12855,"rate":11641.488324730728}}
{"window":{"records":121774,"verifiedRecords":121774,"elapsedMs":13879,"rate":9987.417583732853}}
{"window":{"records":131432,"verifiedRecords":131432,"elapsedMs":14881,"rate":9637.426494154179}}
{"window":{"records":142895,"verifiedRecords":142895,"elapsedMs":15907,"rate":11172.035049934046}}
{"window":{"records":154263,"verifiedRecords":154263,"elapsedMs":16983,"rate":10564.402850567321}}
{"window":{"records":164215,"verifiedRecords":164215,"elapsedMs":18004,"rate":9746.951748329451}}
{"window":{"records":176123,"verifiedRecords":176123,"elapsedMs":19011,"rate":11822.309911612567}}
{"window":{"records":185871,"verifiedRecords":185871,"elapsedMs":20022,"rate":9640.105929297271}}
{"window":{"records":196808,"verifiedRecords":196808,"elapsedMs":21048,"rate":10660.271338205177}}
{"window":{"records":208117,"verifiedRecords":208117,"elapsedMs":22085,"rate":10903.69599041624}}
{"window":{"records":219566,"verifiedRecords":219566,"elapsedMs":23125,"rate":11013.055531481297}}
{"window":{"records":229786,"verifiedRecords":229786,"elapsedMs":24177,"rate":9712.816543934316}}
{"window":{"records":239709,"verifiedRecords":239709,"elapsedMs":25206,"rate":9650.052285525657}}
{"window":{"records":251800,"verifiedRecords":251800,"elapsedMs":26230,"rate":11807.857899446924}}
{"window":{"records":262531,"verifiedRecords":262531,"elapsedMs":27275,"rate":10262.384861416433}}
{"window":{"records":273757,"verifiedRecords":273757,"elapsedMs":28296,"rate":10992.737765204047}}
{"window":{"records":283961,"verifiedRecords":283961,"elapsedMs":29332,"rate":9854.101785561023}}
{"window":{"records":294794,"verifiedRecords":294794,"elapsedMs":30335,"rate":10797.200521224615}}
{"window":{"records":304628,"verifiedRecords":304628,"elapsedMs":31425,"rate":9023.330456768255}}
{"window":{"records":316626,"verifiedRecords":316626,"elapsedMs":32439,"rate":11828.118144539965}}
{"window":{"records":327808,"verifiedRecords":327808,"elapsedMs":33545,"rate":10114.32663351696}}
{"window":{"records":338692,"verifiedRecords":338692,"elapsedMs":34604,"rate":10281.115791511513}}
{"window":{"records":350086,"verifiedRecords":350086,"elapsedMs":35631,"rate":11093.198212817812}}
{"window":{"records":360991,"verifiedRecords":360991,"elapsedMs":36638,"rate":10824.409113423104}}
{"window":{"records":371914,"verifiedRecords":371914,"elapsedMs":37656,"rate":10733.595415377658}}
{"window":{"records":382505,"verifiedRecords":382505,"elapsedMs":38659,"rate":10559.919948568095}}
{"window":{"records":393156,"verifiedRecords":393156,"elapsedMs":39697,"rate":10257.390171780342}}
{"window":{"records":403564,"verifiedRecords":403564,"elapsedMs":40703,"rate":10349.469434618479}}
{"window":{"records":414328,"verifiedRecords":414328,"elapsedMs":41721,"rate":10575.030372486375}}
{"window":{"records":424662,"verifiedRecords":424662,"elapsedMs":42730,"rate":10241.511886433578}}
{"window":{"records":435469,"verifiedRecords":435469,"elapsedMs":43752,"rate":10572.367014801104}}
{"window":{"records":446777,"verifiedRecords":446777,"elapsedMs":44784,"rate":10956.668486467112}}
{"window":{"records":456975,"verifiedRecords":456975,"elapsedMs":45805,"rate":9984.271277557571}}
{"window":{"records":466186,"verifiedRecords":466186,"elapsedMs":46831,"rate":8977.66377623028}}
{"window":{"records":478967,"verifiedRecords":478967,"elapsedMs":47860,"rate":12421.213839793236}}
{"window":{"records":489228,"verifiedRecords":489228,"elapsedMs":48883,"rate":10029.66330837647}}
{"window":{"records":500996,"verifiedRecords":500996,"elapsedMs":49982,"rate":10715.216567506555}}
{"window":{"records":511310,"verifiedRecords":511310,"elapsedMs":50989,"rate":10241.626694905435}}
{"window":{"records":521641,"verifiedRecords":521641,"elapsedMs":52025,"rate":9969.2764289518}}
{"window":{"records":532844,"verifiedRecords":532844,"elapsedMs":53116,"rate":10268.940969956664}}
{"window":{"records":543325,"verifiedRecords":543325,"elapsedMs":54134,"rate":10291.674358501015}}
{"window":{"records":554343,"verifiedRecords":554343,"elapsedMs":55147,"rate":10876.66900884253}}
{"window":{"records":566444,"verifiedRecords":566444,"elapsedMs":56182,"rate":11698.335953328138}}
{"window":{"records":576430,"verifiedRecords":576430,"elapsedMs":57184,"rate":9962.541949661778}}
{"window":{"records":587586,"verifiedRecords":587586,"elapsedMs":58259,"rate":10375.219747777366}}
{"window":{"records":598689,"verifiedRecords":598689,"elapsedMs":59287,"rate":10805.785076893924}}
{"window":{"records":608369,"verifiedRecords":608369,"elapsedMs":60288,"rate":9672.178022583534}}
{"window":{"records":619493,"verifiedRecords":619493,"elapsedMs":61312,"rate":10855.172997610793}}
{"window":{"records":631436,"verifiedRecords":631436,"elapsedMs":62390,"rate":11088.797566352563}}
{"window":{"records":641831,"verifiedRecords":641831,"elapsedMs":63442,"rate":9874.143858414698}}
{"window":{"records":652619,"verifiedRecords":652619,"elapsedMs":64448,"rate":10726.673803782576}}
{"window":{"records":663742,"verifiedRecords":663742,"elapsedMs":65454,"rate":11054.443568883307}}
{"window":{"records":674548,"verifiedRecords":674548,"elapsedMs":66517,"rate":10166.584912966935}}
{"window":{"records":684829,"verifiedRecords":684829,"elapsedMs":67577,"rate":9695.19720186707}}
{"window":{"records":696436,"verifiedRecords":696436,"elapsedMs":68582,"rate":11560.740172191323}}
{"window":{"records":706991,"verifiedRecords":706991,"elapsedMs":69607,"rate":10294.188157672445}}
{"window":{"records":717475,"verifiedRecords":717475,"elapsedMs":70653,"rate":10017.908454231241}}
{"window":{"records":729034,"verifiedRecords":729034,"elapsedMs":71656,"rate":11531.93311149568}}
{"window":{"records":739924,"verifiedRecords":739924,"elapsedMs":72660,"rate":10848.214024755182}}
{"window":{"records":749876,"verifiedRecords":749876,"elapsedMs":73666,"rate":9892.574887164657}}
{"window":{"records":760351,"verifiedRecords":760351,"elapsedMs":74666,"rate":10471.998023742528}}
{"window":{"records":769776,"verifiedRecords":769776,"elapsedMs":75692,"rate":9180.898267678078}}
{"window":{"records":782269,"verifiedRecords":782269,"elapsedMs":76731,"rate":12025.057420587664}}
{"window":{"records":791917,"verifiedRecords":791917,"elapsedMs":77737,"rate":9591.30022306215}}
{"window":{"records":803728,"verifiedRecords":803728,"elapsedMs":78748,"rate":11689.516686149673}}
{"window":{"records":813614,"verifiedRecords":813614,"elapsedMs":79758,"rate":9787.162296036555}}
{"window":{"records":824731,"verifiedRecords":824731,"elapsedMs":80797,"rate":10694.888782103546}}
{"window":{"records":835160,"verifiedRecords":835160,"elapsedMs":81820,"rate":10193.150865090387}}
{"window":{"records":846393,"verifiedRecords":846393,"elapsedMs":82873,"rate":10669.347271227336}}
{"window":{"records":856336,"verifiedRecords":856336,"elapsedMs":83883,"rate":9841.996919972651}}
{"window":{"records":868147,"verifiedRecords":868147,"elapsedMs":84906,"rate":11555.66646751609}}
{"window":{"records":877893,"verifiedRecords":877893,"elapsedMs":86032,"rate":8653.87357414913}}
{"window":{"records":889077,"verifiedRecords":889077,"elapsedMs":87072,"rate":10752.044235294368}}
{"window":{"records":901454,"verifiedRecords":901454,"elapsedMs":88135,"rate":11639.724333334341}}
{"window":{"records":913051,"verifiedRecords":913051,"elapsedMs":89225,"rate":10642.0360051471}}
{"window":{"records":924171,"verifiedRecords":924171,"elapsedMs":90238,"rate":10975.913692995206}}
{"window":{"records":933755,"verifiedRecords":933755,"elapsedMs":91276,"rate":9236.744578340542}}
{"window":{"records":944064,"verifiedRecords":944064,"elapsedMs":92288,"rate":10186.944694293643}}
{"window":{"records":955514,"verifiedRecords":955514,"elapsedMs":93301,"rate":11296.326190544605}}
{"window":{"records":966541,"verifiedRecords":966541,"elapsedMs":94305,"rate":10982.354444851951}}
{"window":{"records":973481,"verifiedRecords":973481,"elapsedMs":95314,"rate":6880.383479343084}}
{"window":{"records":986394,"verifiedRecords":986394,"elapsedMs":96348,"rate":12494.890247387302}}
{"window":{"records":998902,"verifiedRecords":998902,"elapsedMs":97414,"rate":11727.075930628373}}
{"window":{"records":1010174,"verifiedRecords":1010174,"elapsedMs":98499,"rate":10391.377909423449}}
{"window":{"records":1021223,"verifiedRecords":1021223,"elapsedMs":99530,"rate":10711.23762743599}}
{"window":{"records":1032405,"verifiedRecords":1032405,"elapsedMs":100545,"rate":11023.084326915483}}
{"window":{"records":1043555,"verifiedRecords":1043555,"elapsedMs":101574,"rate":10835.924330798678}}
{"window":{"records":1053695,"verifiedRecords":1053695,"elapsedMs":102576,"rate":10115.821083519602}}
{"window":{"records":1063619,"verifiedRecords":1063619,"elapsedMs":103597,"rate":9719.937988911215}}
{"window":{"records":1074389,"verifiedRecords":1074389,"elapsedMs":104684,"rate":9904.981457695372}}
{"window":{"records":1086428,"verifiedRecords":1086428,"elapsedMs":105686,"rate":12025.30417664305}}
{"window":{"records":1095352,"verifiedRecords":1095352,"elapsedMs":106750,"rate":8384.333960310645}}
{"window":{"records":1107417,"verifiedRecords":1107417,"elapsedMs":107782,"rate":11687.171747340155}}
{"window":{"records":1119437,"verifiedRecords":1119437,"elapsedMs":108863,"rate":11126.899407898156}}
{"window":{"records":1129313,"verifiedRecords":1129313,"elapsedMs":109872,"rate":9781.201000928244}}
{"window":{"records":1139475,"verifiedRecords":1139475,"elapsedMs":110877,"rate":10118.057700365734}}
{"window":{"records":1151931,"verifiedRecords":1151931,"elapsedMs":111893,"rate":12251.256474986005}}
{"window":{"records":1160994,"verifiedRecords":1160994,"elapsedMs":112924,"rate":8797.57709892542}}
{"window":{"records":1173468,"verifiedRecords":1173468,"elapsedMs":113935,"rate":12333.649226295718}}
{"window":{"records":1182645,"verifiedRecords":1182645,"elapsedMs":114952,"rate":9018.4311791842}}
{"window":{"records":1194391,"verifiedRecords":1194391,"elapsedMs":116000,"rate":11210.133201492139}}
{"window":{"records":1205379,"verifiedRecords":1205379,"elapsedMs":117018,"rate":10800.122866239417}}
{"window":{"records":1216370,"verifiedRecords":1216370,"elapsedMs":118055,"rate":10595.31018409695}}
{"window":{"records":1226658,"verifiedRecords":1226658,"elapsedMs":119113,"rate":9723.563733138184}}
{"window":{"records":1237156,"verifiedRecords":1237156,"elapsedMs":120152,"rate":10107.627827345796}}
{"window":{"records":1248078,"verifiedRecords":1248078,"elapsedMs":121193,"rate":10490.988229104483}}
{"window":{"records":1258737,"verifiedRecords":1258737,"elapsedMs":122194,"rate":10650.245051257574}}
{"window":{"records":1269574,"verifiedRecords":1269574,"elapsedMs":123226,"rate":10492.335528496713}}
{"window":{"records":1280758,"verifiedRecords":1280758,"elapsedMs":124329,"rate":10145.316178660782}}
{"window":{"records":1292815,"verifiedRecords":1292815,"elapsedMs":125331,"rate":12033.04971866621}}
{"window":{"records":1303860,"verifiedRecords":1303860,"elapsedMs":126344,"rate":10905.846394878992}}
{"window":{"records":1313247,"verifiedRecords":1313247,"elapsedMs":127344,"rate":9386.464577287583}}
{"window":{"records":1322171,"verifiedRecords":1322171,"elapsedMs":128352,"rate":8845.659513381515}}
{"window":{"records":1333890,"verifiedRecords":1333890,"elapsedMs":129363,"rate":11600.215716696834}}
{"window":{"records":1344917,"verifiedRecords":1344917,"elapsedMs":130370,"rate":10942.320576218255}}
{"window":{"records":1356482,"verifiedRecords":1356482,"elapsedMs":131388,"rate":11363.729397666688}}
{"window":{"records":1366984,"verifiedRecords":1366984,"elapsedMs":132413,"rate":10243.120494190087}}
{"window":{"records":1378353,"verifiedRecords":1378353,"elapsedMs":133455,"rate":10912.118240745514}}
{"window":{"records":1387740,"verifiedRecords":1387740,"elapsedMs":134475,"rate":9207.47645440227}}
{"window":{"records":1399595,"verifiedRecords":1399595,"elapsedMs":135487,"rate":11717.632240401193}}
{"window":{"records":1408722,"verifiedRecords":1408722,"elapsedMs":136504,"rate":8967.163670263923}}
{"window":{"records":1420835,"verifiedRecords":1420835,"elapsedMs":137596,"rate":11099.4135731636}}
{"window":{"records":1431002,"verifiedRecords":1431002,"elapsedMs":138601,"rate":10115.279302401628}}
{"window":{"records":1442080,"verifiedRecords":1442080,"elapsedMs":139613,"rate":10941.574972455934}}
{"window":{"records":1453320,"verifiedRecords":1453320,"elapsedMs":140653,"rate":10811.897938465312}}
{"window":{"records":1464362,"verifiedRecords":1464362,"elapsedMs":141661,"rate":10950.300801351581}}
{"window":{"records":1474526,"verifiedRecords":1474526,"elapsedMs":142667,"rate":10108.162510293141}}
{"window":{"records":1485275,"verifiedRecords":1485275,"elapsedMs":143673,"rate":10686.961738257025}}
{"window":{"records":1494804,"verifiedRecords":1494804,"elapsedMs":144730,"rate":9014.821610771598}}
{"window":{"records":1507135,"verifiedRecords":1507135,"elapsedMs":145769,"rate":11866.345544167616}}
{"window":{"records":1516756,"verifiedRecords":1516756,"elapsedMs":146801,"rate":9324.689346632073}}
{"window":{"records":1529153,"verifiedRecords":1529153,"elapsedMs":147813,"rate":12242.716261287094}}
{"window":{"records":1539537,"verifiedRecords":1539537,"elapsedMs":148861,"rate":9905.787376524751}}
{"window":{"records":1550089,"verifiedRecords":1550089,"elapsedMs":149903,"rate":10133.60863354261}}
{"window":{"records":1560916,"verifiedRecords":1560916,"elapsedMs":150910,"rate":10745.060841542547}}
{"window":{"records":1571944,"verifiedRecords":1571944,"elapsedMs":151947,"rate":10636.316742506588}}
{"window":{"records":1582771,"verifiedRecords":1582771,"elapsedMs":152997,"rate":10314.89675407605}}
{"window":{"records":1594104,"verifiedRecords":1594104,"elapsedMs":154046,"rate":10798.014612033823}}
{"window":{"records":1604557,"verifiedRecords":1604557,"elapsedMs":155100,"rate":9917.090740096639}}
{"window":{"records":1616019,"verifiedRecords":1616019,"elapsedMs":156161,"rate":10807.272886197463}}
{"window":{"records":1627553,"verifiedRecords":1627553,"elapsedMs":157217,"rate":10917.548795427767}}
{"window":{"records":1638439,"verifiedRecords":1638439,"elapsedMs":158283,"rate":10211.890949270939}}
{"window":{"records":1649007,"verifiedRecords":1649007,"elapsedMs":159314,"rate":10258.323016800869}}
{"window":{"records":1660153,"verifiedRecords":1660153,"elapsedMs":160328,"rate":10987.101787178379}}
{"window":{"records":1671402,"verifiedRecords":1671402,"elapsedMs":161375,"rate":10746.902470476713}}
{"window":{"records":1681579,"verifiedRecords":1681579,"elapsedMs":162413,"rate":9805.217990936924}}
{"window":{"records":1690814,"verifiedRecords":1690814,"elapsedMs":163435,"rate":9035.947120874262}}
{"window":{"records":1703414,"verifiedRecords":1703414,"elapsedMs":164450,"rate":12411.561969275515}}
{"window":{"records":1713724,"verifiedRecords":1713724,"elapsedMs":165495,"rate":9867.097243949003}}
{"window":{"records":1725010,"verifiedRecords":1725010,"elapsedMs":166515,"rate":11058.387054940413}}
{"window":{"records":1735016,"verifiedRecords":1735016,"elapsedMs":167591,"rate":9301.838431392927}}
{"window":{"records":1747192,"verifiedRecords":1747192,"elapsedMs":168608,"rate":11974.648759855327}}
{"window":{"records":1757322,"verifiedRecords":1757322,"elapsedMs":169641,"rate":9808.368083882806}}
{"window":{"records":1768384,"verifiedRecords":1768384,"elapsedMs":170654,"rate":10914.369498654456}}
{"window":{"records":1778732,"verifiedRecords":1778732,"elapsedMs":171663,"rate":10262.142635398775}}
{"window":{"records":1789742,"verifiedRecords":1789742,"elapsedMs":172684,"rate":10781.588891117715}}
{"window":{"records":1799991,"verifiedRecords":1799991,"elapsedMs":173692,"rate":10169.974629113434}}
{"window":{"records":1810715,"verifiedRecords":1810715,"elapsedMs":174697,"rate":10671.08253920248}}
{"window":{"records":1821218,"verifiedRecords":1821218,"elapsedMs":175712,"rate":10344.063036986061}}
{"window":{"records":1831999,"verifiedRecords":1831999,"elapsedMs":176715,"rate":10747.335304827207}}
{"window":{"records":1842462,"verifiedRecords":1842462,"elapsedMs":177751,"rate":10103.535972810825}}
{"window":{"records":1853456,"verifiedRecords":1853456,"elapsedMs":178760,"rate":10896.96659880016}}
{"window":{"records":1865024,"verifiedRecords":1865024,"elapsedMs":179777,"rate":11372.93146808645}}
{"window":{"records":1873658,"verifiedRecords":1873658,"elapsedMs":180780,"rate":8602.77765516445}}
{"window":{"records":1885608,"verifiedRecords":1885608,"elapsedMs":181781,"rate":11942.184819294927}}
{"window":{"records":1895353,"verifiedRecords":1895353,"elapsedMs":182783,"rate":9720.357271018303}}
{"window":{"records":1906446,"verifiedRecords":1906446,"elapsedMs":183812,"rate":10790.114735551364}}
{"window":{"records":1917797,"verifiedRecords":1917797,"elapsedMs":184876,"rate":10662.018999499938}}
{"window":{"records":1928908,"verifiedRecords":1928908,"elapsedMs":185932,"rate":10525.598653322832}}
{"window":{"records":1939855,"verifiedRecords":1939855,"elapsedMs":186959,"rate":10658.577548555322}}
{"window":{"records":1948594,"verifiedRecords":1948594,"elapsedMs":188001,"rate":8383.711912672785}}
{"window":{"records":1962290,"verifiedRecords":1962290,"elapsedMs":189063,"rate":12894.017366302018}}
{"window":{"records":1971574,"verifiedRecords":1971574,"elapsedMs":190080,"rate":9134.313331089628}}
{"window":{"records":1982602,"verifiedRecords":1982602,"elapsedMs":191106,"rate":10746.764774559246}}
{"window":{"records":1993295,"verifiedRecords":1993295,"elapsedMs":192157,"rate":10169.344435212899}}
{"window":{"records":2004705,"verifiedRecords":2004705,"elapsedMs":193182,"rate":11136.17944376931}}
{"window":{"records":2015835,"verifiedRecords":2015835,"elapsedMs":194214,"rate":10789.52702315856}}
{"window":{"records":2026021,"verifiedRecords":2026021,"elapsedMs":195239,"rate":9931.11503279766}}
{"window":{"records":2037086,"verifiedRecords":2037086,"elapsedMs":196249,"rate":10962.290637611148}}
{"window":{"records":2048026,"verifiedRecords":2048026,"elapsedMs":197280,"rate":10609.547943192838}}
{"window":{"records":2059031,"verifiedRecords":2059031,"elapsedMs":198282,"rate":10983.460511326606}}
{"window":{"records":2069753,"verifiedRecords":2069753,"elapsedMs":199292,"rate":10615.108511070646}}
{"window":{"records":2079016,"verifiedRecords":2079016,"elapsedMs":200306,"rate":9137.823234824129}}
{"window":{"records":2090383,"verifiedRecords":2090383,"elapsedMs":201310,"rate":11321.69810443698}}
{"window":{"records":2099513,"verifiedRecords":2099513,"elapsedMs":202358,"rate":8711.512719289945}}
{"window":{"records":2112492,"verifiedRecords":2112492,"elapsedMs":203371,"rate":12800.62909623213}}
{"window":{"records":2122784,"verifiedRecords":2122784,"elapsedMs":204390,"rate":10108.762664427197}}
{"window":{"records":2133322,"verifiedRecords":2133322,"elapsedMs":205391,"rate":10522.037185738112}}
{"window":{"records":2143409,"verifiedRecords":2143409,"elapsedMs":206422,"rate":9788.767652009887}}
{"window":{"records":2154772,"verifiedRecords":2154772,"elapsedMs":207438,"rate":11182.356478538622}}
{"window":{"records":2164852,"verifiedRecords":2164852,"elapsedMs":208438,"rate":10076.160982665604}}
{"window":{"records":2175762,"verifiedRecords":2175762,"elapsedMs":209439,"rate":10898.284790679696}}
{"window":{"records":2186688,"verifiedRecords":2186688,"elapsedMs":210441,"rate":10901.89635413875}}
{"window":{"records":2197135,"verifiedRecords":2197135,"elapsedMs":211494,"rate":9921.271411225749}}
{"window":{"records":2207929,"verifiedRecords":2207929,"elapsedMs":212525,"rate":10469.341785236642}}
{"window":{"records":2218851,"verifiedRecords":2218851,"elapsedMs":213530,"rate":10870.366217024515}}
{"window":{"records":2229147,"verifiedRecords":2229147,"elapsedMs":214534,"rate":10256.362992912154}}
{"window":{"records":2239784,"verifiedRecords":2239784,"elapsedMs":215577,"rate":10197.07115479344}}
{"window":{"records":2250862,"verifiedRecords":2250862,"elapsedMs":216606,"rate":10765.437619081842}}
{"window":{"records":2261374,"verifiedRecords":2261374,"elapsedMs":217666,"rate":9916.648624976011}}
{"window":{"records":2272776,"verifiedRecords":2272776,"elapsedMs":218777,"rate":10269.64305168822}}
{"window":{"records":2283718,"verifiedRecords":2283718,"elapsedMs":219803,"rate":10658.639618090208}}
{"window":{"records":2294129,"verifiedRecords":2294129,"elapsedMs":220807,"rate":10375.153833131377}}
{"window":{"records":2305426,"verifiedRecords":2305426,"elapsedMs":221807,"rate":11290.078707568955}}
{"window":{"records":2316744,"verifiedRecords":2316744,"elapsedMs":222847,"rate":10880.7567884559}}
{"window":{"records":2326101,"verifiedRecords":2326101,"elapsedMs":223869,"rate":9157.172932316345}}
{"window":{"records":2338325,"verifiedRecords":2338325,"elapsedMs":224884,"rate":12043.845639756779}}
{"window":{"records":2348245,"verifiedRecords":2348245,"elapsedMs":225939,"rate":9405.564966161475}}
{"window":{"records":2359386,"verifiedRecords":2359386,"elapsedMs":226956,"rate":10956.439230378286}}
{"window":{"records":2370155,"verifiedRecords":2370155,"elapsedMs":228076,"rate":9615.914077242192}}
{"window":{"records":2382045,"verifiedRecords":2382045,"elapsedMs":229089,"rate":11727.099343825987}}
{"window":{"records":2393358,"verifiedRecords":2393358,"elapsedMs":230144,"rate":10723.6022220301}}
{"window":{"records":2403544,"verifiedRecords":2403544,"elapsedMs":231151,"rate":10122.24209236431}}
{"window":{"records":2414565,"verifiedRecords":2414565,"elapsedMs":232191,"rate":10590.331798496914}}
{"window":{"records":2423830,"verifiedRecords":2423830,"elapsedMs":233252,"rate":8738.86017100943}}
{"window":{"records":2435733,"verifiedRecords":2435733,"elapsedMs":234262,"rate":11780.98288761016}}
{"window":{"records":2446455,"verifiedRecords":2446455,"elapsedMs":235285,"rate":10477.184849731562}}
{"window":{"records":2457467,"verifiedRecords":2457467,"elapsedMs":236324,"rate":10602.858650470193}}
{"window":{"records":2468003,"verifiedRecords":2468003,"elapsedMs":237340,"rate":10373.815764340303}}
{"window":{"records":2478431,"verifiedRecords":2478431,"elapsedMs":238370,"rate":10124.487270158264}}
{"window":{"records":2490353,"verifiedRecords":2490353,"elapsedMs":239446,"rate":11071.032894830169}}
{"window":{"records":2501959,"verifiedRecords":2501959,"elapsedMs":240455,"rate":11507.342752024962}}
{"window":{"records":2512076,"verifiedRecords":2512076,"elapsedMs":241477,"rate":9901.701521230203}}
{"window":{"records":2522985,"verifiedRecords":2522985,"elapsedMs":242480,"rate":10877.590500570801}}
{"window":{"records":2533193,"verifiedRecords":2533193,"elapsedMs":243529,"rate":9730.231059625785}}
{"window":{"records":2543314,"verifiedRecords":2543314,"elapsedMs":244549,"rate":9920.734672855546}}
{"window":{"records":2554130,"verifiedRecords":2554130,"elapsedMs":245624,"rate":10065.092514797005}}
{"window":{"records":2565356,"verifiedRecords":2565356,"elapsedMs":246651,"rate":10930.713593049062}}
{"window":{"records":2577468,"verifiedRecords":2577468,"elapsedMs":247688,"rate":11670.524943304947}}
{"window":{"records":2588577,"verifiedRecords":2588577,"elapsedMs":248716,"rate":10808.838553372836}}
{"window":{"records":2595880,"verifiedRecords":2595880,"elapsedMs":249725,"rate":7235.280186799856}}
{"window":{"records":2608807,"verifiedRecords":2608807,"elapsedMs":250732,"rate":12845.486805434333}}
{"window":{"records":2619587,"verifiedRecords":2619587,"elapsedMs":251744,"rate":10654.791106657773}}
{"window":{"records":2629514,"verifiedRecords":2629514,"elapsedMs":252749,"rate":9869.185894524071}}
{"window":{"records":2640174,"verifiedRecords":2640174,"elapsedMs":253756,"rate":10588.054603082295}}
{"window":{"records":2650282,"verifiedRecords":2650282,"elapsedMs":254765,"rate":10024.921798890653}}
{"window":{"records":2661741,"verifiedRecords":2661741,"elapsedMs":255807,"rate":10993.851516565552}}
{"window":{"records":2672708,"verifiedRecords":2672708,"elapsedMs":256872,"rate":10300.692814717868}}
{"window":{"records":2684466,"verifiedRecords":2684466,"elapsedMs":257959,"rate":10808.209651683235}}
{"window":{"records":2695552,"verifiedRecords":2695552,"elapsedMs":259040,"rate":10258.34278835578}}
{"window":{"records":2706744,"verifiedRecords":2706744,"elapsedMs":260062,"rate":10953.29573516705}}
{"window":{"records":2717836,"verifiedRecords":2717836,"elapsedMs":261091,"rate":10780.347778217947}}
{"window":{"records":2728656,"verifiedRecords":2728656,"elapsedMs":262100,"rate":10716.835720540681}}
{"window":{"records":2739451,"verifiedRecords":2739451,"elapsedMs":263101,"rate":10783.735482454795}}
{"window":{"records":2750208,"verifiedRecords":2750208,"elapsedMs":264118,"rate":10577.80275517217}}
{"window":{"records":2760753,"verifiedRecords":2760753,"elapsedMs":265221,"rate":9561.205349722974}}
{"window":{"records":2771996,"verifiedRecords":2771996,"elapsedMs":266236,"rate":11084.366542683414}}
{"window":{"records":2781402,"verifiedRecords":2781402,"elapsedMs":267283,"rate":8977.25419475588}}
{"window":{"records":2793158,"verifiedRecords":2793158,"elapsedMs":268302,"rate":11537.5541907688}}
{"window":{"records":2804391,"verifiedRecords":2804391,"elapsedMs":269342,"rate":10803.769386183809}}
{"window":{"records":2814336,"verifiedRecords":2814336,"elapsedMs":270352,"rate":9844.061045603083}}
{"window":{"records":2825104,"verifiedRecords":2825104,"elapsedMs":271353,"rate":10765.080865316995}}
{"window":{"records":2836597,"verifiedRecords":2836597,"elapsedMs":272375,"rate":11238.925357016082}}
{"window":{"records":2847590,"verifiedRecords":2847590,"elapsedMs":273382,"rate":10915.669749659713}}
{"window":{"records":2856808,"verifiedRecords":2856808,"elapsedMs":274417,"rate":8905.58538548804}}
{"window":{"records":2866779,"verifiedRecords":2866779,"elapsedMs":275446,"rate":9689.717980976817}}
{"window":{"records":2879234,"verifiedRecords":2879234,"elapsedMs":276501,"rate":11813.13525680211}}
{"window":{"records":2890830,"verifiedRecords":2890830,"elapsedMs":277592,"rate":10626.31103349485}}
{"window":{"records":2901440,"verifiedRecords":2901440,"elapsedMs":278649,"rate":10037.043720095753}}
{"window":{"records":2913100,"verifiedRecords":2913100,"elapsedMs":279748,"rate":10608.440933926344}}
{"window":{"records":2924246,"verifiedRecords":2924246,"elapsedMs":280793,"rate":10665.602165697886}}
{"window":{"records":2933709,"verifiedRecords":2933709,"elapsedMs":281824,"rate":9181.381023961285}}
{"window":{"records":2946730,"verifiedRecords":2946730,"elapsedMs":282856,"rate":12615.133315829808}}
{"window":{"records":2956639,"verifiedRecords":2956639,"elapsedMs":283888,"rate":9600.198414564}}
{"window":{"records":2967467,"verifiedRecords":2967467,"elapsedMs":284895,"rate":10756.492173833385}}
{"window":{"records":2978282,"verifiedRecords":2978282,"elapsedMs":285961,"rate":10139.954492784316}}
{"window":{"records":2989818,"verifiedRecords":2989818,"elapsedMs":286965,"rate":11490.25823565529}}
{"window":{"records":2999558,"verifiedRecords":2999558,"elapsedMs":287977,"rate":9632.024999752772}}
{"window":{"records":3010706,"verifiedRecords":3010706,"elapsedMs":288995,"rate":10944.66141211391}}
{"window":{"records":3021344,"verifiedRecords":3021344,"elapsedMs":290005,"rate":10539.480007875067}}
{"window":{"records":3032666,"verifiedRecords":3032666,"elapsedMs":291031,"rate":11029.646792385533}}
{"window":{"records":3041973,"verifiedRecords":3041973,"elapsedMs":292033,"rate":9291.630862057165}}
{"window":{"records":3053997,"verifiedRecords":3053997,"elapsedMs":293046,"rate":11871.097299014371}}
{"window":{"records":3064715,"verifiedRecords":3064715,"elapsedMs":294059,"rate":10580.216475315863}}
{"window":{"records":3073498,"verifiedRecords":3073498,"elapsedMs":295104,"rate":8398.026423440188}}
{"window":{"records":3085104,"verifiedRecords":3085104,"elapsedMs":296108,"rate":11562.98951790591}}
{"window":{"records":3096115,"verifiedRecords":3096115,"elapsedMs":297132,"rate":10751.182882761603}}
{"window":{"records":3106877,"verifiedRecords":3106877,"elapsedMs":298146,"rate":10618.758249968294}}
{"window":{"records":3117212,"verifiedRecords":3117212,"elapsedMs":299212,"rate":9696.52844813442}}
{"window":{"records":3127558,"verifiedRecords":3127558,"elapsedMs":300271,"rate":9763.851502656464}}
{"window":{"records":3140142,"verifiedRecords":3140142,"elapsedMs":301293,"rate":12314.086009497083}}
{"result":{"pass":true,"records":3142846,"verifiedRecords":3142846,"expected":3142846,"unique":3142846,"duplicates":0,"orderedExactSourceLinks":true,"initialVerifiedRecords":0,"initialResolvedRecords":0,"sourceTrades":3142846,"sourceBatches":33560,"sourceAcceptedOrders":3142910,"sourceCommands":3142910,"initialSourceAcceptedOrders":64,"sourceCommittedEnds":{"0":6408,"1":6573,"2":6156,"3":6048,"4":6105,"5":6552,"6":6165,"7":6543,"8":6147,"9":6552,"10":6336,"11":6123,"12":6156,"13":6081,"14":6132,"15":6603},"verifiedCommittedEnds":{"12":200616,"11":200558,"14":200610,"13":200516,"15":200849,"4":200538,"3":200490,"6":200616,"5":200824,"8":200607,"7":200820,"10":200733,"9":200834,"0":200770,"2":200591,"1":200852},"latency":{"samples":3142846,"p50MsUpper":212,"p95MsUpper":336,"p99MsUpper":416,"maxMs":628.809083,"histogramCeilingMs":600000,"overflowSamples":0,"resolution":"1ms ceiling buckets; overflow percentile upper is observed maximum"},"batchEntryTiming":{"matchingWork":{"samples":3142846,"p50MsUpper":6,"p95MsUpper":31,"p99MsUpper":50,"maxMs":148.315291,"histogramCeilingMs":600000,"overflowSamples":0,"resolution":"1ms ceiling buckets; overflow percentile upper is observed maximum"},"entryToVerifiedVisibilityUpper":{"samples":3142846,"p50MsUpper":221,"p95MsUpper":348,"p99MsUpper":433,"maxMs":673.165834,"histogramCeilingMs":600000,"overflowSamples":0,"resolution":"1ms ceiling buckets; overflow percentile upper is observed maximum"},"semantics":"trade-weighted batch createdAt before matching execution to workFinishedAt, and createdAt to read_committed verified poll-return visibility upper bound; conservative whole-batch path bound, not individual command matching acceptance latency; createdAt is metadata excluded from payload and timing checksums; workFinishedAt timing integrity checked"},"timestampDiagnostics":{"producerCreateTimeMinusWorkFinished":{"samples":3142846,"p50MsUpper":151,"p95MsUpper":260,"p99MsUpper":321,"maxMs":594.109654,"histogramCeilingMs":600000,"overflowSamples":0,"resolution":"1ms ceiling buckets; overflow percentile upper is observed maximum"},"visibilityMinusProducerCreateTime":{"samples":3142846,"p50MsUpper":52,"p95MsUpper":130,"p99MsUpper":181,"maxMs":487.766805,"histogramCeilingMs":600000,"overflowSamples":0,"resolution":"1ms ceiling buckets; overflow percentile upper is observed maximum"},"applicableCreateTimeSamples":3142846,"producerMillisecondRoundingAdjustedSamples":0,"unknownOrLogAppendTimeOmittedSamples":0,"semantics":"CreateTime only: producer creation minus matching work is processing/publication diagnostic, not durable latency; visibility minus producer creation includes transaction commit and observer delivery/processing, not pure observer lag; producer timestamp truncation permits negative work delta up to999999ns, clamped0 and counted"},"observerCost":"all verified records plus full source checksum validation once per source batch; four bounded source readers; live CPU/fetch overhead included","latencySemantics":"batch matching workFinishedAt to observer poll-return read_committed verified visibility upper bound; includes checksum/source publication/extractor/verifier transaction/fetch/scheduling; not semantic acceptedAt, individual matching acceptance or producer timestamp","recordTimestampTypes":["CreateTime"],"recordTimestampsUsedForLatency":false,"clockAssumption":"matching and observer wall clocks share local host; negative intervals fail; wall steps reported","maxObservedWallStepMs":4.455654,"windowStartEpochMs":1790924290865,"windowDurationMs":300000,"verifiedObservedWithinFixedWindow":3139226,"observationsBeforeStartCommand":0,"elapsedMs":302379,"activeMs":300205,"finishElapsedMs":301296,"drainAfterFinishMs":577,"drainAfterMarkMs":null}}
